 ray

 Timestamp is 58da4238 (Tue Mar 28 19:00:08 2017)

 Preferred load address is 00400000

 Start         Length     Name                   Class
 0001:00000000 000001e0H .text$di                CODE
 0001:000001e0 00072e80H .text$mn                CODE
 0001:00073060 00002480H .text$x                 CODE
 0001:000754e0 000000d9H .text$yd                CODE
 0002:00000000 000006b8H .idata$5                DATA
 0002:000006b8 00000004H .00cfg                  DATA
 0002:000006bc 00000004H .CRT$XCA                DATA
 0002:000006c0 00000004H .CRT$XCAA               DATA
 0002:000006c4 00000004H .CRT$XCL                DATA
 0002:000006c8 0000002cH .CRT$XCU                DATA
 0002:000006f4 00000004H .CRT$XCZ                DATA
 0002:000006f8 00000004H .CRT$XIA                DATA
 0002:000006fc 00000004H .CRT$XIAA               DATA
 0002:00000700 00000004H .CRT$XIAC               DATA
 0002:00000704 00000004H .CRT$XIC                DATA
 0002:00000708 00000004H .CRT$XIZ                DATA
 0002:0000070c 00000004H .CRT$XLA                DATA
 0002:00000710 00000004H .CRT$XLZ                DATA
 0002:00000714 00000004H .CRT$XPA                DATA
 0002:00000718 00000004H .CRT$XPZ                DATA
 0002:0000071c 00000004H .CRT$XTA                DATA
 0002:00000720 00000010H .CRT$XTZ                DATA
 0002:00000730 00007cb4H .rdata                  DATA
 0002:000083e4 00000018H .rdata$T                DATA
 0002:000083fc 000024a8H .rdata$r                DATA
 0002:0000a8a4 000003bcH .rdata$zzzdbg           DATA
 0002:0000ac60 00000004H .rtc$IAA                DATA
 0002:0000ac64 00000004H .rtc$IZZ                DATA
 0002:0000ac68 00000004H .rtc$TAA                DATA
 0002:0000ac6c 00000004H .rtc$TZZ                DATA
 0002:0000ac70 000025e4H .xdata$x                DATA
 0002:0000d254 00000000H .edata                  DATA
 0002:0000d254 000001b8H .idata$2                DATA
 0002:0000d40c 00000014H .idata$3                DATA
 0002:0000d420 000006b8H .idata$4                DATA
 0002:0000dad8 00002472H .idata$6                DATA
 0003:00000000 00001e88H .data                   DATA
 0003:00001e88 00000e68H .data$r                 DATA
 0003:00002cf0 000055e0H .bss                    DATA
 0004:00000000 00000058H .gfids$y                DATA
 0005:00000000 00000004H .tls                    DATA
 0005:00000004 00000004H .tls$                   DATA
 0005:00000008 00000001H .tls$ZZZ                DATA
 0006:00000000 00000060H .rsrc$01                DATA
 0006:00000060 00000180H .rsrc$02                DATA

  Address         Publics by Value              Rva+Base       Lib:Object

 0000:00000000       ___safe_se_handler_table   00000000     <absolute>
 0000:00000000       ___dynamic_value_reloc_table 00000000     <absolute>
 0000:00000000       ___safe_se_handler_count   00000000     <absolute>
 0000:00000000       ___guard_iat_table         00000000     <absolute>
 0000:00000000       ___guard_fids_count        00000000     <absolute>
 0000:00000000       ___guard_longjmp_table     00000000     <absolute>
 0000:00000000       ___guard_iat_count         00000000     <absolute>
 0000:00000000       ___guard_longjmp_count     00000000     <absolute>
 0000:00000000       ___guard_fids_table        00000000     <absolute>
 0000:0000002c       __tls_array                0000002c     <absolute>
 0000:00000100       ___guard_flags             00000100     <absolute>
 0000:00000000       ___ImageBase               00400000     <linker-defined>
 0001:000001e0       ?GetOption@@YAHHPAPADPAD0@Z 004011e0 f   getopt.obj
 0001:000002c0       ?getopt@@YAHHPAPADPAD@Z    004012c0 f   getopt.obj
 0001:00000300       ??$__vcrt_va_start_verify_argument_type@QBD@@YAXXZ 00401300 f i main.obj
 0001:00000310       ??_H@YGXPAXIIP6EPAX0@Z@Z   00401310 f i main.obj
 0001:00000340       ?processArgs@@YA_NHPAPAD@Z 00401340 f   main.obj
 0001:00000430       ?usage@@YAXXZ              00401430 f   main.obj
 0001:00000450       ___local_stdio_printf_options 00401450 f i main.obj
 0001:00000460       _fprintf                   00401460 f i main.obj
 0001:00000490       _main                      00401490 f   main.obj
 0001:000006c0       ??0RayTracer@@QAE@XZ       004016c0 f   RayTracer.obj
 0001:000006f0       ??0vec3f@@QAE@XZ           004016f0 f i RayTracer.obj
 0001:00000700       ??1?$basic_string@DU?$char_traits@D@std@@V?$allocator@D@2@@std@@QAE@XZ 00401700 f i RayTracer.obj
 0001:00000740       ??1ParseError@@QAE@XZ      00401740 f i RayTracer.obj
 0001:00000780       ??1RayTracer@@QAE@XZ       00401780 f   RayTracer.obj
 0001:000007a0       ??1isect@@QAE@XZ           004017a0 f i RayTracer.obj
 0001:000007c0       ?_Copy@?$basic_string@DU?$char_traits@D@std@@V?$allocator@D@2@@std@@QAEXII@Z 004017c0 f i RayTracer.obj
 0001:00000970       ?_Deallocate@std@@YAXPAXII@Z 00401970 f i RayTracer.obj
 0001:000009e0       ?allocate@?$_Wrap_alloc@V?$allocator@D@std@@@std@@QAEPADI@Z 004019e0 f i RayTracer.obj
 0001:00000a40       ?aspectRatio@RayTracer@@QAENXZ 00401a40 f   RayTracer.obj
 0001:00000a80       ?assign@?$basic_string@DU?$char_traits@D@std@@V?$allocator@D@2@@std@@QAEAAV12@ABV12@II@Z 00401a80 f i RayTracer.obj
 0001:00000ba0       ?assign@?$basic_string@DU?$char_traits@D@std@@V?$allocator@D@2@@std@@QAEAAV12@PBDI@Z 00401ba0 f i RayTracer.obj
 0001:00000ca0       ?erase@?$basic_string@DU?$char_traits@D@std@@V?$allocator@D@2@@std@@QAEAAV12@II@Z 00401ca0 f i RayTracer.obj
 0001:00000d40       ?getBuffer@RayTracer@@QAEXAAPAEAAH1@Z 00401d40 f   RayTracer.obj
 0001:00000d60       ?loadScene@RayTracer@@QAE_NPAD@Z 00401d60 f   RayTracer.obj
 0001:00000eb0       ?sceneLoaded@RayTracer@@QAE_NXZ 00401eb0 f   RayTracer.obj
 0001:00000ec0       ?trace@RayTracer@@QAE?AVvec3f@@PAVScene@@NN@Z 00401ec0 f   RayTracer.obj
 0001:00000f90       ?traceLines@RayTracer@@QAEXHH@Z 00401f90 f   RayTracer.obj
 0001:000010f0       ?tracePixel@RayTracer@@QAEXHH@Z 004020f0 f   RayTracer.obj
 0001:00001210       ?traceRay@RayTracer@@QAE?AVvec3f@@PAVScene@@ABVray@@ABV2@H@Z 00402210 f   RayTracer.obj
 0001:000012d0       ?traceSetup@RayTracer@@QAEXHH@Z 004022d0 f   RayTracer.obj
 0001:00001330       ??0TraceGLWindow@@QAE@HHHHPBD@Z 00402330 f   TraceGLWindow.obj
 0001:000013b0       ??_EFl_Gl_Window@@UAEPAXI@Z 004023b0 f i TraceGLWindow.obj
 0001:000013b0       ??_GFl_Gl_Window@@UAEPAXI@Z 004023b0 f i TraceGLWindow.obj
 0001:000013e0       ??_ETraceGLWindow@@UAEPAXI@Z 004023e0 f i TraceGLWindow.obj
 0001:000013e0       ??_GTraceGLWindow@@UAEPAXI@Z 004023e0 f i TraceGLWindow.obj
 0001:00001410       ?as_gl_window@Fl_Gl_Window@@UAEPAV1@XZ 00402410 f i TraceGLWindow.obj
 0001:00001420       ?as_group@Fl_Group@@UAEPAV1@XZ 00402420 f i TraceGLWindow.obj
 0001:00001430       ?as_window@Fl_Window@@UAEPAV1@XZ 00402430 f i TraceGLWindow.obj
 0001:00001440       ?draw@TraceGLWindow@@UAEXXZ 00402440 f   TraceGLWindow.obj
 0001:00001520       ?handle@TraceGLWindow@@UAEHH@Z 00402520 f   TraceGLWindow.obj
 0001:00001530       ?refresh@TraceGLWindow@@QAEXXZ 00402530 f   TraceGLWindow.obj
 0001:00001540       ?resizeWindow@TraceGLWindow@@QAEXHH@Z 00402540 f   TraceGLWindow.obj
 0001:00001570       ?saveImage@TraceGLWindow@@QAEXPAD@Z 00402570 f   TraceGLWindow.obj
 0001:000015c0       ?setRayTracer@TraceGLWindow@@QAEXPAVRayTracer@@@Z 004025c0 f   TraceGLWindow.obj
 0001:000015d0       ?cb_load_scene@TraceUI@@CAXPAVFl_Menu_@@PAX@Z 004025d0 f   TraceUI.obj
 0001:00001670       ?cb_save_image@TraceUI@@CAXPAVFl_Menu_@@PAX@Z 00402670 f   TraceUI.obj
 0001:000016b0       ?cb_exit@TraceUI@@CAXPAVFl_Menu_@@PAX@Z 004026b0 f   TraceUI.obj
 0001:000016e0       ?cb_about@TraceUI@@CAXPAVFl_Menu_@@PAX@Z 004026e0 f   TraceUI.obj
 0001:000016f0       ??0TraceUI@@QAE@XZ         004026f0 f   TraceUI.obj
 0001:00001d40       ?cb_ambientLightSlides@TraceUI@@CAXPAVFl_Widget@@PAX@Z 00402d40 f   TraceUI.obj
 0001:00001d60       ?cb_attenuationConstantSlides@TraceUI@@CAXPAVFl_Widget@@PAX@Z 00402d60 f   TraceUI.obj
 0001:00001d80       ?cb_attenuationLinearSlides@TraceUI@@CAXPAVFl_Widget@@PAX@Z 00402d80 f   TraceUI.obj
 0001:00001da0       ?cb_attenuationQuadricSlides@TraceUI@@CAXPAVFl_Widget@@PAX@Z 00402da0 f   TraceUI.obj
 0001:00001dc0       ?cb_depthSlides@TraceUI@@CAXPAVFl_Widget@@PAX@Z 00402dc0 f   TraceUI.obj
 0001:00001de0       ?cb_exit2@TraceUI@@CAXPAVFl_Widget@@PAX@Z 00402de0 f   TraceUI.obj
 0001:00001e10       ?cb_render@TraceUI@@CAXPAVFl_Widget@@PAX@Z 00402e10 f   TraceUI.obj
 0001:00002020       ?cb_sizeSlides@TraceUI@@CAXPAVFl_Widget@@PAX@Z 00403020 f   TraceUI.obj
 0001:00002070       ?cb_stop@TraceUI@@CAXPAVFl_Widget@@PAX@Z 00403070 f   TraceUI.obj
 0001:00002080       ?getDepth@TraceUI@@QAEHXZ  00403080 f   TraceUI.obj
 0001:00002090       ?getSize@TraceUI@@QAEHXZ   00403090 f   TraceUI.obj
 0001:000020a0       ?setRayTracer@TraceUI@@QAEXPAVRayTracer@@@Z 004030a0 f   TraceUI.obj
 0001:000020c0       ?show@TraceUI@@QAEXXZ      004030c0 f   TraceUI.obj
 0001:000020d0       ?whoami@TraceUI@@CAPAV1@PAVFl_Menu_@@@Z 004030d0 f   TraceUI.obj
 0001:000020e0       _sprintf                   004030e0 f i TraceUI.obj
 0001:00002120       ?readBMP@@YAPAEPADAAH1@Z   00403120 f   bitmap.obj
 0001:00002290       ?writeBMP@@YAXPADHHPAE@Z   00403290 f   bitmap.obj
 0001:00002420       ??$?0U?$_Wrap_alloc@V?$allocator@U?$_Tree_node@U?$pair@$$CBV?$basic_string@DU?$char_traits@D@std@@V?$allocator@D@2@@std@@PAVObj@@@std@@PAX@std@@@std@@@std@@@?$_Tree@V?$_Tmap_traits@V?$basic_string@DU?$char_traits@D@std@@V?$allocator@D@2@@std@@PAVObj@@U?$less@V?$basic_string@DU?$char_traits@D@std@@V?$allocator@D@2@@std@@@2@V?$allocator@U?$pair@$$CBV?$basic_string@DU?$char_traits@D@std@@V?$allocator@D@2@@std@@PAVObj@@@std@@@2@$0A@@std@@@std@@QAE@ABV01@$$QAU?$_Wrap_alloc@V?$allocator@U?$_Tree_node@U?$pair@$$CBV?$basic_string@DU?$char_traits@D@std@@V?$allocator@D@2@@std@@PAVObj@@@std@@PAX@std@@@std@@@1@@Z 00403420 f i parse.obj
 0001:000024b0       ??$?6DU?$char_traits@D@std@@V?$allocator@D@1@@std@@YAAAV?$basic_ostream@DU?$char_traits@D@std@@@0@AAV10@ABV?$basic_string@DU?$char_traits@D@std@@V?$allocator@D@2@@0@@Z 004034b0 f i parse.obj
 0001:000026b0       ??$?6U?$char_traits@D@std@@@std@@YAAAV?$basic_ostream@DU?$char_traits@D@std@@@0@AAV10@D@Z 004036b0 f i parse.obj
 0001:000028c0       ??$?6U?$char_traits@D@std@@@std@@YAAAV?$basic_ostream@DU?$char_traits@D@std@@@0@AAV10@PBD@Z 004038c0 f i parse.obj
 0001:00002b00       ??$?8DU?$char_traits@D@std@@V?$allocator@D@1@@std@@YA_NABV?$basic_string@DU?$char_traits@D@std@@V?$allocator@D@2@@0@PBD@Z 00403b00 f i parse.obj
 0001:00002b70       ??$?HDU?$char_traits@D@std@@V?$allocator@D@1@@std@@YA?AV?$basic_string@DU?$char_traits@D@std@@V?$allocator@D@2@@0@$$QAV10@0@Z 00403b70 f i parse.obj
 0001:00002be0       ??$?HDU?$char_traits@D@std@@V?$allocator@D@1@@std@@YA?AV?$basic_string@DU?$char_traits@D@std@@V?$allocator@D@2@@0@$$QAV10@ABV10@@Z 00403be0 f i parse.obj
 0001:00002c20       ??$_Buynode@AAU?$pair@$$CBV?$basic_string@DU?$char_traits@D@std@@V?$allocator@D@2@@std@@PAVObj@@@std@@@?$_Tree_comp_alloc@V?$_Tmap_traits@V?$basic_string@DU?$char_traits@D@std@@V?$allocator@D@2@@std@@PAVObj@@U?$less@V?$basic_string@DU?$char_traits@D@std@@V?$allocator@D@2@@std@@@2@V?$allocator@U?$pair@$$CBV?$basic_string@DU?$char_traits@D@std@@V?$allocator@D@2@@std@@PAVObj@@@std@@@2@$0A@@std@@@std@@QAEPAU?$_Tree_node@U?$pair@$$CBV?$basic_string@DU?$char_traits@D@std@@V?$allocator@D@2@@std@@PAVObj@@@std@@PAX@1@AAU?$pair@$$CBV?$basic_string@DU?$char_traits@D@std@@V?$allocator@D@2@@std@@PAVObj@@@1@@Z 00403c20 f i parse.obj
 0001:00002ce0       ??$_Buynode@ABUpiecewise_construct_t@std@@V?$tuple@ABV?$basic_string@DU?$char_traits@D@std@@V?$allocator@D@2@@std@@@2@V?$tuple@$$V@2@@?$_Tree_comp_alloc@V?$_Tmap_traits@V?$basic_string@DU?$char_traits@D@std@@V?$allocator@D@2@@std@@PAVObj@@U?$less@V?$basic_string@DU?$char_traits@D@std@@V?$allocator@D@2@@std@@@2@V?$allocator@U?$pair@$$CBV?$basic_string@DU?$char_traits@D@std@@V?$allocator@D@2@@std@@PAVObj@@@std@@@2@$0A@@std@@@std@@QAEPAU?$_Tree_node@U?$pair@$$CBV?$basic_string@DU?$char_traits@D@std@@V?$allocator@D@2@@std@@PAVObj@@@std@@PAX@1@ABUpiecewise_construct_t@1@$$QAV?$tuple@ABV?$basic_string@DU?$char_traits@D@std@@V?$allocator@D@2@@std@@@1@$$QAV?$tuple@$$V@1@@Z 00403ce0 f i parse.obj
 0001:00002da0       ??$_Copy@U_Copy_tag@?$_Tree@V?$_Tmap_traits@V?$basic_string@DU?$char_traits@D@std@@V?$allocator@D@2@@std@@PAVObj@@U?$less@V?$basic_string@DU?$char_traits@D@std@@V?$allocator@D@2@@std@@@2@V?$allocator@U?$pair@$$CBV?$basic_string@DU?$char_traits@D@std@@V?$allocator@D@2@@std@@PAVObj@@@std@@@2@$0A@@std@@@std@@@?$_Tree@V?$_Tmap_traits@V?$basic_string@DU?$char_traits@D@std@@V?$allocator@D@2@@std@@PAVObj@@U?$less@V?$basic_string@DU?$char_traits@D@std@@V?$allocator@D@2@@std@@@2@V?$allocator@U?$pair@$$CBV?$basic_string@DU?$char_traits@D@std@@V?$allocator@D@2@@std@@PAVObj@@@std@@@2@$0A@@std@@@std@@IAEXABV01@U_Copy_tag@01@@Z 00403da0 f i parse.obj
 0001:00002e20       ??$_Copy_nodes@U_Copy_tag@?$_Tree@V?$_Tmap_traits@V?$basic_string@DU?$char_traits@D@std@@V?$allocator@D@2@@std@@PAVObj@@U?$less@V?$basic_string@DU?$char_traits@D@std@@V?$allocator@D@2@@std@@@2@V?$allocator@U?$pair@$$CBV?$basic_string@DU?$char_traits@D@std@@V?$allocator@D@2@@std@@PAVObj@@@std@@@2@$0A@@std@@@std@@@?$_Tree@V?$_Tmap_traits@V?$basic_string@DU?$char_traits@D@std@@V?$allocator@D@2@@std@@PAVObj@@U?$less@V?$basic_string@DU?$char_traits@D@std@@V?$allocator@D@2@@std@@@2@V?$allocator@U?$pair@$$CBV?$basic_string@DU?$char_traits@D@std@@V?$allocator@D@2@@std@@PAVObj@@@std@@@2@$0A@@std@@@std@@IAEPAU?$_Tree_node@U?$pair@$$CBV?$basic_string@DU?$char_traits@D@std@@V?$allocator@D@2@@std@@PAVObj@@@std@@PAX@1@PAU21@0U_Copy_tag@01@@Z 00403e20 f i parse.obj
 0001:00002ee0       ??$_Insert_at@AAU?$pair@$$CBV?$basic_string@DU?$char_traits@D@std@@V?$allocator@D@2@@std@@PAVObj@@@std@@PAU?$_Tree_node@U?$pair@$$CBV?$basic_string@DU?$char_traits@D@std@@V?$allocator@D@2@@std@@PAVObj@@@std@@PAX@2@@?$_Tree@V?$_Tmap_traits@V?$basic_string@DU?$char_traits@D@std@@V?$allocator@D@2@@std@@PAVObj@@U?$less@V?$basic_string@DU?$char_traits@D@std@@V?$allocator@D@2@@std@@@2@V?$allocator@U?$pair@$$CBV?$basic_string@DU?$char_traits@D@std@@V?$allocator@D@2@@std@@PAVObj@@@std@@@2@$0A@@std@@@std@@IAE?AV?$_Tree_iterator@V?$_Tree_val@U?$_Tree_simple_types@U?$pair@$$CBV?$basic_string@DU?$char_traits@D@std@@V?$allocator@D@2@@std@@PAVObj@@@std@@@std@@@std@@@1@_NPAU?$_Tree_node@U?$pair@$$CBV?$basic_string@DU?$char_traits@D@std@@V?$allocator@D@2@@std@@PAVObj@@@std@@PAX@1@AAU?$pair@$$CBV?$basic_string@DU?$char_traits@D@std@@V?$allocator@D@2@@std@@PAVObj@@@1@1@Z 00403ee0 f i parse.obj
 0001:000030b0       ??$_Insert_hint@AAU?$pair@$$CBV?$basic_string@DU?$char_traits@D@std@@V?$allocator@D@2@@std@@PAVObj@@@std@@PAU?$_Tree_node@U?$pair@$$CBV?$basic_string@DU?$char_traits@D@std@@V?$allocator@D@2@@std@@PAVObj@@@std@@PAX@2@@?$_Tree@V?$_Tmap_traits@V?$basic_string@DU?$char_traits@D@std@@V?$allocator@D@2@@std@@PAVObj@@U?$less@V?$basic_string@DU?$char_traits@D@std@@V?$allocator@D@2@@std@@@2@V?$allocator@U?$pair@$$CBV?$basic_string@DU?$char_traits@D@std@@V?$allocator@D@2@@std@@PAVObj@@@std@@@2@$0A@@std@@@std@@IAE?AV?$_Tree_iterator@V?$_Tree_val@U?$_Tree_simple_types@U?$pair@$$CBV?$basic_string@DU?$char_traits@D@std@@V?$allocator@D@2@@std@@PAVObj@@@std@@@std@@@std@@@1@V?$_Tree_const_iterator@V?$_Tree_val@U?$_Tree_simple_types@U?$pair@$$CBV?$basic_string@DU?$char_traits@D@std@@V?$allocator@D@2@@std@@PAVObj@@@std@@@std@@@std@@@1@AAU?$pair@$$CBV?$basic_string@DU?$char_traits@D@std@@V?$allocator@D@2@@std@@PAVObj@@@1@PAU?$_Tree_node@U?$pair@$$CBV?$basic_string@DU?$char_traits@D@std@@V?$allocator@D@2@@std@@PAVObj@@@std@@PAX@1@@Z 004040b0 f i parse.obj
 0001:00003310       ??$_Insert_nohint@AAU?$pair@$$CBV?$basic_string@DU?$char_traits@D@std@@V?$allocator@D@2@@std@@PAVObj@@@std@@PAU?$_Tree_node@U?$pair@$$CBV?$basic_string@DU?$char_traits@D@std@@V?$allocator@D@2@@std@@PAVObj@@@std@@PAX@2@@?$_Tree@V?$_Tmap_traits@V?$basic_string@DU?$char_traits@D@std@@V?$allocator@D@2@@std@@PAVObj@@U?$less@V?$basic_string@DU?$char_traits@D@std@@V?$allocator@D@2@@std@@@2@V?$allocator@U?$pair@$$CBV?$basic_string@DU?$char_traits@D@std@@V?$allocator@D@2@@std@@PAVObj@@@std@@@2@$0A@@std@@@std@@IAE?AU?$pair@V?$_Tree_iterator@V?$_Tree_val@U?$_Tree_simple_types@U?$pair@$$CBV?$basic_string@DU?$char_traits@D@std@@V?$allocator@D@2@@std@@PAVObj@@@std@@@std@@@std@@@std@@_N@1@_NAAU?$pair@$$CBV?$basic_string@DU?$char_traits@D@std@@V?$allocator@D@2@@std@@PAVObj@@@1@PAU?$_Tree_node@U?$pair@$$CBV?$basic_string@DU?$char_traits@D@std@@V?$allocator@D@2@@std@@PAVObj@@@std@@PAX@1@@Z 00404310 f i parse.obj
 0001:00003580       ??$_Lbound@V?$basic_string@DU?$char_traits@D@std@@V?$allocator@D@2@@std@@@?$_Tree@V?$_Tmap_traits@V?$basic_string@DU?$char_traits@D@std@@V?$allocator@D@2@@std@@PAVObj@@U?$less@V?$basic_string@DU?$char_traits@D@std@@V?$allocator@D@2@@std@@@2@V?$allocator@U?$pair@$$CBV?$basic_string@DU?$char_traits@D@std@@V?$allocator@D@2@@std@@PAVObj@@@std@@@2@$0A@@std@@@std@@IBEPAU?$_Tree_node@U?$pair@$$CBV?$basic_string@DU?$char_traits@D@std@@V?$allocator@D@2@@std@@PAVObj@@@std@@PAX@1@ABV?$basic_string@DU?$char_traits@D@std@@V?$allocator@D@2@@1@@Z 00404580 f i parse.obj
 0001:00003660       ??$_Try_emplace@ABV?$basic_string@DU?$char_traits@D@std@@V?$allocator@D@2@@std@@$$V@?$map@V?$basic_string@DU?$char_traits@D@std@@V?$allocator@D@2@@std@@PAVObj@@U?$less@V?$basic_string@DU?$char_traits@D@std@@V?$allocator@D@2@@std@@@2@V?$allocator@U?$pair@$$CBV?$basic_string@DU?$char_traits@D@std@@V?$allocator@D@2@@std@@PAVObj@@@std@@@2@@std@@QAE?AU?$pair@V?$_Tree_iterator@V?$_Tree_val@U?$_Tree_simple_types@U?$pair@$$CBV?$basic_string@DU?$char_traits@D@std@@V?$allocator@D@2@@std@@PAVObj@@@std@@@std@@@std@@@std@@_N@1@ABV?$basic_string@DU?$char_traits@D@std@@V?$allocator@D@2@@1@@Z 00404660 f i parse.obj
 0001:00003710       ??0?$basic_string@DU?$char_traits@D@std@@V?$allocator@D@2@@std@@QAE@PBD@Z 00404710 f i parse.obj
 0001:00003770       ??0?$vector@PAVObj@@V?$allocator@PAVObj@@@std@@@std@@QAE@ABV01@@Z 00404770 f i parse.obj
 0001:00003800       ??0Exception@@QAE@ABV0@@Z  00404800 f i parse.obj
 0001:00003830       ??0IdObj@@QAE@ABV?$basic_string@DU?$char_traits@D@std@@V?$allocator@D@2@@std@@@Z 00404830 f i parse.obj
 0001:000038a0       ??0NamedObj@@QAE@ABV?$basic_string@DU?$char_traits@D@std@@V?$allocator@D@2@@std@@PAVObj@@@Z 004048a0 f i parse.obj
 0001:00003910       ??0ObjTypeMismatch@@QAE@ABV0@@Z 00404910 f i parse.obj
 0001:00003940       ??0ObjTypeMismatch@@QAE@V?$basic_string@DU?$char_traits@D@std@@V?$allocator@D@2@@std@@0@Z 00404940 f i parse.obj
 0001:00003bf0       ??0ParseError@@QAE@ABV0@@Z 00404bf0 f i parse.obj
 0001:00003c20       ??1?$_Tree_comp_alloc@V?$_Tmap_traits@V?$basic_string@DU?$char_traits@D@std@@V?$allocator@D@2@@std@@PAVObj@@U?$less@V?$basic_string@DU?$char_traits@D@std@@V?$allocator@D@2@@std@@@2@V?$allocator@U?$pair@$$CBV?$basic_string@DU?$char_traits@D@std@@V?$allocator@D@2@@std@@PAVObj@@@std@@@2@$0A@@std@@@std@@QAE@XZ 00404c20 f i parse.obj
 0001:00003c30       ??1?$map@V?$basic_string@DU?$char_traits@D@std@@V?$allocator@D@2@@std@@PAVObj@@U?$less@V?$basic_string@DU?$char_traits@D@std@@V?$allocator@D@2@@std@@@2@V?$allocator@U?$pair@$$CBV?$basic_string@DU?$char_traits@D@std@@V?$allocator@D@2@@std@@PAVObj@@@std@@@2@@std@@QAE@XZ 00404c30 f i parse.obj
 0001:00003c90       ??1?$vector@PAVObj@@V?$allocator@PAVObj@@@std@@@std@@QAE@XZ 00404c90 f i parse.obj
 0001:00003cd0       ??1BooleanObj@@UAE@XZ      00404cd0 f i parse.obj
 0001:00003ce0       ??1DictObj@@UAE@XZ         00404ce0 f i parse.obj
 0001:00003db0       ??1IdObj@@UAE@XZ           00404db0 f i parse.obj
 0001:00003e00       ??1NamedObj@@UAE@XZ        00404e00 f i parse.obj
 0001:00003e60       ??1Obj@@UAE@XZ             00404e60 f i parse.obj
 0001:00003e70       ??1ObjTypeMismatch@@QAE@XZ 00404e70 f i parse.obj
 0001:00003eb0       ??1ScalarObj@@UAE@XZ       00404eb0 f i parse.obj
 0001:00003ec0       ??1StringObj@@UAE@XZ       00404ec0 f i parse.obj
 0001:00003f10       ??1TupleObj@@UAE@XZ        00404f10 f i parse.obj
 0001:00003fc0       ??1_Sentry_base@?$basic_ostream@DU?$char_traits@D@std@@@std@@QAE@XZ 00404fc0 f i parse.obj
 0001:00004010       ??1sentry@?$basic_ostream@DU?$char_traits@D@std@@@std@@QAE@XZ 00405010 f i parse.obj
 0001:00004080       ??3@YAXPAX0@Z              00405080 f i parse.obj
 0001:00004090       ??E?$_Tree_unchecked_const_iterator@V?$_Tree_val@U?$_Tree_simple_types@U?$pair@$$CBV?$basic_string@DU?$char_traits@D@std@@V?$allocator@D@2@@std@@PAVObj@@@std@@@std@@@std@@U_Iterator_base0@2@@std@@QAEAAV01@XZ 00405090 f i parse.obj
 0001:000040e0       ??F?$_Tree_unchecked_const_iterator@V?$_Tree_val@U?$_Tree_simple_types@U?$pair@$$CBV?$basic_string@DU?$char_traits@D@std@@V?$allocator@D@2@@std@@PAVObj@@@std@@@std@@@std@@U_Iterator_base0@2@@std@@QAEAAV01@XZ 004050e0 f i parse.obj
 0001:00004140       ??R?$less@V?$basic_string@DU?$char_traits@D@std@@V?$allocator@D@2@@std@@@std@@QBE_NABV?$basic_string@DU?$char_traits@D@std@@V?$allocator@D@2@@1@0@Z 00405140 f i parse.obj
 0001:000041a0       ??_EBooleanObj@@UAEPAXI@Z  004051a0 f i parse.obj
 0001:000041a0       ??_GBooleanObj@@UAEPAXI@Z  004051a0 f i parse.obj
 0001:000041d0       ??_GDictObj@@UAEPAXI@Z     004051d0 f i parse.obj
 0001:000041d0       ??_EDictObj@@UAEPAXI@Z     004051d0 f i parse.obj
 0001:00004200       ??_EIdObj@@UAEPAXI@Z       00405200 f i parse.obj
 0001:00004200       ??_GIdObj@@UAEPAXI@Z       00405200 f i parse.obj
 0001:00004260       ??_GNamedObj@@UAEPAXI@Z    00405260 f i parse.obj
 0001:00004260       ??_ENamedObj@@UAEPAXI@Z    00405260 f i parse.obj
 0001:00004290       ??_GObj@@UAEPAXI@Z         00405290 f i parse.obj
 0001:00004290       ??_EObj@@UAEPAXI@Z         00405290 f i parse.obj
 0001:000042c0       ??_EScalarObj@@UAEPAXI@Z   004052c0 f i parse.obj
 0001:000042c0       ??_GScalarObj@@UAEPAXI@Z   004052c0 f i parse.obj
 0001:000042f0       ??_EStringObj@@UAEPAXI@Z   004052f0 f i parse.obj
 0001:000042f0       ??_GStringObj@@UAEPAXI@Z   004052f0 f i parse.obj
 0001:00004350       ??_GTupleObj@@UAEPAXI@Z    00405350 f i parse.obj
 0001:00004350       ??_ETupleObj@@UAEPAXI@Z    00405350 f i parse.obj
 0001:00004380       ?_Assign_rv@?$basic_string@DU?$char_traits@D@std@@V?$allocator@D@2@@std@@QAEX$$QAV12@@Z 00405380 f i parse.obj
 0001:000043f0       ?_Buyheadnode@?$_Tree_comp_alloc@V?$_Tmap_traits@V?$basic_string@DU?$char_traits@D@std@@V?$allocator@D@2@@std@@PAVObj@@U?$less@V?$basic_string@DU?$char_traits@D@std@@V?$allocator@D@2@@std@@@2@V?$allocator@U?$pair@$$CBV?$basic_string@DU?$char_traits@D@std@@V?$allocator@D@2@@std@@PAVObj@@@std@@@2@$0A@@std@@@std@@QAEPAU?$_Tree_node@U?$pair@$$CBV?$basic_string@DU?$char_traits@D@std@@V?$allocator@D@2@@std@@PAVObj@@@std@@PAX@2@XZ 004053f0 f i parse.obj
 0001:00004420       ?_Buynode0@?$_Tree_comp_alloc@V?$_Tmap_traits@V?$basic_string@DU?$char_traits@D@std@@V?$allocator@D@2@@std@@PAVObj@@U?$less@V?$basic_string@DU?$char_traits@D@std@@V?$allocator@D@2@@std@@@2@V?$allocator@U?$pair@$$CBV?$basic_string@DU?$char_traits@D@std@@V?$allocator@D@2@@std@@PAVObj@@@std@@@2@$0A@@std@@@std@@QAEPAU?$_Tree_node@U?$pair@$$CBV?$basic_string@DU?$char_traits@D@std@@V?$allocator@D@2@@std@@PAVObj@@@std@@PAX@2@XZ 00405420 f i parse.obj
 0001:00004460       ?_Chassign@?$basic_string@DU?$char_traits@D@std@@V?$allocator@D@2@@std@@QAEXIID@Z 00405460 f i parse.obj
 0001:000044b0       ?_Destroy_if_not_nil@?$_Tree@V?$_Tmap_traits@V?$basic_string@DU?$char_traits@D@std@@V?$allocator@D@2@@std@@PAVObj@@U?$less@V?$basic_string@DU?$char_traits@D@std@@V?$allocator@D@2@@std@@@2@V?$allocator@U?$pair@$$CBV?$basic_string@DU?$char_traits@D@std@@V?$allocator@D@2@@std@@PAVObj@@@std@@@2@$0A@@std@@@std@@IAEXPAU?$_Tree_node@U?$pair@$$CBV?$basic_string@DU?$char_traits@D@std@@V?$allocator@D@2@@std@@PAVObj@@@std@@PAX@2@@Z 004054b0 f i parse.obj
 0001:00004500       ?_Erase@?$_Tree@V?$_Tmap_traits@V?$basic_string@DU?$char_traits@D@std@@V?$allocator@D@2@@std@@PAVObj@@U?$less@V?$basic_string@DU?$char_traits@D@std@@V?$allocator@D@2@@std@@@2@V?$allocator@U?$pair@$$CBV?$basic_string@DU?$char_traits@D@std@@V?$allocator@D@2@@std@@PAVObj@@@std@@@2@$0A@@std@@@std@@IAEXPAU?$_Tree_node@U?$pair@$$CBV?$basic_string@DU?$char_traits@D@std@@V?$allocator@D@2@@std@@PAVObj@@@std@@PAX@2@@Z 00405500 f i parse.obj
 0001:000045b0       ?_Lrotate@?$_Tree@V?$_Tmap_traits@V?$basic_string@DU?$char_traits@D@std@@V?$allocator@D@2@@std@@PAVObj@@U?$less@V?$basic_string@DU?$char_traits@D@std@@V?$allocator@D@2@@std@@@2@V?$allocator@U?$pair@$$CBV?$basic_string@DU?$char_traits@D@std@@V?$allocator@D@2@@std@@PAVObj@@@std@@@2@$0A@@std@@@std@@IAEXPAU?$_Tree_node@U?$pair@$$CBV?$basic_string@DU?$char_traits@D@std@@V?$allocator@D@2@@std@@PAVObj@@@std@@PAX@2@@Z 004055b0 f i parse.obj
 0001:00004610       ?_Reallocate@?$vector@PAVObj@@V?$allocator@PAVObj@@@std@@@std@@IAEXI@Z 00405610 f i parse.obj
 0001:00004670       ?_Reserve@?$vector@PAVObj@@V?$allocator@PAVObj@@@std@@@std@@IAEXI@Z 00405670 f i parse.obj
 0001:000046e0       ?_Rrotate@?$_Tree@V?$_Tmap_traits@V?$basic_string@DU?$char_traits@D@std@@V?$allocator@D@2@@std@@PAVObj@@U?$less@V?$basic_string@DU?$char_traits@D@std@@V?$allocator@D@2@@std@@@2@V?$allocator@U?$pair@$$CBV?$basic_string@DU?$char_traits@D@std@@V?$allocator@D@2@@std@@PAVObj@@@std@@@2@$0A@@std@@@std@@IAEXPAU?$_Tree_node@U?$pair@$$CBV?$basic_string@DU?$char_traits@D@std@@V?$allocator@D@2@@std@@PAVObj@@@std@@PAX@2@@Z 004056e0 f i parse.obj
 0001:00004740       ?allocate@?$allocator@PAVObj@@@std@@QAEPAPAVObj@@I@Z 00405740 f i parse.obj
 0001:000047b0       ?append@?$basic_string@DU?$char_traits@D@std@@V?$allocator@D@2@@std@@QAEAAV12@ABV12@II@Z 004057b0 f i parse.obj
 0001:000048a0       ?append@?$basic_string@DU?$char_traits@D@std@@V?$allocator@D@2@@std@@QAEAAV12@ID@Z 004058a0 f i parse.obj
 0001:00004950       ?compare@?$char_traits@D@std@@SAHPBD0I@Z 00405950 f i parse.obj
 0001:00004c00       ?erase@?$_Tree@V?$_Tmap_traits@V?$basic_string@DU?$char_traits@D@std@@V?$allocator@D@2@@std@@PAVObj@@U?$less@V?$basic_string@DU?$char_traits@D@std@@V?$allocator@D@2@@std@@@2@V?$allocator@U?$pair@$$CBV?$basic_string@DU?$char_traits@D@std@@V?$allocator@D@2@@std@@PAVObj@@@std@@@2@$0A@@std@@@std@@QAE?AV?$_Tree_iterator@V?$_Tree_val@U?$_Tree_simple_types@U?$pair@$$CBV?$basic_string@DU?$char_traits@D@std@@V?$allocator@D@2@@std@@PAVObj@@@std@@@std@@@std@@@2@V?$_Tree_const_iterator@V?$_Tree_val@U?$_Tree_simple_types@U?$pair@$$CBV?$basic_string@DU?$char_traits@D@std@@V?$allocator@D@2@@std@@PAVObj@@@std@@@std@@@std@@@2@0@Z 00405c00 f i parse.obj
 0001:00004cf0       ?erase@?$_Tree@V?$_Tmap_traits@V?$basic_string@DU?$char_traits@D@std@@V?$allocator@D@2@@std@@PAVObj@@U?$less@V?$basic_string@DU?$char_traits@D@std@@V?$allocator@D@2@@std@@@2@V?$allocator@U?$pair@$$CBV?$basic_string@DU?$char_traits@D@std@@V?$allocator@D@2@@std@@PAVObj@@@std@@@2@$0A@@std@@@std@@QAE?AV?$_Tree_iterator@V?$_Tree_val@U?$_Tree_simple_types@U?$pair@$$CBV?$basic_string@DU?$char_traits@D@std@@V?$allocator@D@2@@std@@PAVObj@@@std@@@std@@@std@@@2@V?$_Tree_const_iterator@V?$_Tree_val@U?$_Tree_simple_types@U?$pair@$$CBV?$basic_string@DU?$char_traits@D@std@@V?$allocator@D@2@@std@@PAVObj@@@std@@@std@@@std@@@2@@Z 00405cf0 f i parse.obj
 0001:00004fe0       ?getBoolean@BooleanObj@@UBE_NXZ 00405fe0 f i parse.obj
 0001:00004ff0       ?getBoolean@Obj@@UBE_NXZ   00405ff0 f i parse.obj
 0001:00005080       ?getChild@NamedObj@@UBEPAVObj@@XZ 00406080 f i parse.obj
 0001:00005090       ?getChild@Obj@@UBEPAV1@XZ  00406090 f i parse.obj
 0001:00005120       ?getDict@DictObj@@UBEABV?$map@V?$basic_string@DU?$char_traits@D@std@@V?$allocator@D@2@@std@@PAVObj@@U?$less@V?$basic_string@DU?$char_traits@D@std@@V?$allocator@D@2@@std@@@2@V?$allocator@U?$pair@$$CBV?$basic_string@DU?$char_traits@D@std@@V?$allocator@D@2@@std@@PAVObj@@@std@@@2@@std@@XZ 00406120 f i parse.obj
 0001:00005130       ?getDict@Obj@@UBEABV?$map@V?$basic_string@DU?$char_traits@D@std@@V?$allocator@D@2@@std@@PAVObj@@U?$less@V?$basic_string@DU?$char_traits@D@std@@V?$allocator@D@2@@std@@@2@V?$allocator@U?$pair@$$CBV?$basic_string@DU?$char_traits@D@std@@V?$allocator@D@2@@std@@PAVObj@@@std@@@2@@std@@XZ 00406130 f i parse.obj
 0001:000051c0       ?getID@IdObj@@UBE?AV?$basic_string@DU?$char_traits@D@std@@V?$allocator@D@2@@std@@XZ 004061c0 f i parse.obj
 0001:00005200       ?getID@Obj@@UBE?AV?$basic_string@DU?$char_traits@D@std@@V?$allocator@D@2@@std@@XZ 00406200 f i parse.obj
 0001:00005290       ?getName@NamedObj@@UBE?AV?$basic_string@DU?$char_traits@D@std@@V?$allocator@D@2@@std@@XZ 00406290 f i parse.obj
 0001:000052d0       ?getName@Obj@@UBE?AV?$basic_string@DU?$char_traits@D@std@@V?$allocator@D@2@@std@@XZ 004062d0 f i parse.obj
 0001:00005360       ?getScalar@Obj@@UBENXZ     00406360 f i parse.obj
 0001:000053f0       ?getScalar@ScalarObj@@UBENXZ 004063f0 f i parse.obj
 0001:00005400       ?getString@Obj@@UBE?AV?$basic_string@DU?$char_traits@D@std@@V?$allocator@D@2@@std@@XZ 00406400 f i parse.obj
 0001:00005490       ?getString@StringObj@@UBE?AV?$basic_string@DU?$char_traits@D@std@@V?$allocator@D@2@@std@@XZ 00406490 f i parse.obj
 0001:000054d0       ?getTuple@Obj@@UBEABV?$vector@PAVObj@@V?$allocator@PAVObj@@@std@@@std@@XZ 004064d0 f i parse.obj
 0001:00005560       ?getTuple@TupleObj@@UBEABV?$vector@PAVObj@@V?$allocator@PAVObj@@@std@@@std@@XZ 00406560 f i parse.obj
 0001:00005570       ?getTypeName@BooleanObj@@UBE?AV?$basic_string@DU?$char_traits@D@std@@V?$allocator@D@2@@std@@XZ 00406570 f i parse.obj
 0001:000055b0       ?getTypeName@DictObj@@UBE?AV?$basic_string@DU?$char_traits@D@std@@V?$allocator@D@2@@std@@XZ 004065b0 f i parse.obj
 0001:000055f0       ?getTypeName@IdObj@@UBE?AV?$basic_string@DU?$char_traits@D@std@@V?$allocator@D@2@@std@@XZ 004065f0 f i parse.obj
 0001:00005630       ?getTypeName@NamedObj@@UBE?AV?$basic_string@DU?$char_traits@D@std@@V?$allocator@D@2@@std@@XZ 00406630 f i parse.obj
 0001:00005670       ?getTypeName@Obj@@UBE?AV?$basic_string@DU?$char_traits@D@std@@V?$allocator@D@2@@std@@XZ 00406670 f i parse.obj
 0001:000056b0       ?getTypeName@ScalarObj@@UBE?AV?$basic_string@DU?$char_traits@D@std@@V?$allocator@D@2@@std@@XZ 004066b0 f i parse.obj
 0001:000056f0       ?getTypeName@StringObj@@UBE?AV?$basic_string@DU?$char_traits@D@std@@V?$allocator@D@2@@std@@XZ 004066f0 f i parse.obj
 0001:00005730       ?getTypeName@TupleObj@@UBE?AV?$basic_string@DU?$char_traits@D@std@@V?$allocator@D@2@@std@@XZ 00406730 f i parse.obj
 0001:00005770       ?insert@?$basic_string@DU?$char_traits@D@std@@V?$allocator@D@2@@std@@QAEAAV12@IABV12@II@Z 00406770 f i parse.obj
 0001:00005900       ?printOn@BooleanObj@@UBEXAAV?$basic_ostream@DU?$char_traits@D@std@@@std@@@Z 00406900 f i parse.obj
 0001:00005930       ?printOn@DictObj@@UBEXAAV?$basic_ostream@DU?$char_traits@D@std@@@std@@@Z 00406930 f i parse.obj
 0001:00005a00       ?printOn@IdObj@@UBEXAAV?$basic_ostream@DU?$char_traits@D@std@@@std@@@Z 00406a00 f i parse.obj
 0001:00005a20       ?printOn@NamedObj@@UBEXAAV?$basic_ostream@DU?$char_traits@D@std@@@std@@@Z 00406a20 f i parse.obj
 0001:00005a50       ?printOn@Obj@@UBEXAAV?$basic_ostream@DU?$char_traits@D@std@@@std@@@Z 00406a50 f i parse.obj
 0001:00005a60       ?printOn@ScalarObj@@UBEXAAV?$basic_ostream@DU?$char_traits@D@std@@@std@@@Z 00406a60 f i parse.obj
 0001:00005a80       ?printOn@StringObj@@UBEXAAV?$basic_ostream@DU?$char_traits@D@std@@@std@@@Z 00406a80 f i parse.obj
 0001:00005ab0       ?printOn@TupleObj@@UBEXAAV?$basic_ostream@DU?$char_traits@D@std@@@std@@@Z 00406ab0 f i parse.obj
 0001:00005e70       ?readFile@@YAPAVObj@@AAV?$basic_istream@DU?$char_traits@D@std@@@std@@@Z 00406e70 f   parse.obj
 0001:000066f0       ??$?HDU?$char_traits@D@std@@V?$allocator@D@1@@std@@YA?AV?$basic_string@DU?$char_traits@D@std@@V?$allocator@D@2@@0@$$QAV10@PBD@Z 004076f0 f i read.obj
 0001:00006750       ??$_Buynode@ABQAVGeometry@@@?$_List_buy@PAVGeometry@@V?$allocator@PAVGeometry@@@std@@@std@@QAEPAU?$_List_node@PAVGeometry@@PAX@1@PAU21@0ABQAVGeometry@@@Z 00407750 f i read.obj
 0001:00006770       ??$_Buynode@ABQAVLight@@@?$_List_buy@PAVLight@@V?$allocator@PAVLight@@@std@@@std@@QAEPAU?$_List_node@PAVLight@@PAX@1@PAU21@0ABQAVLight@@@Z 00407770 f i read.obj
 0001:00006790       ??$_Buynode@ABQAVTransformNode@@@?$_List_buy@PAVTransformNode@@V?$allocator@PAVTransformNode@@@std@@@std@@QAEPAU?$_List_node@PAVTransformNode@@PAX@1@PAU21@0ABQAVTransformNode@@@Z 00407790 f i read.obj
 0001:000067b0       ??$_Buynode@ABUpiecewise_construct_t@std@@V?$tuple@ABV?$basic_string@DU?$char_traits@D@std@@V?$allocator@D@2@@std@@@2@V?$tuple@$$V@2@@?$_Tree_comp_alloc@V?$_Tmap_traits@V?$basic_string@DU?$char_traits@D@std@@V?$allocator@D@2@@std@@PAVMaterial@@U?$less@V?$basic_string@DU?$char_traits@D@std@@V?$allocator@D@2@@std@@@2@V?$allocator@U?$pair@$$CBV?$basic_string@DU?$char_traits@D@std@@V?$allocator@D@2@@std@@PAVMaterial@@@std@@@2@$0A@@std@@@std@@QAEPAU?$_Tree_node@U?$pair@$$CBV?$basic_string@DU?$char_traits@D@std@@V?$allocator@D@2@@std@@PAVMaterial@@@std@@PAX@1@ABUpiecewise_construct_t@1@$$QAV?$tuple@ABV?$basic_string@DU?$char_traits@D@std@@V?$allocator@D@2@@std@@@1@$$QAV?$tuple@$$V@1@@Z 004077b0 f i read.obj
 0001:00006870       ??$_Insert_at@AAU?$pair@$$CBV?$basic_string@DU?$char_traits@D@std@@V?$allocator@D@2@@std@@PAVMaterial@@@std@@PAU?$_Tree_node@U?$pair@$$CBV?$basic_string@DU?$char_traits@D@std@@V?$allocator@D@2@@std@@PAVMaterial@@@std@@PAX@2@@?$_Tree@V?$_Tmap_traits@V?$basic_string@DU?$char_traits@D@std@@V?$allocator@D@2@@std@@PAVMaterial@@U?$less@V?$basic_string@DU?$char_traits@D@std@@V?$allocator@D@2@@std@@@2@V?$allocator@U?$pair@$$CBV?$basic_string@DU?$char_traits@D@std@@V?$allocator@D@2@@std@@PAVMaterial@@@std@@@2@$0A@@std@@@std@@IAE?AV?$_Tree_iterator@V?$_Tree_val@U?$_Tree_simple_types@U?$pair@$$CBV?$basic_string@DU?$char_traits@D@std@@V?$allocator@D@2@@std@@PAVMaterial@@@std@@@std@@@std@@@1@_NPAU?$_Tree_node@U?$pair@$$CBV?$basic_string@DU?$char_traits@D@std@@V?$allocator@D@2@@std@@PAVMaterial@@@std@@PAX@1@AAU?$pair@$$CBV?$basic_string@DU?$char_traits@D@std@@V?$allocator@D@2@@std@@PAVMaterial@@@1@1@Z 00407870 f i read.obj
 0001:00006a40       ??$_Insert_hint@AAU?$pair@$$CBV?$basic_string@DU?$char_traits@D@std@@V?$allocator@D@2@@std@@PAVMaterial@@@std@@PAU?$_Tree_node@U?$pair@$$CBV?$basic_string@DU?$char_traits@D@std@@V?$allocator@D@2@@std@@PAVMaterial@@@std@@PAX@2@@?$_Tree@V?$_Tmap_traits@V?$basic_string@DU?$char_traits@D@std@@V?$allocator@D@2@@std@@PAVMaterial@@U?$less@V?$basic_string@DU?$char_traits@D@std@@V?$allocator@D@2@@std@@@2@V?$allocator@U?$pair@$$CBV?$basic_string@DU?$char_traits@D@std@@V?$allocator@D@2@@std@@PAVMaterial@@@std@@@2@$0A@@std@@@std@@IAE?AV?$_Tree_iterator@V?$_Tree_val@U?$_Tree_simple_types@U?$pair@$$CBV?$basic_string@DU?$char_traits@D@std@@V?$allocator@D@2@@std@@PAVMaterial@@@std@@@std@@@std@@@1@V?$_Tree_const_iterator@V?$_Tree_val@U?$_Tree_simple_types@U?$pair@$$CBV?$basic_string@DU?$char_traits@D@std@@V?$allocator@D@2@@std@@PAVMaterial@@@std@@@std@@@std@@@1@AAU?$pair@$$CBV?$basic_string@DU?$char_traits@D@std@@V?$allocator@D@2@@std@@PAVMaterial@@@1@PAU?$_Tree_node@U?$pair@$$CBV?$basic_string@DU?$char_traits@D@std@@V?$allocator@D@2@@std@@PAVMaterial@@@std@@PAX@1@@Z 00407a40 f i read.obj
 0001:00006ca0       ??$_Insert_nohint@AAU?$pair@$$CBV?$basic_string@DU?$char_traits@D@std@@V?$allocator@D@2@@std@@PAVMaterial@@@std@@PAU?$_Tree_node@U?$pair@$$CBV?$basic_string@DU?$char_traits@D@std@@V?$allocator@D@2@@std@@PAVMaterial@@@std@@PAX@2@@?$_Tree@V?$_Tmap_traits@V?$basic_string@DU?$char_traits@D@std@@V?$allocator@D@2@@std@@PAVMaterial@@U?$less@V?$basic_string@DU?$char_traits@D@std@@V?$allocator@D@2@@std@@@2@V?$allocator@U?$pair@$$CBV?$basic_string@DU?$char_traits@D@std@@V?$allocator@D@2@@std@@PAVMaterial@@@std@@@2@$0A@@std@@@std@@IAE?AU?$pair@V?$_Tree_iterator@V?$_Tree_val@U?$_Tree_simple_types@U?$pair@$$CBV?$basic_string@DU?$char_traits@D@std@@V?$allocator@D@2@@std@@PAVMaterial@@@std@@@std@@@std@@@std@@_N@1@_NAAU?$pair@$$CBV?$basic_string@DU?$char_traits@D@std@@V?$allocator@D@2@@std@@PAVMaterial@@@1@PAU?$_Tree_node@U?$pair@$$CBV?$basic_string@DU?$char_traits@D@std@@V?$allocator@D@2@@std@@PAVMaterial@@@std@@PAX@1@@Z 00407ca0 f i read.obj
 0001:00006f10       ??$_Lbound@V?$basic_string@DU?$char_traits@D@std@@V?$allocator@D@2@@std@@@?$_Tree@V?$_Tmap_traits@V?$basic_string@DU?$char_traits@D@std@@V?$allocator@D@2@@std@@PAVMaterial@@U?$less@V?$basic_string@DU?$char_traits@D@std@@V?$allocator@D@2@@std@@@2@V?$allocator@U?$pair@$$CBV?$basic_string@DU?$char_traits@D@std@@V?$allocator@D@2@@std@@PAVMaterial@@@std@@@2@$0A@@std@@@std@@IBEPAU?$_Tree_node@U?$pair@$$CBV?$basic_string@DU?$char_traits@D@std@@V?$allocator@D@2@@std@@PAVMaterial@@@std@@PAX@1@ABV?$basic_string@DU?$char_traits@D@std@@V?$allocator@D@2@@1@@Z 00407f10 f i read.obj
 0001:00006ff0       ??$_Try_emplace@ABV?$basic_string@DU?$char_traits@D@std@@V?$allocator@D@2@@std@@$$V@?$map@V?$basic_string@DU?$char_traits@D@std@@V?$allocator@D@2@@std@@PAVMaterial@@U?$less@V?$basic_string@DU?$char_traits@D@std@@V?$allocator@D@2@@std@@@2@V?$allocator@U?$pair@$$CBV?$basic_string@DU?$char_traits@D@std@@V?$allocator@D@2@@std@@PAVMaterial@@@std@@@2@@std@@QAE?AU?$pair@V?$_Tree_iterator@V?$_Tree_val@U?$_Tree_simple_types@U?$pair@$$CBV?$basic_string@DU?$char_traits@D@std@@V?$allocator@D@2@@std@@PAVMaterial@@@std@@@std@@@std@@@std@@_N@1@ABV?$basic_string@DU?$char_traits@D@std@@V?$allocator@D@2@@1@@Z 00407ff0 f i read.obj
 0001:000070a0       ??$endl@DU?$char_traits@D@std@@@std@@YAAAV?$basic_ostream@DU?$char_traits@D@std@@@0@AAV10@@Z 004080a0 f i read.obj
 0001:000070d0       ??$ends@DU?$char_traits@D@std@@@std@@YAAAV?$basic_ostream@DU?$char_traits@D@std@@@0@AAV10@@Z 004080d0 f i read.obj
 0001:000070f0       ??$use_facet@V?$codecvt@DDU_Mbstatet@@@std@@@std@@YAABV?$codecvt@DDU_Mbstatet@@@0@ABVlocale@0@@Z 004080f0 f i read.obj
 0001:000071f0       ??0?$basic_ifstream@DU?$char_traits@D@std@@@std@@QAE@PBDHH@Z 004081f0 f i read.obj
 0001:00007300       ??0?$basic_string@DU?$char_traits@D@std@@V?$allocator@D@2@@std@@QAE@ABV01@@Z 00408300 f i read.obj
 0001:00007330       ??0?$fpos@U_Mbstatet@@@std@@QAE@U_Mbstatet@@_J@Z 00408330 f i read.obj
 0001:00007360       ??0Scene@@QAE@XZ           00408360 f i read.obj
 0001:00007520       ??0TransformNode@@IAE@PAV0@ABVmat4f@@@Z 00408520 f i read.obj
 0001:00007920       ??0bad_cast@std@@QAE@ABV01@@Z 00408920 f i read.obj
 0001:00007960       ??0exception@std@@QAE@ABV01@@Z 00408960 f i read.obj
 0001:00007990       ??0mat4f@@QAE@ABVvec4f@@000@Z 00408990 f i read.obj
 0001:00007a60       ??0ostrstream@std@@QAE@XZ  00408a60 f i read.obj
 0001:00007b50       ??0vec4f@@QAE@XZ           00408b50 f i read.obj
 0001:00007b60       ??1?$basic_filebuf@DU?$char_traits@D@std@@@std@@UAE@XZ 00408b60 f i read.obj
 0001:00007be0       ??1?$basic_ifstream@DU?$char_traits@D@std@@@std@@UAE@XZ 00408be0 f i read.obj
 0001:00007c90       ??1?$list@PAVGeometry@@V?$allocator@PAVGeometry@@@std@@@std@@QAE@XZ 00408c90 f i read.obj
 0001:00007ce0       ??1?$list@PAVLight@@V?$allocator@PAVLight@@@std@@@std@@QAE@XZ 00408ce0 f i read.obj
 0001:00007d30       ??1?$list@PAVTransformNode@@V?$allocator@PAVTransformNode@@@std@@@std@@QAE@XZ 00408d30 f i read.obj
 0001:00007d80       ??1?$map@V?$basic_string@DU?$char_traits@D@std@@V?$allocator@D@2@@std@@PAVMaterial@@U?$less@V?$basic_string@DU?$char_traits@D@std@@V?$allocator@D@2@@std@@@2@V?$allocator@U?$pair@$$CBV?$basic_string@DU?$char_traits@D@std@@V?$allocator@D@2@@std@@PAVMaterial@@@std@@@2@@std@@QAE@XZ 00408d80 f i read.obj
 0001:00007de0       ??1MaterialSceneObject@@UAE@XZ 00408de0 f i read.obj
 0001:00007e10       ??1SceneElement@@UAE@XZ    00408e10 f i read.obj
 0001:00007e20       ??1TransformNode@@QAE@XZ   00408e20 f i read.obj
 0001:00007eb0       ??1TransformRoot@@QAE@XZ   00408eb0 f i read.obj
 0001:00007ec0       ??1bad_cast@std@@UAE@XZ    00408ec0 f i read.obj
 0001:00007ee0       ??1exception@std@@UAE@XZ   00408ee0 f i read.obj
 0001:00007f00       ??1locale@std@@QAE@XZ      00408f00 f i read.obj
 0001:00007f50       ??1ostrstream@std@@UAE@XZ  00408f50 f i read.obj
 0001:00007ff0       ??1strstreambuf@std@@UAE@XZ 00408ff0 f i read.obj
 0001:00008060       ??4?$basic_string@DU?$char_traits@D@std@@V?$allocator@D@2@@std@@QAEAAV01@$$QAV01@@Z 00409060 f i read.obj
 0001:000080e0       ??6@YAAAV?$basic_ostream@DU?$char_traits@D@std@@@std@@AAV01@ABVException@@@Z 004090e0 f i read.obj
 0001:00008160       ??D@YA?AVmat4f@@ABV0@0@Z   00409160 f i read.obj
 0001:00008610       ??E?$_Tree_unchecked_const_iterator@V?$_Tree_val@U?$_Tree_simple_types@U?$pair@$$CBV?$basic_string@DU?$char_traits@D@std@@V?$allocator@D@2@@std@@PAVMaterial@@@std@@@std@@@std@@U_Iterator_base0@2@@std@@QAEAAV01@XZ 00409610 f i read.obj
 0001:00008660       ??F?$_Tree_unchecked_const_iterator@V?$_Tree_val@U?$_Tree_simple_types@U?$pair@$$CBV?$basic_string@DU?$char_traits@D@std@@V?$allocator@D@2@@std@@PAVMaterial@@@std@@@std@@@std@@U_Iterator_base0@2@@std@@QAEAAV01@XZ 00409660 f i read.obj
 0001:000086c0       ??_D?$basic_ifstream@DU?$char_traits@D@std@@@std@@QAEXXZ 004096c0 f i read.obj
 0001:000086e0       ??_Dostrstream@std@@QAEXXZ 004096e0 f i read.obj
 0001:000086f4       ??_E?$basic_ifstream@DU?$char_traits@D@std@@@std@@$4PPPPPPPM@A@AEPAXI@Z 004096f4 f i read.obj
 0001:000086fc       ??_Eostrstream@std@@$4PPPPPPPM@A@AEPAXI@Z 004096fc f i read.obj
 0001:00008710       ??_G?$basic_filebuf@DU?$char_traits@D@std@@@std@@UAEPAXI@Z 00409710 f i read.obj
 0001:00008710       ??_E?$basic_filebuf@DU?$char_traits@D@std@@@std@@UAEPAXI@Z 00409710 f i read.obj
 0001:000087b0       ??_G?$basic_ifstream@DU?$char_traits@D@std@@@std@@UAEPAXI@Z 004097b0 f i read.obj
 0001:000087b0       ??_E?$basic_ifstream@DU?$char_traits@D@std@@@std@@UAEPAXI@Z 004097b0 f i read.obj
 0001:000087f0       ??_EBox@@UAEPAXI@Z         004097f0 f i read.obj
 0001:000087f0       ??_GBox@@UAEPAXI@Z         004097f0 f i read.obj
 0001:00008830       ??_ECone@@UAEPAXI@Z        00409830 f i read.obj
 0001:00008830       ??_GCone@@UAEPAXI@Z        00409830 f i read.obj
 0001:00008880       ??_ECylinder@@UAEPAXI@Z    00409880 f i read.obj
 0001:00008880       ??_GCylinder@@UAEPAXI@Z    00409880 f i read.obj
 0001:000088c0       ??_EDirectionalLight@@UAEPAXI@Z 004098c0 f i read.obj
 0001:000088c0       ??_GDirectionalLight@@UAEPAXI@Z 004098c0 f i read.obj
 0001:000088f0       ??_GGeometry@@UAEPAXI@Z    004098f0 f i read.obj
 0001:000088f0       ??_EGeometry@@UAEPAXI@Z    004098f0 f i read.obj
 0001:00008920       ??_ELight@@UAEPAXI@Z       00409920 f i read.obj
 0001:00008920       ??_GLight@@UAEPAXI@Z       00409920 f i read.obj
 0001:00008950       ??_EMaterialSceneObject@@UAEPAXI@Z 00409950 f i read.obj
 0001:00008950       ??_GMaterialSceneObject@@UAEPAXI@Z 00409950 f i read.obj
 0001:00008990       ??_GPointLight@@UAEPAXI@Z  00409990 f i read.obj
 0001:00008990       ??_EPointLight@@UAEPAXI@Z  00409990 f i read.obj
 0001:000089c0       ??_EScene@@UAEPAXI@Z       004099c0 f i read.obj
 0001:000089c0       ??_GScene@@UAEPAXI@Z       004099c0 f i read.obj
 0001:000089f0       ??_ESceneElement@@UAEPAXI@Z 004099f0 f i read.obj
 0001:000089f0       ??_GSceneElement@@UAEPAXI@Z 004099f0 f i read.obj
 0001:00008a20       ??_GSceneObject@@UAEPAXI@Z 00409a20 f i read.obj
 0001:00008a20       ??_ESceneObject@@UAEPAXI@Z 00409a20 f i read.obj
 0001:00008a50       ??_ESphere@@UAEPAXI@Z      00409a50 f i read.obj
 0001:00008a50       ??_GSphere@@UAEPAXI@Z      00409a50 f i read.obj
 0001:00008a90       ??_ESquare@@UAEPAXI@Z      00409a90 f i read.obj
 0001:00008a90       ??_GSquare@@UAEPAXI@Z      00409a90 f i read.obj
 0001:00008ad0       ??_GTrimesh@@UAEPAXI@Z     00409ad0 f i read.obj
 0001:00008ad0       ??_ETrimesh@@UAEPAXI@Z     00409ad0 f i read.obj
 0001:00008b00       ??_Gbad_cast@std@@UAEPAXI@Z 00409b00 f i read.obj
 0001:00008b00       ??_Ebad_cast@std@@UAEPAXI@Z 00409b00 f i read.obj
 0001:00008b40       ??_Eexception@std@@UAEPAXI@Z 00409b40 f i read.obj
 0001:00008b40       ??_Gexception@std@@UAEPAXI@Z 00409b40 f i read.obj
 0001:00008b80       ??_Eostrstream@std@@UAEPAXI@Z 00409b80 f i read.obj
 0001:00008b80       ??_Gostrstream@std@@UAEPAXI@Z 00409b80 f i read.obj
 0001:00008bc0       ??_Estrstreambuf@std@@UAEPAXI@Z 00409bc0 f i read.obj
 0001:00008bc0       ??_Gstrstreambuf@std@@UAEPAXI@Z 00409bc0 f i read.obj
 0001:00008c50       ?ComputeBoundingBox@Geometry@@UAEXXZ 00409c50 f i read.obj
 0001:00009290       ?ComputeLocalBoundingBox@Box@@UAE?AVBoundingBox@@XZ 0040a290 f i read.obj
 0001:000092d0       ?ComputeLocalBoundingBox@Cone@@UAE?AVBoundingBox@@XZ 0040a2d0 f i read.obj
 0001:00009330       ?ComputeLocalBoundingBox@Cylinder@@UAE?AVBoundingBox@@XZ 0040a330 f i read.obj
 0001:00009370       ?ComputeLocalBoundingBox@Geometry@@UAE?AVBoundingBox@@XZ 0040a370 f i read.obj
 0001:000093a0       ?ComputeLocalBoundingBox@Sphere@@UAE?AVBoundingBox@@XZ 0040a3a0 f i read.obj
 0001:000093e0       ?ComputeLocalBoundingBox@Square@@UAE?AVBoundingBox@@XZ 0040a3e0 f i read.obj
 0001:00009430       ?_Buyheadnode@?$_Tree_comp_alloc@V?$_Tmap_traits@V?$basic_string@DU?$char_traits@D@std@@V?$allocator@D@2@@std@@PAVMaterial@@U?$less@V?$basic_string@DU?$char_traits@D@std@@V?$allocator@D@2@@std@@@2@V?$allocator@U?$pair@$$CBV?$basic_string@DU?$char_traits@D@std@@V?$allocator@D@2@@std@@PAVMaterial@@@std@@@2@$0A@@std@@@std@@QAEPAU?$_Tree_node@U?$pair@$$CBV?$basic_string@DU?$char_traits@D@std@@V?$allocator@D@2@@std@@PAVMaterial@@@std@@PAX@2@XZ 0040a430 f i read.obj
 0001:00009460       ?_Buynode0@?$_List_alloc@U?$_List_base_types@PAVGeometry@@V?$allocator@PAVGeometry@@@std@@@std@@@std@@QAEPAU?$_List_node@PAVGeometry@@PAX@2@PAU32@0@Z 0040a460 f i read.obj
 0001:000094a0       ?_Buynode0@?$_List_alloc@U?$_List_base_types@PAVLight@@V?$allocator@PAVLight@@@std@@@std@@@std@@QAEPAU?$_List_node@PAVLight@@PAX@2@PAU32@0@Z 0040a4a0 f i read.obj
 0001:000094e0       ?_Buynode0@?$_List_alloc@U?$_List_base_types@PAVTransformNode@@V?$allocator@PAVTransformNode@@@std@@@std@@@std@@QAEPAU?$_List_node@PAVTransformNode@@PAX@2@PAU32@0@Z 0040a4e0 f i read.obj
 0001:00009520       ?_Buynode0@?$_Tree_comp_alloc@V?$_Tmap_traits@V?$basic_string@DU?$char_traits@D@std@@V?$allocator@D@2@@std@@PAVMaterial@@U?$less@V?$basic_string@DU?$char_traits@D@std@@V?$allocator@D@2@@std@@@2@V?$allocator@U?$pair@$$CBV?$basic_string@DU?$char_traits@D@std@@V?$allocator@D@2@@std@@PAVMaterial@@@std@@@2@$0A@@std@@@std@@QAEPAU?$_Tree_node@U?$pair@$$CBV?$basic_string@DU?$char_traits@D@std@@V?$allocator@D@2@@std@@PAVMaterial@@@std@@PAX@2@XZ 0040a520 f i read.obj
 0001:00009560       ?_Destroy_if_not_nil@?$_Tree@V?$_Tmap_traits@V?$basic_string@DU?$char_traits@D@std@@V?$allocator@D@2@@std@@PAVMaterial@@U?$less@V?$basic_string@DU?$char_traits@D@std@@V?$allocator@D@2@@std@@@2@V?$allocator@U?$pair@$$CBV?$basic_string@DU?$char_traits@D@std@@V?$allocator@D@2@@std@@PAVMaterial@@@std@@@2@$0A@@std@@@std@@IAEXPAU?$_Tree_node@U?$pair@$$CBV?$basic_string@DU?$char_traits@D@std@@V?$allocator@D@2@@std@@PAVMaterial@@@std@@PAX@2@@Z 0040a560 f i read.obj
 0001:000095b0       ?_Endwrite@?$basic_filebuf@DU?$char_traits@D@std@@@std@@IAE_NXZ 0040a5b0 f i read.obj
 0001:00009720       ?_Erase@?$_Tree@V?$_Tmap_traits@V?$basic_string@DU?$char_traits@D@std@@V?$allocator@D@2@@std@@PAVMaterial@@U?$less@V?$basic_string@DU?$char_traits@D@std@@V?$allocator@D@2@@std@@@2@V?$allocator@U?$pair@$$CBV?$basic_string@DU?$char_traits@D@std@@V?$allocator@D@2@@std@@PAVMaterial@@@std@@@2@$0A@@std@@@std@@IAEXPAU?$_Tree_node@U?$pair@$$CBV?$basic_string@DU?$char_traits@D@std@@V?$allocator@D@2@@std@@PAVMaterial@@@std@@PAX@2@@Z 0040a720 f i read.obj
 0001:000097d0       ?_Init@?$basic_filebuf@DU?$char_traits@D@std@@@std@@IAEXPAU_iobuf@@W4_Initfl@12@@Z 0040a7d0 f i read.obj
 0001:00009860       ?_Lock@?$basic_filebuf@DU?$char_traits@D@std@@@std@@UAEXXZ 0040a860 f i read.obj
 0001:00009870       ?_Lrotate@?$_Tree@V?$_Tmap_traits@V?$basic_string@DU?$char_traits@D@std@@V?$allocator@D@2@@std@@PAVMaterial@@U?$less@V?$basic_string@DU?$char_traits@D@std@@V?$allocator@D@2@@std@@@2@V?$allocator@U?$pair@$$CBV?$basic_string@DU?$char_traits@D@std@@V?$allocator@D@2@@std@@PAVMaterial@@@std@@@2@$0A@@std@@@std@@IAEXPAU?$_Tree_node@U?$pair@$$CBV?$basic_string@DU?$char_traits@D@std@@V?$allocator@D@2@@std@@PAVMaterial@@@std@@PAX@2@@Z 0040a870 f i read.obj
 0001:000098d0       ?_Reset_back@?$basic_filebuf@DU?$char_traits@D@std@@@std@@AAEXXZ 0040a8d0 f i read.obj
 0001:00009900       ?_Rrotate@?$_Tree@V?$_Tmap_traits@V?$basic_string@DU?$char_traits@D@std@@V?$allocator@D@2@@std@@PAVMaterial@@U?$less@V?$basic_string@DU?$char_traits@D@std@@V?$allocator@D@2@@std@@@2@V?$allocator@U?$pair@$$CBV?$basic_string@DU?$char_traits@D@std@@V?$allocator@D@2@@std@@PAVMaterial@@@std@@@2@$0A@@std@@@std@@IAEXPAU?$_Tree_node@U?$pair@$$CBV?$basic_string@DU?$char_traits@D@std@@V?$allocator@D@2@@std@@PAVMaterial@@@std@@PAX@2@@Z 0040a900 f i read.obj
 0001:00009960       ?_Set_back@?$basic_filebuf@DU?$char_traits@D@std@@@std@@AAEXXZ 0040a960 f i read.obj
 0001:000099a0       ?_Unlock@?$basic_filebuf@DU?$char_traits@D@std@@@std@@UAEXXZ 0040a9a0 f i read.obj
 0001:000099b0       ?add@Scene@@QAEXPAVGeometry@@@Z 0040a9b0 f i read.obj
 0001:00009a10       ?add@Scene@@QAEXPAVLight@@@Z 0040aa10 f i read.obj
 0001:00009a60       ?append@?$basic_string@DU?$char_traits@D@std@@V?$allocator@D@2@@std@@QAEAAV12@PBDI@Z 0040aa60 f i read.obj
 0001:00009b80       ?close@?$basic_filebuf@DU?$char_traits@D@std@@@std@@QAEPAV12@XZ 0040ab80 f i read.obj
 0001:00009bf0       ?createChild@TransformNode@@QAEPAV1@ABVmat4f@@@Z 0040abf0 f i read.obj
 0001:00009cb0       ?erase@?$_Tree@V?$_Tmap_traits@V?$basic_string@DU?$char_traits@D@std@@V?$allocator@D@2@@std@@PAVMaterial@@U?$less@V?$basic_string@DU?$char_traits@D@std@@V?$allocator@D@2@@std@@@2@V?$allocator@U?$pair@$$CBV?$basic_string@DU?$char_traits@D@std@@V?$allocator@D@2@@std@@PAVMaterial@@@std@@@2@$0A@@std@@@std@@QAE?AV?$_Tree_iterator@V?$_Tree_val@U?$_Tree_simple_types@U?$pair@$$CBV?$basic_string@DU?$char_traits@D@std@@V?$allocator@D@2@@std@@PAVMaterial@@@std@@@std@@@std@@@2@V?$_Tree_const_iterator@V?$_Tree_val@U?$_Tree_simple_types@U?$pair@$$CBV?$basic_string@DU?$char_traits@D@std@@V?$allocator@D@2@@std@@PAVMaterial@@@std@@@std@@@std@@@2@0@Z 0040acb0 f i read.obj
 0001:00009da0       ?erase@?$_Tree@V?$_Tmap_traits@V?$basic_string@DU?$char_traits@D@std@@V?$allocator@D@2@@std@@PAVMaterial@@U?$less@V?$basic_string@DU?$char_traits@D@std@@V?$allocator@D@2@@std@@@2@V?$allocator@U?$pair@$$CBV?$basic_string@DU?$char_traits@D@std@@V?$allocator@D@2@@std@@PAVMaterial@@@std@@@2@$0A@@std@@@std@@QAE?AV?$_Tree_iterator@V?$_Tree_val@U?$_Tree_simple_types@U?$pair@$$CBV?$basic_string@DU?$char_traits@D@std@@V?$allocator@D@2@@std@@PAVMaterial@@@std@@@std@@@std@@@2@V?$_Tree_const_iterator@V?$_Tree_val@U?$_Tree_simple_types@U?$pair@$$CBV?$basic_string@DU?$char_traits@D@std@@V?$allocator@D@2@@std@@PAVMaterial@@@std@@@std@@@std@@@2@@Z 0040ada0 f i read.obj
 0001:0000a090       ?find@?$_Tree@V?$_Tmap_traits@V?$basic_string@DU?$char_traits@D@std@@V?$allocator@D@2@@std@@PAVMaterial@@U?$less@V?$basic_string@DU?$char_traits@D@std@@V?$allocator@D@2@@std@@@2@V?$allocator@U?$pair@$$CBV?$basic_string@DU?$char_traits@D@std@@V?$allocator@D@2@@std@@PAVMaterial@@@std@@@2@$0A@@std@@@std@@QBE?AV?$_Tree_const_iterator@V?$_Tree_val@U?$_Tree_simple_types@U?$pair@$$CBV?$basic_string@DU?$char_traits@D@std@@V?$allocator@D@2@@std@@PAVMaterial@@@std@@@std@@@std@@@2@ABV?$basic_string@DU?$char_traits@D@std@@V?$allocator@D@2@@2@@Z 0040b090 f i read.obj
 0001:0000a120       ?find@?$_Tree@V?$_Tmap_traits@V?$basic_string@DU?$char_traits@D@std@@V?$allocator@D@2@@std@@PAVObj@@U?$less@V?$basic_string@DU?$char_traits@D@std@@V?$allocator@D@2@@std@@@2@V?$allocator@U?$pair@$$CBV?$basic_string@DU?$char_traits@D@std@@V?$allocator@D@2@@std@@PAVObj@@@std@@@2@$0A@@std@@@std@@QBE?AV?$_Tree_const_iterator@V?$_Tree_val@U?$_Tree_simple_types@U?$pair@$$CBV?$basic_string@DU?$char_traits@D@std@@V?$allocator@D@2@@std@@PAVObj@@@std@@@std@@@std@@@2@ABV?$basic_string@DU?$char_traits@D@std@@V?$allocator@D@2@@2@@Z 0040b120 f i read.obj
 0001:0000a5f0       ?getMaterial@MaterialSceneObject@@UBEABVMaterial@@XZ 0040b5f0 f i read.obj
 0001:0000a600       ?getMsg@Exception@@QBE?AV?$basic_string@DU?$char_traits@D@std@@V?$allocator@D@2@@std@@XZ 0040b600 f i read.obj
 0001:0000a640       ?hasBoundingBoxCapability@Box@@UBE_NXZ 0040b640 f i read.obj
 0001:0000a650       ?hasBoundingBoxCapability@Cone@@UBE_NXZ 0040b650 f i read.obj
 0001:0000a660       ?hasBoundingBoxCapability@Cylinder@@UBE_NXZ 0040b660 f i read.obj
 0001:0000a670       ?hasBoundingBoxCapability@Sphere@@UBE_NXZ 0040b670 f i read.obj
 0001:0000a680       ?hasBoundingBoxCapability@Square@@UBE_NXZ 0040b680 f i read.obj
 0001:0000a690       ?imbue@?$basic_filebuf@DU?$char_traits@D@std@@@std@@MAEXABVlocale@2@@Z 0040b690 f i read.obj
 0001:0000a790       ?open@?$basic_filebuf@DU?$char_traits@D@std@@@std@@QAEPAV12@PBDHH@Z 0040b790 f i read.obj
 0001:0000a870       ?overflow@?$basic_filebuf@DU?$char_traits@D@std@@@std@@MAEHH@Z 0040b870 f i read.obj
 0001:0000aa80       ?overflow@strstreambuf@std@@MAEHH@Z 0040ba80 f i read.obj
 0001:0000ac30       ?pbackfail@?$basic_filebuf@DU?$char_traits@D@std@@@std@@MAEHH@Z 0040bc30 f i read.obj
 0001:0000acc0       ?pbackfail@strstreambuf@std@@MAEHH@Z 0040bcc0 f i read.obj
 0001:0000dc20       ?readScene@@YAPAVScene@@AAV?$basic_istream@DU?$char_traits@D@std@@@std@@@Z 0040ec20 f   read.obj
 0001:0000dec0       ?readScene@@YAPAVScene@@ABV?$basic_string@DU?$char_traits@D@std@@V?$allocator@D@2@@std@@@Z 0040eec0 f   read.obj
 0001:0000dff0       ?rotate@mat4f@@SA?AV1@ABVvec3f@@N@Z 0040eff0 f i read.obj
 0001:0000e1f0       ?seekoff@?$basic_filebuf@DU?$char_traits@D@std@@@std@@MAE?AV?$fpos@U_Mbstatet@@@2@_JHH@Z 0040f1f0 f i read.obj
 0001:0000e2f0       ?seekoff@strstreambuf@std@@MAE?AV?$fpos@U_Mbstatet@@@2@_JHH@Z 0040f2f0 f i read.obj
 0001:0000e450       ?seekpos@?$basic_filebuf@DU?$char_traits@D@std@@@std@@MAE?AV?$fpos@U_Mbstatet@@@2@V32@H@Z 0040f450 f i read.obj
 0001:0000e530       ?seekpos@strstreambuf@std@@MAE?AV?$fpos@U_Mbstatet@@@2@V32@H@Z 0040f530 f i read.obj
 0001:0000e620       ?setMaterial@MaterialSceneObject@@UAEXPAVMaterial@@@Z 0040f620 f i read.obj
 0001:0000e630       ?setbuf@?$basic_filebuf@DU?$char_traits@D@std@@@std@@MAEPAV?$basic_streambuf@DU?$char_traits@D@std@@@2@PAD_J@Z 0040f630 f i read.obj
 0001:0000e680       ?str@ostrstream@std@@QAEPADXZ 0040f680 f i read.obj
 0001:0000e6c0       ?sync@?$basic_filebuf@DU?$char_traits@D@std@@@std@@MAEHXZ 0040f6c0 f i read.obj
 0001:0000e760       ?uflow@?$basic_filebuf@DU?$char_traits@D@std@@@std@@MAEHXZ 0040f760 f i read.obj
 0001:0000e960       ?underflow@?$basic_filebuf@DU?$char_traits@D@std@@@std@@MAEHXZ 0040f960 f i read.obj
 0001:0000e9a0       ?underflow@strstreambuf@std@@MAEHXZ 0040f9a0 f i read.obj
 0001:0000eb70       ?what@exception@std@@UBEPBDXZ 0040fb70 f i read.obj
 0001:0000ec20       ?inverse@mat3f@@QBE?AV1@XZ 0040fc20 f   vecmath.obj
 0001:0000f020       ?inverse@mat4f@@QBE?AV1@XZ 00410020 f   vecmath.obj
 0001:0000f480       ??0Camera@@QAE@XZ          00410480 f   camera.obj
 0001:0000f520       ?rayThrough@Camera@@QAEXNNAAVray@@@Z 00410520 f   camera.obj
 0001:0000f640       ?setAspectRatio@Camera@@QAEXN@Z 00410640 f   camera.obj
 0001:0000f7e0       ?setEye@Camera@@QAEXABVvec3f@@@Z 004107e0 f   camera.obj
 0001:0000f810       ?setFOV@Camera@@QAEXN@Z    00410810 f   camera.obj
 0001:0000f9d0       ?setLook@Camera@@QAEXABVvec3f@@0@Z 004109d0 f   camera.obj
 0001:0000fc10       ?setLook@Camera@@QAEXNNNN@Z 00410c10 f   camera.obj
 0001:0000feb0       ?update@Camera@@AAEXXZ     00410eb0 f   camera.obj
 0001:00010040       ?distanceAttenuation@DirectionalLight@@UBENABVvec3f@@@Z 00411040 f   light.obj
 0001:00010050       ?distanceAttenuation@PointLight@@UBENABVvec3f@@@Z 00411050 f   light.obj
 0001:00010130       ?getColor@DirectionalLight@@UBE?AVvec3f@@ABV2@@Z 00411130 f   light.obj
 0001:00010150       ?getColor@PointLight@@UBE?AVvec3f@@ABV2@@Z 00411150 f   light.obj
 0001:00010170       ?getDirection@DirectionalLight@@UBE?AVvec3f@@ABV2@@Z 00411170 f   light.obj
 0001:000101a0       ?getDirection@PointLight@@UBE?AVvec3f@@ABV2@@Z 004111a0 f   light.obj
 0001:00010230       ?shadowAttenuation@DirectionalLight@@UBE?AVvec3f@@ABV2@@Z 00411230 f   light.obj
 0001:00010340       ?shadowAttenuation@PointLight@@UBE?AVvec3f@@ABV2@@Z 00411340 f   light.obj
 0001:00010450       ?shade@Material@@UBE?AVvec3f@@PAVScene@@ABVray@@ABVisect@@@Z 00411450 f   material.obj
 0001:00010720       ?getMaterial@isect@@QBEABVMaterial@@XZ 00411720 f   ray.obj
 0001:00010730       ??0Material@@QAE@ABV0@@Z   00411730 f i scene.obj
 0001:00010830       ??1Scene@@UAE@XZ           00411830 f   scene.obj
 0001:00010a10       ??4BoundingBox@@QAEXABV0@@Z 00411a10 f   scene.obj
 0001:00010a60       ??4Material@@QAEAAV0@ABV0@@Z 00411a60 f i scene.obj
 0001:00010b60       ??4isect@@QAEAAV0@ABV0@@Z  00411b60 f i scene.obj
 0001:00010c00       ?hasBoundingBoxCapability@Geometry@@UBE_NXZ 00411c00 f   scene.obj
 0001:00010c10       ?initScene@Scene@@QAEXXZ   00411c10 f   scene.obj
 0001:00010de0       ?intersect@BoundingBox@@QBE_NABVray@@AAN1@Z 00411de0 f   scene.obj
 0001:00010ef0       ?intersect@Geometry@@UBE_NABVray@@AAVisect@@@Z 00411ef0 f   scene.obj
 0001:00011240       ?intersect@Scene@@QBE_NABVray@@AAVisect@@@Z 00412240 f   scene.obj
 0001:000115d0       ?intersectLocal@Geometry@@UBE_NABVray@@AAVisect@@@Z 004125d0 f   scene.obj
 0001:000115e0       ?intersects@BoundingBox@@QBE_NABV1@@Z 004125e0 f   scene.obj
 0001:00011670       ?intersects@BoundingBox@@QBE_NABVvec3f@@@Z 00412670 f   scene.obj
 0001:000116f0       ?intersectLocal@Box@@UBE_NABVray@@AAVisect@@@Z 004126f0 f   Box.obj
 0001:000118b0       ?intersectBody@Cone@@QBE_NABVray@@AAVisect@@@Z 004128b0 f   Cone.obj
 0001:00011c00       ?intersectCaps@Cone@@QBE_NABVray@@AAVisect@@@Z 00412c00 f   Cone.obj
 0001:00011da0       ?intersectLocal@Cone@@UBE_NABVray@@AAVisect@@@Z 00412da0 f   Cone.obj
 0001:00011e70       ?intersectBody@Cylinder@@QBE_NABVray@@AAVisect@@@Z 00412e70 f   Cylinder.obj
 0001:00012150       ?intersectCaps@Cylinder@@QBE_NABVray@@AAVisect@@@Z 00413150 f   Cylinder.obj
 0001:000122b0       ?intersectLocal@Cylinder@@UBE_NABVray@@AAVisect@@@Z 004132b0 f   Cylinder.obj
 0001:00012380       ?intersectLocal@Sphere@@UBE_NABVray@@AAVisect@@@Z 00413380 f   Sphere.obj
 0001:00012570       ?intersectLocal@Square@@UBE_NABVray@@AAVisect@@@Z 00413570 f   Square.obj
 0001:00012640       ??$_Uninitialized_default_fill_n1@PAVvec3f@@IV?$allocator@Vvec3f@@@std@@@std@@YAXPAVvec3f@@IAAU?$_Wrap_alloc@V?$allocator@Vvec3f@@@std@@@0@U?$integral_constant@_N$0A@@0@@Z 00413640 f i trimesh.obj
 0001:00012670       ??$_Uninitialized_move_al_unchecked1@PAVvec3f@@PAV1@V?$allocator@Vvec3f@@@std@@@std@@YAPAVvec3f@@PAV1@00AAU?$_Wrap_alloc@V?$allocator@Vvec3f@@@std@@@0@U_General_ptr_iterator_tag@0@U_Any_tag@0@@Z 00413670 f i trimesh.obj
 0001:000126b0       ??1Trimesh@@UAE@XZ         004136b0 f   trimesh.obj
 0001:00012910       ??D@YA?AVMaterial@@NV0@@Z  00413910 f i trimesh.obj
 0001:00012ab0       ??YMaterial@@QAEAAV0@ABV0@@Z 00413ab0 f i trimesh.obj
 0001:00012c20       ??_ETrimeshFace@@UAEPAXI@Z 00413c20 f i trimesh.obj
 0001:00012c20       ??_GTrimeshFace@@UAEPAXI@Z 00413c20 f i trimesh.obj
 0001:00012c60       ?ComputeLocalBoundingBox@TrimeshFace@@UAE?AVBoundingBox@@XZ 00413c60 f i trimesh.obj
 0001:00012d80       ?_Reallocate@?$vector@PAVMaterial@@V?$allocator@PAVMaterial@@@std@@@std@@IAEXI@Z 00413d80 f i trimesh.obj
 0001:00012de0       ?_Reallocate@?$vector@PAVTrimeshFace@@V?$allocator@PAVTrimeshFace@@@std@@@std@@IAEXI@Z 00413de0 f i trimesh.obj
 0001:00012e40       ?_Reallocate@?$vector@Vvec3f@@V?$allocator@Vvec3f@@@std@@@std@@IAEXI@Z 00413e40 f i trimesh.obj
 0001:00012f20       ?_Reserve@?$vector@PAVMaterial@@V?$allocator@PAVMaterial@@@std@@@std@@IAEXI@Z 00413f20 f i trimesh.obj
 0001:00012f90       ?_Reserve@?$vector@PAVTrimeshFace@@V?$allocator@PAVTrimeshFace@@@std@@@std@@IAEXI@Z 00413f90 f i trimesh.obj
 0001:00013000       ?_Reserve@?$vector@Vvec3f@@V?$allocator@Vvec3f@@@std@@@std@@IAEXI@Z 00414000 f i trimesh.obj
 0001:000130a0       ?_Tidy@?$vector@Vvec3f@@V?$allocator@Vvec3f@@@std@@@std@@IAEXXZ 004140a0 f i trimesh.obj
 0001:000130f0       ?addFace@Trimesh@@QAE_NHHH@Z 004140f0 f   trimesh.obj
 0001:00013210       ?addMaterial@Trimesh@@QAEXPAVMaterial@@@Z 00414210 f   trimesh.obj
 0001:00013230       ?addNormal@Trimesh@@QAEXABVvec3f@@@Z 00414230 f   trimesh.obj
 0001:00013240       ?addVertex@Trimesh@@QAEXABVvec3f@@@Z 00414240 f   trimesh.obj
 0001:00013250       ?allocate@?$allocator@PAVMaterial@@@std@@QAEPAPAVMaterial@@I@Z 00414250 f i trimesh.obj
 0001:000132c0       ?allocate@?$allocator@PAVTrimeshFace@@@std@@QAEPAPAVTrimeshFace@@I@Z 004142c0 f i trimesh.obj
 0001:00013330       ?allocate@?$allocator@Vvec3f@@@std@@QAEPAVvec3f@@I@Z 00414330 f i trimesh.obj
 0001:000133a0       ?doubleCheck@Trimesh@@QAEPADXZ 004143a0 f   trimesh.obj
 0001:00013440       ?generateNormals@Trimesh@@QAEXXZ 00414440 f   trimesh.obj
 0001:000136d0       ?hasBoundingBoxCapability@TrimeshFace@@UBE_NXZ 004146d0 f i trimesh.obj
 0001:000136e0       ?intersectLocal@TrimeshFace@@UBE_NABVray@@AAVisect@@@Z 004146e0 f   trimesh.obj
 0001:00013e20       ?push_back@?$vector@PAVMaterial@@V?$allocator@PAVMaterial@@@std@@@std@@QAEXABQAVMaterial@@@Z 00414e20 f i trimesh.obj
 0001:00013e90       ?push_back@?$vector@PAVTrimeshFace@@V?$allocator@PAVTrimeshFace@@@std@@@std@@QAEXABQAVTrimeshFace@@@Z 00414e90 f i trimesh.obj
 0001:00013f00       ?push_back@?$vector@Vvec3f@@V?$allocator@Vvec3f@@@std@@@std@@QAEXABVvec3f@@@Z 00414f00 f i trimesh.obj
 0001:00013fb0       ?resize@?$vector@Vvec3f@@V?$allocator@Vvec3f@@@std@@@std@@QAEXI@Z 00414fb0 f i trimesh.obj
 0001:000140b0       ?visual@Fl@@SAHH@Z         004150b0 f   fltk:Fl_visual.obj
 0001:00014110       ?option@Fl@@SA_NW4Fl_Option@1@@Z 00415110 f   fltk:Fl.obj
 0001:000143a0       ?option@Fl@@SAXW4Fl_Option@1@_N@Z 004153a0 f   fltk:Fl.obj
 0001:000143e0       ?version@Fl@@SANXZ         004153e0 f   fltk:Fl.obj
 0001:000143f0       ?scrollbar_size@Fl@@SAHXZ  004153f0 f   fltk:Fl.obj
 0001:00014400       ?scrollbar_size@Fl@@SAXH@Z 00415400 f   fltk:Fl.obj
 0001:00014410       ?wait@Fl@@SAHXZ            00415410 f   fltk:Fl.obj
 0001:00014460       ?wait@Fl@@SANN@Z           00415460 f   fltk:Fl.obj
 0001:00014490       ?check@Fl@@SAHXZ           00415490 f   fltk:Fl.obj
 0001:000144d0       ?ready@Fl@@SAHXZ           004154d0 f   fltk:Fl.obj
 0001:000144e0       ?run@Fl@@SAHXZ             004154e0 f   fltk:Fl.obj
 0001:00014510       ?add_timeout@Fl@@SAXNP6AXPAX@Z0@Z 00415510 f   fltk:Fl.obj
 0001:00014540       ?repeat_timeout@Fl@@SAXNP6AXPAX@Z0@Z 00415540 f   fltk:Fl.obj
 0001:000146f0       ?has_timeout@Fl@@SAHP6AXPAX@Z0@Z 004156f0 f   fltk:Fl.obj
 0001:00014750       ?remove_timeout@Fl@@SAXP6AXPAX@Z0@Z 00415750 f   fltk:Fl.obj
 0001:000147c0       ?add_check@Fl@@SAXP6AXPAX@Z0@Z 004157c0 f   fltk:Fl.obj
 0001:00014840       ?has_check@Fl@@SAHP6AXPAX@Z0@Z 00415840 f   fltk:Fl.obj
 0001:00014890       ?remove_check@Fl@@SAXP6AXPAX@Z0@Z 00415890 f   fltk:Fl.obj
 0001:00014910       ?add_fd@Fl@@SAXHHP6AXHPAX@Z0@Z 00415910 f   fltk:Fl.obj
 0001:00014be0       ?add_fd@Fl@@SAXHP6AXHPAX@Z0@Z 00415be0 f   fltk:Fl.obj
 0001:00014c00       ?remove_fd@Fl@@SAXHH@Z     00415c00 f   fltk:Fl.obj
 0001:00014f00       ?remove_fd@Fl@@SAXH@Z      00415f00 f   fltk:Fl.obj
 0001:00014f20       ?redraw@Fl@@SAXXZ          00415f20 f   fltk:Fl.obj
 0001:00014f50       ?flush@Fl@@SAXXZ           00415f50 f   fltk:Fl.obj
 0001:00015020       ?first_window@Fl@@SAPAVFl_Window@@XZ 00416020 f   fltk:Fl.obj
 0001:00015050       ?first_window@Fl@@SAXPAVFl_Window@@@Z 00416050 f   fltk:Fl.obj
 0001:000150a0       ?next_window@Fl@@SAPAVFl_Window@@PBV2@@Z 004160a0 f   fltk:Fl.obj
 0001:000150e0       ?get_mouse@Fl@@SAXAAH0@Z   004160e0 f   fltk:Fl.obj
 0001:00015110       ?event_inside@Fl@@SAHHHHH@Z 00416110 f   fltk:Fl.obj
 0001:00015160       ?event_inside@Fl@@SAHPBVFl_Widget@@@Z 00416160 f   fltk:Fl.obj
 0001:000151e0       ?enable_im@Fl@@SAXXZ       004161e0 f   fltk:Fl.obj
 0001:00015220       ?disable_im@Fl@@SAXXZ      00416220 f   fltk:Fl.obj
 0001:00015260       ?handle@Fl@@SAHHPAVFl_Window@@@Z 00416260 f   fltk:Fl.obj
 0001:000152a0       ?handle_@Fl@@SAHHPAVFl_Window@@@Z 004162a0 f   fltk:Fl.obj
 0001:00015980       ?belowmouse@Fl@@SAXPAVFl_Widget@@@Z 00416980 f   fltk:Fl.obj
 0001:00015a20       ?pushed@Fl@@SAXPAVFl_Widget@@@Z 00416a20 f   fltk:Fl.obj
 0001:00015a30       ?focus@Fl@@SAXPAVFl_Widget@@@Z 00416a30 f   fltk:Fl.obj
 0001:00015b30       ?add_handler@Fl@@SAXP6AHH@Z@Z 00416b30 f   fltk:Fl.obj
 0001:00015b70       ?remove_handler@Fl@@SAXP6AHH@Z@Z 00416b70 f   fltk:Fl.obj
 0001:00015bf0       ?add_system_handler@Fl@@SAXP6AHPAX0@Z0@Z 00416bf0 f   fltk:Fl.obj
 0001:00015c40       ?remove_system_handler@Fl@@SAXP6AHPAX0@Z@Z 00416c40 f   fltk:Fl.obj
 0001:00015cc0       ?event_dispatch@Fl@@SAXP6AHHPAVFl_Window@@@Z@Z 00416cc0 f   fltk:Fl.obj
 0001:00015cd0       ?event_dispatch@Fl@@SAP6AHHPAVFl_Window@@@ZXZ 00416cd0 f   fltk:Fl.obj
 0001:00015ce0       ?copy@Fl@@SAXPBDHH0@Z      00416ce0 f   fltk:Fl.obj
 0001:00015e10       ?copy@Fl@@SAXPBDHH@Z       00416e10 f   fltk:Fl.obj
 0001:00015e30       ?paste@Fl@@SAXAAVFl_Widget@@HPBD@Z 00416e30 f   fltk:Fl.obj
 0001:00016b20       ?paste@Fl@@SAXAAVFl_Widget@@H@Z 00417b20 f   fltk:Fl.obj
 0001:00016b40       ?add_clipboard_notify@Fl@@SAXP6AXHPAX@Z0@Z 00417b40 f   fltk:Fl.obj
 0001:00016ba0       ?remove_clipboard_notify@Fl@@SAXP6AXHPAX@Z@Z 00417ba0 f   fltk:Fl.obj
 0001:00016c10       ?clipboard_contains@Fl@@SAHPBD@Z 00417c10 f   fltk:Fl.obj
 0001:00016cc0       ?selection_owner@Fl@@SAXPAVFl_Widget@@@Z 00417cc0 f   fltk:Fl.obj
 0001:00016cd0       ?selection@Fl@@SAXAAVFl_Widget@@PBDH@Z 00417cd0 f   fltk:Fl.obj
 0001:00016cf0       ?paste@Fl@@SAXAAVFl_Widget@@@Z 00417cf0 f   fltk:Fl.obj
 0001:00016d10       ?x@Fl@@SAHXZ               00417d10 f   fltk:Fl.obj
 0001:00016d50       ?y@Fl@@SAHXZ               00417d50 f   fltk:Fl.obj
 0001:00016d90       ?w@Fl@@SAHXZ               00417d90 f   fltk:Fl.obj
 0001:00016dd0       ?h@Fl@@SAHXZ               00417dd0 f   fltk:Fl.obj
 0001:00016e10       ?thread_message@Fl@@SAPAXXZ 00417e10 f   fltk:Fl.obj
 0001:00016e30       ?delete_widget@Fl@@SAXPAVFl_Widget@@@Z 00417e30 f   fltk:Fl.obj
 0001:00016f30       ?do_widget_deletion@Fl@@SAXXZ 00417f30 f   fltk:Fl.obj
 0001:00016fb0       ?watch_widget_pointer@Fl@@SAXAAPAVFl_Widget@@@Z 00417fb0 f   fltk:Fl.obj
 0001:00017050       ?release_widget_pointer@Fl@@SAXAAPAVFl_Widget@@@Z 00418050 f   fltk:Fl.obj
 0001:000170d0       ?clear_widget_pointer@Fl@@SAXPBVFl_Widget@@@Z 004180d0 f   fltk:Fl.obj
 0001:00017140       ??0Fl_Widget_Tracker@@QAE@PAVFl_Widget@@@Z 00418140 f   fltk:Fl.obj
 0001:00017170       ??1Fl_Widget_Tracker@@QAE@XZ 00418170 f   fltk:Fl.obj
 0001:000171c0       ?redraw@Fl_Widget@@QAEXXZ  004181c0 f   fltk:Fl.obj
 0001:000171e0       ?redraw_label@Fl_Widget@@QAEXXZ 004181e0 f   fltk:Fl.obj
 0001:000177e0       ?damage@Fl_Widget@@QAEXE@Z 004187e0 f   fltk:Fl.obj
 0001:000178a0       ?damage@Fl_Widget@@QAEXEHHHH@Z 004188a0 f   fltk:Fl.obj
 0001:00017a90       ?size_range_@Fl_Window@@AAEXXZ 00418a90 f   fltk:Fl.obj
 0001:00017ab0       ?fullscreen_x@Fl_Window@@AAEXXZ 00418ab0 f   fltk:Fl.obj
 0001:00017b20       ?fullscreen_off_x@Fl_Window@@AAEXHHHH@Z 00418b20 f   fltk:Fl.obj
 0001:00017d00       ?flush@Fl_Window@@MAEXXZ   00418d00 f   fltk:Fl.obj
 0001:00017d70       ?handle@Fl_Window@@UAEHH@Z 00418d70 f   fltk:Fl.obj
 0001:00017ee0       ?resize@Fl_Window@@UAEXHHHH@Z 00418ee0 f   fltk:Fl.obj
 0001:000181c0       ?label@Fl_Window@@QAEXPBD0@Z 004191c0 f   fltk:Fl.obj
 0001:000182b0       ?default_icons@Fl_Window@@SAXPAUHICON__@@0@Z 004192b0 f   fltk:Fl.obj
 0001:000182d0       ?icons@Fl_Window@@QAEXPAUHICON__@@0@Z 004192d0 f   fltk:Fl.obj
 0001:00018330       ?show@Fl_Window@@UAEXXZ    00419330 f   fltk:Fl.obj
 0001:000183f0       ?hide@Fl_Window@@UAEXXZ    004193f0 f   fltk:Fl.obj
 0001:00018850       ?make_current@Fl_Window@@QAEXXZ 00419850 f   fltk:Fl.obj
 0001:000188b0       ?decorated_w@Fl_Window@@QAEHXZ 004198b0 f   fltk:Fl.obj
 0001:00018980       ?decorated_h@Fl_Window@@QAEHXZ 00419980 f   fltk:Fl.obj
 0001:00018a50       ?XRectangleRegion@@YAPAUHRGN__@@HHHH@Z 00419a50 f   fltk:Fl.obj
 0001:00018b00       ?fake_X_wm@Fl_X@@SAHPBVFl_Window@@AAH1111@Z 00419b00 f   fltk:Fl.obj
 0001:00019230       ?make_fullscreen@Fl_X@@QAEXHHHH@Z 0041a230 f   fltk:Fl.obj
 0001:00019390       ?set_minmax@Fl_X@@QAEXPAUtagMINMAXINFO@@@Z 0041a390 f   fltk:Fl.obj
 0001:00019480       ?set_default_icons@Fl_X@@SAXQAPBVFl_RGB_Image@@H@Z 0041a480 f   fltk:Fl.obj
 0001:00019540       ?set_default_icons@Fl_X@@SAXPAUHICON__@@0@Z 0041a540 f   fltk:Fl.obj
 0001:000195b0       ?set_icons@Fl_X@@QAEXXZ    0041a5b0 f   fltk:Fl.obj
 0001:00019750       ?set_cursor@Fl_X@@QAEHW4Fl_Cursor@@@Z 0041a750 f   fltk:Fl.obj
 0001:000198e0       ?set_cursor@Fl_X@@QAEHPBVFl_RGB_Image@@HH@Z 0041a8e0 f   fltk:Fl.obj
 0001:00019960       ?make@Fl_X@@SAPAV1@PAVFl_Window@@@Z 0041a960 f   fltk:Fl.obj
 0001:0001a600       ?fl_release_dc@@YAXPAUHWND__@@PAUHDC__@@@Z 0041b600 f   fltk:Fl.obj
 0001:0001a6a0       ?fl_save_dc@@YAXPAUHWND__@@PAUHDC__@@@Z 0041b6a0 f   fltk:Fl.obj
 0001:0001a710       ?fl_open_display@@YAXXZ    0041b710 f   fltk:Fl.obj
 0001:0001a740       ?fl_find@@YAPAVFl_Window@@PAUHWND__@@@Z 0041b740 f   fltk:Fl.obj
 0001:0001a7c0       ?fl_GetDC@@YAPAUHDC__@@PAUHWND__@@@Z 0041b7c0 f   fltk:Fl.obj
 0001:0001a860       ?fl_free_fonts@@YAXXZ      0041b860 f   fltk:Fl.obj
 0001:0001a920       ?fl_cleanup_dc_list@@YAXXZ 0041b920 f   fltk:Fl.obj
 0001:0001a9f0       ?fl_clipboard_notify_change@@YAXXZ 0041b9f0 f   fltk:Fl.obj
 0001:0001aa70       ?fl_clipboard_notify_empty@@YA_NXZ 0041ba70 f   fltk:Fl.obj
 0001:0001aaa0       ?fl_trigger_clipboard_notify@@YAXH@Z 0041baa0 f   fltk:Fl.obj
 0001:0001aae0       ?fl_ready@@YAHXZ           0041bae0 f   fltk:Fl.obj
 0001:0001abc0       ?fl_wait@@YAHN@Z           0041bbc0 f   fltk:Fl.obj
 0001:0001afd0       ?fl_send_system_handlers@@YAHPAX@Z 0041bfd0 f   fltk:Fl.obj
 0001:0001b030       ?fl_fix_focus@@YAXXZ       0041c030 f   fltk:Fl.obj
 0001:0001b210       ?fl_throw_focus@@YAXPAVFl_Widget@@@Z 0041c210 f   fltk:Fl.obj
 0001:0001b3e0       ?fl_clipboard_notify_retarget@@YAXPAUHWND__@@@Z 0041c3e0 f   fltk:Fl.obj
 0001:0001b440       ?fl_update_clipboard@@YAXXZ 0041c440 f   fltk:Fl.obj
 0001:0001b550       ?fl_set_status@@YAXHHHH@Z  0041c550 f   fltk:Fl.obj
 0001:0001b560       ?fl_set_spot@@YAXHHHHHHPAVFl_Window@@@Z 0041c560 f   fltk:Fl.obj
 0001:0001b6c0       ?fl_reset_spot@@YAXXZ      0041c6c0 f   fltk:Fl.obj
 0001:0001b6d0       ?print_window@Fl_Paged_Device@@QAEXPAVFl_Window@@HH@Z 0041c6d0 f   fltk:Fl.obj
 0001:0001bd00       ?fl_get_lcid_codepage@@YAIK@Z 0041cd00 f   fltk:Fl.obj
 0001:0001bd60       ?fl_get_codepage@@YAXXZ    0041cd60 f   fltk:Fl.obj
 0001:0001d320       ?fl_filename_name@@YAPBDPBD@Z 0041e320 f   fltk:Fl.obj
 0001:0001d920       ?fl_xid_@@YAPAUHWND__@@PBVFl_Window@@@Z 0041e920 f   fltk:Fl.obj
 0001:0001d950       ??0Lf2CrlfConvert@@QAE@PBDH@Z 0041e950 f i fltk:Fl.obj
 0001:0001db10       ??1Fl_Win32_At_Exit@@QAE@XZ 0041eb10 f i fltk:Fl.obj
 0001:0001db80       ??1Lf2CrlfConvert@@QAE@XZ  0041eb80 f i fltk:Fl.obj
 0001:0001dbb0       ??1NameList@@QAE@XZ        0041ebb0 f i fltk:Fl.obj
 0001:0001dc10       ??_GFl_Device@@UAEPAXI@Z   0041ec10 f i fltk:Fl.obj
 0001:0001dc10       ??_EFl_Device@@UAEPAXI@Z   0041ec10 f i fltk:Fl.obj
 0001:0001dc40       ??_GFl_GDI_Graphics_Driver@@UAEPAXI@Z 0041ec40 f i fltk:Fl.obj
 0001:0001dc40       ??_EFl_GDI_Graphics_Driver@@UAEPAXI@Z 0041ec40 f i fltk:Fl.obj
 0001:0001dca0       ??_GFl_Graphics_Driver@@UAEPAXI@Z 0041eca0 f i fltk:Fl.obj
 0001:0001dca0       ??_EFl_Graphics_Driver@@UAEPAXI@Z 0041eca0 f i fltk:Fl.obj
 0001:0001dd00       ??_GFl_Image@@UAEPAXI@Z    0041ed00 f i fltk:Fl.obj
 0001:0001dd00       ??_EFl_Image@@UAEPAXI@Z    0041ed00 f i fltk:Fl.obj
 0001:0001dd30       ??_GFl_RGB_Image@@UAEPAXI@Z 0041ed30 f i fltk:Fl.obj
 0001:0001dd30       ??_EFl_RGB_Image@@UAEPAXI@Z 0041ed30 f i fltk:Fl.obj
 0001:0001dd60       ??_GFl_Surface_Device@@UAEPAXI@Z 0041ed60 f i fltk:Fl.obj
 0001:0001dd60       ??_EFl_Surface_Device@@UAEPAXI@Z 0041ed60 f i fltk:Fl.obj
 0001:0001dda0       ?add_name@NameList@@QAEXPBD@Z 0041eda0 f i fltk:Fl.obj
 0001:0001de20       ?class_name@Fl_Device@@UAEPBDXZ 0041ee20 f i fltk:Fl.obj
 0001:0001de30       ?class_name@Fl_GDI_Graphics_Driver@@UAEPBDXZ 0041ee30 f i fltk:Fl.obj
 0001:0001de40       ?class_name@Fl_Graphics_Driver@@UAEPBDXZ 0041ee40 f i fltk:Fl.obj
 0001:0001de50       ?class_name@Fl_Surface_Device@@UAEPBDXZ 0041ee50 f i fltk:Fl.obj
 0001:0001de60       ?color@Fl_Graphics_Driver@@MAEXEEE@Z 0041ee60 f i fltk:Fl.obj
 0001:0001de70       ?color@Fl_Graphics_Driver@@MAEXI@Z 0041ee70 f i fltk:Fl.obj
 0001:0001de90       ?descent@Fl_Graphics_Driver@@UAEHXZ 0041ee90 f i fltk:Fl.obj
 0001:0001dea0       ?draw@Fl_Graphics_Driver@@MAEXHPBDHHH@Z 0041eea0 f i fltk:Fl.obj
 0001:0001deb0       ?draw@Fl_Graphics_Driver@@MAEXPAVFl_Bitmap@@HHHHHH@Z 0041eeb0 f i fltk:Fl.obj
 0001:0001dec0       ?draw@Fl_Graphics_Driver@@MAEXPAVFl_Pixmap@@HHHHHH@Z 0041eec0 f i fltk:Fl.obj
 0001:0001ded0       ?draw@Fl_Graphics_Driver@@MAEXPAVFl_RGB_Image@@HHHHHH@Z 0041eed0 f i fltk:Fl.obj
 0001:0001dee0       ?draw@Fl_Graphics_Driver@@MAEXPBDHHH@Z 0041eee0 f i fltk:Fl.obj
 0001:0001def0       ?draw_image@Fl_Graphics_Driver@@MAEXP6AXPAXHHHPAE@Z0HHHHH@Z 0041eef0 f i fltk:Fl.obj
 0001:0001df00       ?draw_image@Fl_Graphics_Driver@@MAEXPBEHHHHHH@Z 0041ef00 f i fltk:Fl.obj
 0001:0001df10       ?draw_image_mono@Fl_Graphics_Driver@@MAEXP6AXPAXHHHPAE@Z0HHHHH@Z 0041ef10 f i fltk:Fl.obj
 0001:0001df20       ?draw_image_mono@Fl_Graphics_Driver@@MAEXPBEHHHHHH@Z 0041ef20 f i fltk:Fl.obj
 0001:0001df30       ?font@Fl_Graphics_Driver@@UAEXHH@Z 0041ef30 f i fltk:Fl.obj
 0001:0001df50       ?height@Fl_Graphics_Driver@@UAEHXZ 0041ef50 f i fltk:Fl.obj
 0001:0001df70       ?rtl_draw@Fl_Graphics_Driver@@MAEXPBDHHH@Z 0041ef70 f i fltk:Fl.obj
 0001:0001df80       ?width@Fl_Graphics_Driver@@UAENI@Z 0041ef80 f i fltk:Fl.obj
 0001:0001dfb0       ?width@Fl_Graphics_Driver@@UAENPBDH@Z 0041efb0 f i fltk:Fl.obj
 0001:0001dfc0       ?fl_beep@@YAXH@Z           0041efc0 f   fltk:fl_ask.obj
 0001:0001e030       ?fl_message@@YAXPBDZZ      0041f030 f   fltk:fl_ask.obj
 0001:0001e090       ?fl_alert@@YAXPBDZZ        0041f090 f   fltk:fl_ask.obj
 0001:0001e0f0       ?fl_ask@@YAHPBDZZ          0041f0f0 f   fltk:fl_ask.obj
 0001:0001e140       ?fl_choice@@YAHPBD000ZZ    0041f140 f   fltk:fl_ask.obj
 0001:0001e190       ?fl_input@@YAPBDPBD0ZZ     0041f190 f   fltk:fl_ask.obj
 0001:0001e1e0       ?fl_password@@YAPBDPBD0ZZ  0041f1e0 f   fltk:fl_ask.obj
 0001:0001e230       ?fl_message_icon@@YAPAVFl_Widget@@XZ 0041f230 f   fltk:fl_ask.obj
 0001:0001e240       ?fl_message_hotspot@@YAXH@Z 0041f240 f   fltk:fl_ask.obj
 0001:0001e270       ?fl_message_hotspot@@YAHXZ 0041f270 f   fltk:fl_ask.obj
 0001:0001e280       ?fl_message_title@@YAXPBD@Z 0041f280 f   fltk:fl_ask.obj
 0001:0001e2a0       ?fl_message_title_default@@YAXPBD@Z 0041f2a0 f   fltk:fl_ask.obj
 0001:0001f120       ??$__vcrt_va_start_verify_argument_type@PBD@@YAXXZ 00420120 f i fltk:fl_ask.obj
 0001:0001f130       ?default_atclose@Fl@@SAXPAVFl_Window@@PAX@Z 00420130 f   fltk:Fl_Window.obj
 0001:0001f160       ?window@Fl_Widget@@QBEPAVFl_Window@@XZ 00420160 f   fltk:Fl_Window.obj
 0001:0001f1b0       ?top_window@Fl_Widget@@QBEPAVFl_Window@@XZ 004201b0 f   fltk:Fl_Window.obj
 0001:0001f1f0       ?top_window_offset@Fl_Widget@@QBEPAVFl_Window@@AAH0@Z 004201f0 f   fltk:Fl_Window.obj
 0001:0001f270       ?_Fl_Window@Fl_Window@@AAEXXZ 00420270 f   fltk:Fl_Window.obj
 0001:0001f360       ?free_icons@Fl_Window@@IAEXXZ 00420360 f   fltk:Fl_Window.obj
 0001:0001f470       ??0Fl_Window@@QAE@HHPBD@Z  00420470 f   fltk:Fl_Window.obj
 0001:0001f510       ??0Fl_Window@@QAE@HHHHPBD@Z 00420510 f   fltk:Fl_Window.obj
 0001:0001f5b0       ??1Fl_Window@@UAE@XZ       004205b0 f   fltk:Fl_Window.obj
 0001:0001f6a0       ?label@Fl_Window@@QAEXPBD@Z 004206a0 f   fltk:Fl_Window.obj
 0001:0001f6d0       ?iconlabel@Fl_Window@@QAEXPBD@Z 004206d0 f   fltk:Fl_Window.obj
 0001:0001f700       ?copy_label@Fl_Window@@QAEXPBD@Z 00420700 f   fltk:Fl_Window.obj
 0001:0001f740       ?default_xclass@Fl_Window@@SAXPBD@Z 00420740 f   fltk:Fl_Window.obj
 0001:0001f780       ?default_xclass@Fl_Window@@SAPBDXZ 00420780 f   fltk:Fl_Window.obj
 0001:0001f7a0       ?xclass@Fl_Window@@QBEPBDXZ 004207a0 f   fltk:Fl_Window.obj
 0001:0001f7d0       ?xclass@Fl_Window@@QAEXPBD@Z 004207d0 f   fltk:Fl_Window.obj
 0001:0001f830       ?default_icon@Fl_Window@@SAXPBVFl_RGB_Image@@@Z 00420830 f   fltk:Fl_Window.obj
 0001:0001f850       ?default_icons@Fl_Window@@SAXQAPBVFl_RGB_Image@@H@Z 00420850 f   fltk:Fl_Window.obj
 0001:0001f870       ?icon@Fl_Window@@QAEXPBVFl_RGB_Image@@@Z 00420870 f   fltk:Fl_Window.obj
 0001:0001f890       ?icons@Fl_Window@@QAEXQAPBVFl_RGB_Image@@H@Z 00420890 f   fltk:Fl_Window.obj
 0001:0001f960       ?icon@Fl_Window@@QBEPBXXZ  00420960 f   fltk:Fl_Window.obj
 0001:0001f980       ?icon@Fl_Window@@QAEXPBX@Z 00420980 f   fltk:Fl_Window.obj
 0001:0001f9a0       ?wait_for_expose@Fl_Window@@QAEXXZ 004209a0 f   fltk:Fl_Window.obj
 0001:0001f9f0       ?x_root@Fl_Window@@QBEHXZ  004209f0 f   fltk:Fl_Window.obj
 0001:0001fa30       ?y_root@Fl_Window@@QBEHXZ  00420a30 f   fltk:Fl_Window.obj
 0001:0001fa70       ?current@Fl_Window@@SAPAV1@XZ 00420a70 f   fltk:Fl_Window.obj
 0001:0001fa80       ?default_callback@Fl_Window@@SAXPAV1@PAX@Z 00420a80 f   fltk:Fl_Window.obj
 0001:0001faa0       ??_GFl_Window@@UAEPAXI@Z   00420aa0 f i fltk:Fl_Window.obj
 0001:0001faa0       ??_EFl_Window@@UAEPAXI@Z   00420aa0 f i fltk:Fl_Window.obj
 0001:0001fae0       ?as_gl_window@Fl_Widget@@UAEPAVFl_Gl_Window@@XZ 00420ae0 f i fltk:Fl_Window.obj
 0001:0001faf0       ?navigation@Fl_Group@@AAEHH@Z 00420af0 f   fltk:Fl_Group.obj
 0001:0001fcb0       ?draw@Fl_Group@@MAEXXZ     00420cb0 f   fltk:Fl_Group.obj
 0001:0001fcf0       ?draw_child@Fl_Group@@IBEXAAVFl_Widget@@@Z 00420cf0 f   fltk:Fl_Group.obj
 0001:0001fda0       ?draw_children@Fl_Group@@IAEXXZ 00420da0 f   fltk:Fl_Group.obj
 0001:0001ff80       ?draw_outside_label@Fl_Group@@IBEXABVFl_Widget@@@Z 00420f80 f   fltk:Fl_Group.obj
 0001:00020210       ?update_child@Fl_Group@@IBEXAAVFl_Widget@@@Z 00421210 f   fltk:Fl_Group.obj
 0001:000202d0       ?sizes@Fl_Group@@IAEPAHXZ  004212d0 f   fltk:Fl_Group.obj
 0001:00020610       ?handle@Fl_Group@@UAEHH@Z  00421610 f   fltk:Fl_Group.obj
 0001:00020fd0       ?begin@Fl_Group@@QAEXXZ    00421fd0 f   fltk:Fl_Group.obj
 0001:00020ff0       ?end@Fl_Group@@QAEXXZ      00421ff0 f   fltk:Fl_Group.obj
 0001:00021010       ?current@Fl_Group@@SAPAV1@XZ 00422010 f   fltk:Fl_Group.obj
 0001:00021020       ?current@Fl_Group@@SAXPAV1@@Z 00422020 f   fltk:Fl_Group.obj
 0001:00021030       ?find@Fl_Group@@QBEHPBVFl_Widget@@@Z 00422030 f   fltk:Fl_Group.obj
 0001:00021090       ?array@Fl_Group@@QBEPBQAVFl_Widget@@XZ 00422090 f   fltk:Fl_Group.obj
 0001:000210c0       ?resize@Fl_Group@@UAEXHHHH@Z 004220c0 f   fltk:Fl_Group.obj
 0001:000214d0       ??0Fl_Group@@QAE@HHHHPBD@Z 004224d0 f   fltk:Fl_Group.obj
 0001:00021580       ??1Fl_Group@@UAE@XZ        00422580 f   fltk:Fl_Group.obj
 0001:000215d0       ?add@Fl_Group@@QAEXAAVFl_Widget@@@Z 004225d0 f   fltk:Fl_Group.obj
 0001:000215f0       ?insert@Fl_Group@@QAEXAAVFl_Widget@@H@Z 004225f0 f   fltk:Fl_Group.obj
 0001:00021790       ?remove@Fl_Group@@QAEXH@Z  00422790 f   fltk:Fl_Group.obj
 0001:00021890       ?remove@Fl_Group@@QAEXAAVFl_Widget@@@Z 00422890 f   fltk:Fl_Group.obj
 0001:000218d0       ?clear@Fl_Group@@QAEXXZ    004228d0 f   fltk:Fl_Group.obj
[...]
 0003:00002d8c       ?s_wsock_select@@3P6GHHPAUfd_set@@00PBUtimeval@@@ZA 00489d8c     fltk:Fl.obj
 0003:00002d90       ?fl_wsk_fd_is_set@@3P6GHIPAUfd_set@@@ZA 00489d90     fltk:Fl.obj
 0003:00002dbc       ?s_imm_module@@3PAUHINSTANCE__@@A 00489dbc     fltk:Fl.obj
 0003:00002dc0       ?flImmAssociateContextEx@@3P6GHPAUHWND__@@PAUHIMC__@@K@ZA 00489dc0     fltk:Fl.obj
 0003:00002dc5       ?dnd_flag@@3DA             00489dc5     fltk:Fl.obj
 0003:00002dc8       ?flImmGetContext@@3P6GPAUHIMC__@@PAUHWND__@@@ZA 00489dc8     fltk:Fl.obj
 0003:00002dd0       ?flImmSetCompositionWindow@@3P6GHPAUHIMC__@@PAUtagCOMPOSITIONFORM@@@ZA 00489dd0     fltk:Fl.obj
 0003:00002dd4       ?flImmReleaseContext@@3P6GHPAUHWND__@@PAUHIMC__@@@ZA 00489dd4     fltk:Fl.obj
 0003:00002dd8       ?sys_handlers@@3PAUsystem_handler_link@@A 00489dd8     fltk:Fl.obj
 0003:00002ddc       ?track_mouse_win@@3PAVFl_Window@@A 00489ddc     fltk:Fl.obj
 0003:00002de0       ?maxfd@@3HA                00489de0     fltk:Fl.obj
 0003:00002de4       ?nfds@@3HA                 00489de4     fltk:Fl.obj
 0003:00002de8       ?fd_array_size@@3HA        00489de8     fltk:Fl.obj
 0003:00002e14       ?fd@@3PAUFD@@A             00489e14     fltk:Fl.obj
 0003:00002e74       ?default_big_icon@@3PAUHICON__@@A 00489e74     fltk:Fl.obj
 0003:00002e78       ?default_small_icon@@3PAUHICON__@@A 00489e78     fltk:Fl.obj
 0003:00002e7c       ?win_DC_list@@3PAUWin_DC_List@@A 00489e7c     fltk:Fl.obj
 0003:00002e88       ?num_dwidgets@@3HA         00489e88     fltk:Fl.obj
 0003:00002e8c       ?alloc_dwidgets@@3HA       00489e8c     fltk:Fl.obj
 0003:00002e90       ?dwidgets@@3PAPAVFl_Widget@@A 00489e90     fltk:Fl.obj
 0003:00002e94       ?widget_watch@@3PAPAPAVFl_Widget@@A 00489e94     fltk:Fl.obj
 0003:00002e98       ?num_widget_watch@@3HA     00489e98     fltk:Fl.obj
 0003:00002e9c       ?max_widget_watch@@3HA     00489e9c     fltk:Fl.obj
 0003:00002ea8       ?win32_at_exit@@3VFl_Win32_At_Exit@@A 00489ea8     fltk:Fl.obj
 0003:00002eac       ?fl_gdi_display@@3VFl_Display_Device@@A 00489eac     fltk:Fl.obj
 0003:00002eb8       ?fl_gdi_driver@@3VFl_GDI_Graphics_Driver@@A 00489eb8     fltk:Fl.obj
 0003:000035a0       ?first_check@@3PAUCheck@@A 0048a5a0     fltk:Fl.obj
 0003:000035a4       ?next_check@@3PAUCheck@@A  0048a5a4     fltk:Fl.obj
 0003:000035a8       ?free_check@@3PAUCheck@@A  0048a5a8     fltk:Fl.obj
 0003:000035ac       ?thread_message_@@3PAXA    0048a5ac     fltk:Fl.obj
 0003:000035b0       ?fdsets@@3PAUfd_set@@A     0048a5b0     fltk:Fl.obj
 0003:000038bc       ?win32_timers@@3PAUWin32Timer@@A 0048a8bc     fltk:Fl.obj
 0003:000038c0       ?win32_timer_alloc@@3HA    0048a8c0     fltk:Fl.obj
 0003:000038c4       ?win32_timer_used@@3HA     0048a8c4     fltk:Fl.obj
 0003:000038c8       ?s_TimerWnd@@3PAUHWND__@@A 0048a8c8     fltk:Fl.obj
 0003:000038cc       ?resize_bug_fix@@3PAVFl_Window@@A 0048a8cc     fltk:Fl.obj
 0003:000038d0       ?in_idle@?1??fl_wait@@YAHN@Z@4DA 0048a8d0     fltk:Fl.obj
 0003:000038d1       ?beenHereDoneThat@?1??fl_open_display@@YAXXZ@4DA 0048a8d1     fltk:Fl.obj
 0003:000038d4       ?px@?1??mouse_event@@YAHPAVFl_Window@@HHIJ@Z@4HA 0048a8d4     fltk:Fl.obj
 0003:000038d8       ?py@?1??mouse_event@@YAHPAVFl_Window@@HHIJ@Z@4HA 0048a8d8     fltk:Fl.obj
 0003:000038dc       ?pmx@?1??mouse_event@@YAHPAVFl_Window@@HHIJ@Z@4HA 0048a8dc     fltk:Fl.obj
 0003:000038e0       ?pmy@?1??mouse_event@@YAHPAVFl_Window@@HHIJ@Z@4HA 0048a8e0     fltk:Fl.obj
 0003:000038e8       ?vklut@?1??ms2fltk@@YAHIH@Z@4PAGA 0048a8e8     fltk:Fl.obj
 0003:00003ae8       ?extendedlut@?1??ms2fltk@@YAHIH@Z@4PAGA 0048aae8     fltk:Fl.obj
 0003:00003ce8       ?buffer@?DH@??WndProc@@YGJPAUHWND__@@IIJ@Z@4PADA 0048ace8     fltk:Fl.obj
 0003:000040e8       ?delta@?GG@??WndProc@@YGJPAUHWND__@@IIJ@Z@4HA 0048b0e8     fltk:Fl.obj
 0003:000040ec       ?delta@?GJ@??WndProc@@YGJPAUHWND__@@IIJ@Z@4HA 0048b0ec     fltk:Fl.obj
 0003:000040f0       ?class_name_list@?1??make@Fl_X@@SAPAV2@PAVFl_Window@@@Z@4VNameList@@A 0048b0f0     fltk:Fl.obj
 0003:000040fc       ?$TSS0@?1??make@Fl_X@@SAPAV2@PAVFl_Window@@@Z@4HA 0048b0fc     fltk:Fl.obj
 0003:00004100       ?first_class_name@?1??make@Fl_X@@SAPAV2@PAVFl_Window@@@Z@4PBDB 0048b100     fltk:Fl.obj
 0003:00004104       ?avoidRecursion@@3DA       0048b104     fltk:fl_ask.obj
 0003:0000410c       ?message_form@@3PAVFl_Window@@A 0048b10c     fltk:fl_ask.obj
 0003:00004110       ?message@@3PAVFl_Box@@A    0048b110     fltk:fl_ask.obj
 0003:00004114       ?icon@@3PAVFl_Box@@A       0048b114     fltk:fl_ask.obj
 0003:00004118       ?button@@3PAPAVFl_Button@@A 0048b118     fltk:fl_ask.obj
 0003:00004124       ?input@@3PAVFl_Input@@A    0048b124     fltk:fl_ask.obj
 0003:00004128       ?ret_val@@3HA              0048b128     fltk:fl_ask.obj
 0003:0000412c       ?message_title_default@@3PBDB 0048b12c     fltk:fl_ask.obj
 0003:00004140       ?fc@@3PAVFl_File_Chooser@@A 0048b140     fltk:fl_file_dir.obj
 0003:00004144       ?current_callback@@3P6AXPBD@ZA 0048b144     fltk:fl_file_dir.obj
 0003:00004148       ?current_label@@3PBDB      0048b148     fltk:fl_file_dir.obj
 0003:00004150       ?retname@?1??fl_file_chooser@@YAPADPBD00H@Z@4PADA 0048b150     fltk:fl_file_dir.obj
 0003:00004950       ?retname@?1??fl_dir_chooser@@YAPADPBD0H@Z@4PADA 0048b950     fltk:fl_file_dir.obj
 0003:00005150       ?fl_gmi@@3P6GHPAUHMONITOR__@@PAUtagMONITORINFO@@@ZA 0048c150     fltk:screen_xywh.obj
 0003:00005158       ?screens@@3PAUtagRECT@@A   0048c158     fltk:screen_xywh.obj
 0003:00005258       ?work_area@@3PAUtagRECT@@A 0048c258     fltk:screen_xywh.obj
 0003:00005358       ?dpi@@3PAY01MA             0048c358     fltk:screen_xywh.obj
 0003:00005408       ?main_thread@@3KA          0048c408     fltk:Fl_lock.obj
 0003:00005410       ?measure@@3PAP6AXPBUFl_Label@@AAH1@ZA 0048c410     fltk:fl_labeltype.obj
 0003:00005450       ?obj_queue@@3PAPAVFl_Widget@@A 0048c450     fltk:Fl_Widget.obj
 0003:000054a0       ?obj_head@@3HA             0048c4a0     fltk:Fl_Widget.obj
 0003:000054a4       ?obj_tail@@3HA             0048c4a4     fltk:Fl_Widget.obj
 0003:000054b4       ?window@@3PAVFl_TooltipBox@@A 0048c4b4     fltk:Fl_Tooltip.obj
 0003:000054bc       ?tip@@3PBDB                0048c4bc     fltk:Fl_Tooltip.obj
 0003:000054c0       ?Y@@3HA                    0048c4c0     fltk:Fl_Tooltip.obj
 0003:000054c4       ?H@@3HA                    0048c4c4     fltk:Fl_Tooltip.obj
 0003:000054c8       ?recent_tooltip@@3DA       0048c4c8     fltk:Fl_Tooltip.obj
 0003:000054c9       ?recursion@@3DA            0048c4c9     fltk:Fl_Tooltip.obj
 0003:000054ca       ?beenhere@?1??set_enter_exit_once_@Fl_Tooltip@@CAXXZ@4DA 0048c4ca     fltk:Fl_Tooltip.obj
 0003:000060d8       ?tmppen@@3PAXA             0048d0d8     fltk:fl_color.obj
 0003:000060dc       ?savepen@@3PAUHPEN__@@A    0048d0dc     fltk:fl_color.obj
 0003:000060e0       ?xmap@?1??color@Fl_GDI_Graphics_Driver@@UAEXEEE@Z@4UFl_XMap@@A 0048d0e0     fltk:fl_color.obj
 0003:000060f0       ?brushes@?1??fl_brush_action@@YAPAUHBRUSH__@@H@Z@4PAUFl_Brush@?1??1@YAPAU2@H@Z@A 0048d0f0     fltk:fl_color.obj
 0003:000061b0       ?beenhere@?1??fl_select_palette@@YAPAUHPALETTE__@@XZ@4DA 0048d1b0     fltk:fl_color.obj
 0003:000061b4       ?fl_alpha_blend@@3P6GHPAUHDC__@@HHHH0HHHHUFL_BLENDFUNCTION@@@ZA 0048d1b4     fltk:Fl_Double_Window.obj
 0003:000061b8       ?been_here@?1??fl_can_do_alpha_blending@@YADXZ@4DA 0048d1b8     fltk:Fl_Double_Window.obj
 0003:000061b9       ?can_do@?1??fl_can_do_alpha_blending@@YADXZ@4DA 0048d1b9     fltk:Fl_Double_Window.obj
 0003:0000626c       ?hMod@?1??newUUID@Fl_Preferences@@SAPBDXZ@4PAUHINSTANCE__@@A 0048d26c     fltk:Fl_Preferences.obj
 0003:0000627c       ?fl_angle_@@3HA            0048d27c     fltk:fl_font.obj
 0003:00006280       ?wstr@@3PAGA               0048d280     fltk:fl_font.obj
 0003:00006284       ?wstr_len@@3HA             0048d284     fltk:fl_font.obj
 0003:00006288       ?fl_GetGlyphIndices@@3P6GKPAUHDC__@@PB_WHPAGK@ZA 0048d288     fltk:fl_font.obj
 0003:0000628c       ?have_loaded_GetGlyphIndices@@3HA 0048d28c     fltk:fl_font.obj
 0003:00006290       ?ext_buff@?1??text_extents@Fl_GDI_Graphics_Driver@@UAEXPBDHAAH111@Z@4PAGA 0048d290     fltk:fl_font.obj
 0003:00006294       ?w_buff@?1??text_extents@Fl_GDI_Graphics_Driver@@UAEXPBDHAAH111@Z@4PAGA 0048d294     fltk:fl_font.obj
 0003:00006298       ?wc_len@?1??text_extents@Fl_GDI_Graphics_Driver@@UAEXPBDHAAH111@Z@4IA 0048d298     fltk:fl_font.obj
 0003:000062a8       ?hMod@?1??draw@Fl_GDI_Printer_Graphics_Driver@@UAEXPAVFl_Pixmap@@HHHHHH@Z@4PAUHINSTANCE__@@A 0048d2a8     fltk:Fl_Pixmap.obj
 0003:000062ac       ?fl_TransparentBlt@?1??draw@Fl_GDI_Printer_Graphics_Driver@@UAEXPAVFl_Pixmap@@HHHHHH@Z@4P6GHPAUHDC__@@HHHH1HHHHI@ZA 0048d2ac     fltk:Fl_Pixmap.obj
 0003:000062b0       ?fl_TransparentBlt@?1??draw@Fl_GDI_Printer_Graphics_Driver@@UAEXPAVFl_Bitmap@@HHHHHH@Z@4P6GHPAUHDC__@@HHHH1HHHHI@ZA 0048d2b0     fltk:Fl_Bitmap.obj
 0003:000062b4       ?hMod@?1??draw@Fl_GDI_Printer_Graphics_Driver@@UAEXPAVFl_Bitmap@@HHHHHH@Z@4PAUHINSTANCE__@@A 0048d2b4     fltk:Fl_Bitmap.obj
 0003:000062b8       ?ri@?1??dither@@YAXPAEPBEHH@Z@4HA 0048d2b8     fltk:fl_draw_image.obj
 0003:000062bc       ?gi@?1??dither@@YAXPAEPBEHH@Z@4HA 0048d2bc     fltk:fl_draw_image.obj
 0003:000062c0       ?bi@?1??dither@@YAXPAEPBEHH@Z@4HA 0048d2c0     fltk:fl_draw_image.obj
 0003:000062c4       ?dir@?1??dither@@YAXPAEPBEHH@Z@4HA 0048d2c4     fltk:fl_draw_image.obj
 0003:000062c8       ?ri@?1??monodither@@YAXPAEPBEHH@Z@4HA 0048d2c8     fltk:fl_draw_image.obj
 0003:000062cc       ?dir@?1??monodither@@YAXPAEPBEHH@Z@4HA 0048d2cc     fltk:fl_draw_image.obj
 0003:000062d0       ?bmibuffer@?1??innards@@YAXPBEHHHHHHHP6AXPAXHHHPAE@Z1@Z@4PAIA 0048d2d0     fltk:fl_draw_image.obj
 0003:00006700       ?buffer@?1??innards@@YAXPBEHHHHHHHP6AXPAXHHHPAE@Z1@Z@4PAIA 0048d700     fltk:fl_draw_image.obj
 0003:00006704       ?buffer_size@?1??innards@@YAXPBEHHHHHHHP6AXPAXHHHPAE@Z1@Z@4JA 0048d704     fltk:fl_draw_image.obj
 0003:00006708       ?line_buffer@?1??innards@@YAXPBEHHHHHHHP6AXPAXHHHPAE@Z1@Z@4PAIA 0048d708     fltk:fl_draw_image.obj
 0003:0000670c       ?line_buf_size@?CH@??innards@@YAXPBEHHHHHHHP6AXPAXHHHPAE@Z1@Z@4HA 0048d70c     fltk:fl_draw_image.obj
 0003:00006718       ?fl_bg_set@@3DA            0048d718     fltk:Fl_get_system_colors.obj
 0003:00006719       ?fl_bg2_set@@3DA           0048d719     fltk:Fl_get_system_colors.obj
 0003:0000671a       ?fl_fg_set@@3DA            0048d71a     fltk:Fl_get_system_colors.obj
 0003:00006728       ?tile@@3VFl_Pixmap@@A      0048d728     fltk:Fl_get_system_colors.obj
 0003:00006750       ?e@?1??scheme@Fl@@SAHPBD@Z@4PADA 0048d750     fltk:Fl_get_system_colors.obj
 0003:00006b88       ?mbwbuf@@3PA_WA            0048db88     fltk:fl_utf8.obj
 0003:00006b90       ?buf@@3PADA                0048db90     fltk:fl_utf8.obj
 0003:00006b94       ?buf_len@@3HA              0048db94     fltk:fl_utf8.obj
 0003:00006b98       ?wbufa@@3PAGA              0048db98     fltk:fl_utf8.obj
 0003:00006b9c       ?wbuf@@3PA_WA              0048db9c     fltk:fl_utf8.obj
 0003:00006ba0       ?wbuf1@@3PA_WA             0048dba0     fltk:fl_utf8.obj
 0003:00006ba4       ?table@?1??Toupper@@YAHH@Z@4PAGA 0048dba4     fltk:fl_utf8.obj
 0003:00006ba8       ?buf@?1??fl_utf2mbcs@@9@4PADA 0048dba8     fltk:fl_utf8.obj
 0003:00006bac       ?buf@?1??fl_getenv@@9@4PADA 0048dbac     fltk:fl_utf8.obj
 0003:00006bb0       ?wbuf@?1??fl_getcwd@@9@4PA_WA 0048dbb0     fltk:fl_utf8.obj
 0003:00006bb4       ?buf@?1??fl_shortcut_label@@YAPBDIPAPBD@Z@4PADA 0048dbb4     fltk:fl_shortcut.obj
 0003:00006bec       ?l_secret@@3HA             0048dbec     fltk:Fl_Input_.obj
 0003:00006bf0       ?undobuffer@@3PADA         0048dbf0     fltk:Fl_Input_.obj
 0003:00006bf4       ?undobufferlength@@3HA     0048dbf4     fltk:Fl_Input_.obj
 0003:00006bf8       ?undowidget@@3PAVFl_Input_@@A 0048dbf8     fltk:Fl_Input_.obj
 0003:00006bfc       ?undoat@@3HA               0048dbfc     fltk:Fl_Input_.obj
 0003:00006c00       ?undocut@@3HA              0048dc00     fltk:Fl_Input_.obj
 0003:00006c04       ?undoinsert@@3HA           0048dc04     fltk:Fl_Input_.obj
 0003:00006c08       ?yankcut@@3HA              0048dc08     fltk:Fl_Input_.obj
 0003:00006c0c       ?legal_fp_chars@@3PBDB     0048dc0c     fltk:Fl_Input.obj
 0003:00006c10       ?dnd_save_position@?1??handle@Fl_Input@@UAEHH@Z@4HA 0048dc10     fltk:Fl_Input.obj
 0003:00006c14       ?dnd_save_mark@?1??handle@Fl_Input@@UAEHH@Z@4HA 0048dc14     fltk:Fl_Input.obj
 0003:00006c18       ?newpos@?1??handle@Fl_Input@@UAEHH@Z@4HA 0048dc18     fltk:Fl_Input.obj
 0003:00006c1c       ?dnd_save_focus@?1??handle@Fl_Input@@UAEHH@Z@4PAVFl_Widget@@A 0048dc1c     fltk:Fl_Input.obj
 0003:00006c24       ?underline_at@@3PADA       0048dc24     fltk:fl_draw.obj
 0003:00006c28       ?local_buf@?1??expand_text_@@YAPBDPBDAAPADHNAAHAANHH@Z@4PADA 0048dc28     fltk:fl_draw.obj
 0003:00006c2c       ?$TSS0@?1??expand_text_@@YAPBDPBDAAPADHNAAHAANHH@Z@4HA 0048dc2c     fltk:fl_draw.obj
 0003:00006c34       ?pressed_menu_button_@@3PAVFl_Menu_Button@@A 0048dc34     fltk:Fl_Menu_Button.obj
 0003:00006c38       ?p@@3PAUmenustate@@A       0048dc38     fltk:Fl_Menu.obj
 0003:00006c3c       ?button@@3PBVFl_Menu_@@B   0048dc3c     fltk:Fl_Menu.obj
 0003:00006c40       ?dummy@?1??popup@Fl_Menu_Item@@QBEPBU2@HHPBDPBU2@PBVFl_Menu_@@@Z@4U2@A 0048dc40     fltk:Fl_Menu.obj
 0003:00006c64       ?local_array@@3PAUFl_Menu_Item@@A 0048dc64     fltk:Fl_Menu_add.obj
 0003:00006c68       ?local_array_alloc@@3HA    0048dc68     fltk:Fl_Menu_add.obj
 0003:00006c6c       ?local_array_size@@3HA     0048dc6c     fltk:Fl_Menu_add.obj
 0003:00006c70       ?offcenter@?9??handle@Fl_Slider@@IAEHHHHHH@Z@4HA 0048dc70     fltk:Fl_Slider.obj
 0003:00006c74       ?image_new@@3VFl_Bitmap@@A 0048dc74     fltk:Fl_File_Chooser.obj
 0003:00006ca8       ?pathname@?1??value@Fl_File_Chooser@@QAEPBDH@Z@4PADA 0048dca8     fltk:Fl_File_Chooser2.obj
 0003:000074b0       ?ncolors@@3HA              0048e4b0     fltk:fl_draw_pixmap.obj
 0003:000074b4       ?chars_per_pixel@@3HA      0048e4b4     fltk:fl_draw_pixmap.obj
 0003:000074b8       ?color_count@@3HA          0048e4b8     fltk:fl_draw_pixmap.obj
 0003:000074bc       ?used_colors@@3PAUUsedColor@@A 0048e4bc     fltk:fl_draw_pixmap.obj
 0003:000074c0       ?table@?1??XUtf8Toupper@@9@9 0048e4c0     fltk:case.obj
 0003:000074c8       ?symbols@@3PAUSYMBOL@@A    0048e4c8     fltk:fl_symbols.obj
 0003:00007eac       ?beenhere@?1??fl_init_symbols@@YAXXZ@4DA 0048eeac     fltk:fl_symbols.obj
 0003:00007eb0       ?cursor@?1??set_cursor@@YAXPAVFl_Tile@@W4Fl_Cursor@@@Z@4W43@A 0048eeb0     fltk:Fl_Tile.obj
 0003:00007eb4       ?sdrag@?1??handle@Fl_Tile@@UAEHH@Z@4HA 0048eeb4     fltk:Fl_Tile.obj
 0003:00007eb8       ?sdx@?1??handle@Fl_Tile@@UAEHH@Z@4HA 0048eeb8     fltk:Fl_Tile.obj
 0003:00007ebc       ?sdy@?1??handle@Fl_Tile@@UAEHH@Z@4HA 0048eebc     fltk:Fl_Tile.obj
 0003:00007ec0       ?sx@?1??handle@Fl_Tile@@UAEHH@Z@4HA 0048eec0     fltk:Fl_Tile.obj
 0003:00007ec4       ?sy@?1??handle@Fl_Tile@@UAEHH@Z@4HA 0048eec4     fltk:Fl_Tile.obj
 0003:00007ec8       ?change@?1??handle@Fl_Browser_@@UAEHH@Z@4DA 0048eec8     fltk:Fl_Browser_.obj
 0003:00007ec9       ?whichway@?1??handle@Fl_Browser_@@UAEHH@Z@4DA 0048eec9     fltk:Fl_Browser_.obj
 0003:00007ecc       ?py@?1??handle@Fl_Browser_@@UAEHH@Z@4HA 0048eecc     fltk:Fl_Browser_.obj
 0003:00007ed0       ?inButtonBar@?1??handle@Fl_File_Input@@UAEHH@Z@4DA 0048eed0     fltk:Fl_File_Input.obj
 0003:00007ef0       ?SWAP_TYPE@@3DA            0048eef0     fltkgl:Fl_Gl_Window.obj
 0003:00007ef8       ?ortho_context@?DG@??flush@Fl_Gl_Window@@UAEXXZ@4PAUHGLRC__@@A 0048eef8     fltkgl:Fl_Gl_Window.obj
 0003:00007efc       ?ortho_window@?DG@??flush@Fl_Gl_Window@@UAEXXZ@4PAV2@A 0048eefc     fltkgl:Fl_Gl_Window.obj
 0003:00007f00       ?context_list@@3PAPAUHGLRC__@@A 0048ef00     fltkgl:Fl_Gl_Choice.obj
 0003:00007f04       ?nContext@@3HA             0048ef04     fltkgl:Fl_Gl_Choice.obj
 0003:00007f08       ?NContext@@3HA             0048ef08     fltkgl:Fl_Gl_Choice.obj
 0003:00007f0c       ?first@@3PAVFl_Gl_Choice@@A 0048ef0c     fltkgl:Fl_Gl_Choice.obj
 0003:00007f10       ?cached_context@@3PAUHGLRC__@@A 0048ef10     fltkgl:Fl_Gl_Choice.obj
 0003:00007f14       ?cached_window@@3PAVFl_Window@@A 0048ef14     fltkgl:Fl_Gl_Choice.obj
 0003:00007f1c       ?Gl_Device_Plugin@@3VFl_Gl_Device_Plugin@@A 0048ef1c     fltkgl:Fl_Gl_Device_Plugin.obj
 0003:00007f24       ?gl_fontsize@@3PAVFl_Font_Descriptor@@A 0048ef24     fltkgl:gl_draw.obj
 0003:00007f28       ?buf@?1??gl_draw@@YAXPBDH@Z@4PA_WA 0048ef28     fltkgl:gl_draw.obj
 0003:00007f2c       ?l@?1??gl_draw@@YAXPBDH@Z@4HA 0048ef2c     fltkgl:gl_draw.obj
 0003:00007f30       _GS_ExceptionRecord        0048ef30     MSVCRT:gs_report.obj
 0003:00007f80       _GS_ContextRecord          0048ef80     MSVCRT:gs_report.obj
 0003:00008254       ?module_local_atexit_table@@3U_onexit_table_t@@A 0048f254     MSVCRT:utility.obj
 0003:00008260       ?module_local_at_quick_exit_table@@3U_onexit_table_t@@A 0048f260     MSVCRT:utility.obj
 0003:0000826c       ?is_initialized_as_dll@@3_NA 0048f26c     MSVCRT:utility.obj
 0003:00008270       ?_Tss_mutex@@3U_RTL_CRITICAL_SECTION@@A 0048f270     MSVCRT:thread_safe_statics.obj
 0003:00008288       ?_Tss_cv@@3U_RTL_CONDITION_VARIABLE@@A 0048f288     MSVCRT:thread_safe_statics.obj
 0003:0000828c       ?_Tss_event@@3PAXA         0048f28c     MSVCRT:thread_safe_statics.obj
 0003:00008290       ?encoded_sleep_condition_variable_cs@@3P6GHPAU_RTL_CONDITION_VARIABLE@@PAU_RTL_CRITICAL_SECTION@@K@ZA 0048f290     MSVCRT:thread_safe_statics.obj
 0003:00008294       ?encoded_wake_all_condition_variable@@3P6GXPAU_RTL_CONDITION_VARIABLE@@@ZA 0048f294     MSVCRT:thread_safe_statics.obj
 0003:000082b4       ?_Fac_head@std@@3PAU_Fac_node@1@A 0048f2b4     msvcprt:locale0_implib.obj
 0003:000082b8       ?_Fac_tidy_reg@std@@3U_Fac_tidy_reg_t@1@B 0048f2b8     msvcprt:locale0_implib.obj
 0003:000082bc       ?mbwbuf@?1??mbcs2utf@@9@9  0048f2bc     fltk:fl_call_main.obj
 0004:00000000       __guard_fids__             00490000     MSVCRT:std_type_info_static.obj
 0004:00000004       __guard_fids__             00490004     MSVCRT:exe_winmain.obj
 0004:00000008       __guard_fids__             00490008     MSVCRT:exe_winmain.obj
 0004:0000000c       __guard_fids__             0049000c     MSVCRT:exe_winmain.obj
 0004:00000010       __guard_fids_?pre_c_initialization@@YAHXZ 00490010     MSVCRT:exe_winmain.obj
 0004:00000018       __guard_fids__             00490018     MSVCRT:thread_safe_statics.obj
 0004:0000001c       __guard_fids_?__scrt_initialize_thread_safe_statics@@YAHXZ 0049001c     MSVCRT:thread_safe_statics.obj
 0004:00000020       __guard_fids__             00490020     MSVCRT:throw_bad_alloc.obj
 0004:00000028       __guard_fids__             00490028     MSVCRT:throw_bad_alloc.obj
 0004:00000030       __guard_fids__             00490030     MSVCRT:throw_bad_alloc.obj
 0004:00000034       __guard_fids__             00490034     MSVCRT:throw_bad_alloc.obj
 0004:00000038       __guard_fids__             00490038     MSVCRT:throw_bad_alloc.obj
 0004:0000003c       __guard_fids__             0049003c     MSVCRT:throw_bad_alloc.obj
 0004:00000040       __guard_fids____scrt_set_unhandled_exception_filter 00490040     MSVCRT:utility_desktop.obj
 0004:00000044       __guard_fids___except_handler4 00490044     MSVCRT:_chandler4gs_.obj
 0004:00000048       __guard_fids__             00490048     MSVCRT:guard_support.obj
 0004:0000004c       __guard_fids___guard_icall_checks_enforced 0049004c     MSVCRT:guard_support.obj
 0004:00000050       __guard_fids_??__E_Fac_tidy_reg@std@@YAXXZ 00490050     msvcprt:locale0_implib.obj
 0004:00000054       __guard_fids__             00490054     msvcprt:locale0_implib.obj
 0006:00000060       $R000000                   00492060     * linker generated manifest res *
