 ray

 Timestamp is 58db5a48 (Wed Mar 29 14:55:04 2017)

 Preferred load address is 00400000

 Start         Length     Name                   Class
 0001:00000000 000001e0H .text$di                CODE
 0001:000001e0 00073730H .text$mn                CODE
 0001:00073910 00002490H .text$x                 CODE
 0001:00075da0 000000d9H .text$yd                CODE
 0002:00000000 000006bcH .idata$5                DATA
 0002:000006bc 00000004H .00cfg                  DATA
 0002:000006c0 00000004H .CRT$XCA                DATA
 0002:000006c4 00000004H .CRT$XCAA               DATA
 0002:000006c8 00000004H .CRT$XCL                DATA
 0002:000006cc 0000002cH .CRT$XCU                DATA
 0002:000006f8 00000004H .CRT$XCZ                DATA
 0002:000006fc 00000004H .CRT$XIA                DATA
 0002:00000700 00000004H .CRT$XIAA               DATA
 0002:00000704 00000004H .CRT$XIAC               DATA
 0002:00000708 00000004H .CRT$XIC                DATA
 0002:0000070c 00000004H .CRT$XIZ                DATA
 0002:00000710 00000004H .CRT$XLA                DATA
 0002:00000714 00000004H .CRT$XLZ                DATA
 0002:00000718 00000004H .CRT$XPA                DATA
 0002:0000071c 00000004H .CRT$XPZ                DATA
 0002:00000720 00000004H .CRT$XTA                DATA
 0002:00000724 0000000cH .CRT$XTZ                DATA
 0002:00000730 00007cc4H .rdata                  DATA
 0002:000083f4 00000018H .rdata$T                DATA
 0002:0000840c 000024a8H .rdata$r                DATA
 0002:0000a8b4 000003c0H .rdata$zzzdbg           DATA
 0002:0000ac74 00000004H .rtc$IAA                DATA
 0002:0000ac78 00000004H .rtc$IZZ                DATA
 0002:0000ac7c 00000004H .rtc$TAA                DATA
 0002:0000ac80 00000008H .rtc$TZZ                DATA
 0002:0000ac88 000025e4H .xdata$x                DATA
 0002:0000d26c 00000000H .edata                  DATA
 0002:0000d26c 000001b8H .idata$2                DATA
 0002:0000d424 00000014H .idata$3                DATA
 0002:0000d438 000006bcH .idata$4                DATA
 0002:0000daf4 0000248cH .idata$6                DATA
 0003:00000000 00001e88H .data                   DATA
 0003:00001e88 00000e68H .data$r                 DATA
 0003:00002cf0 000055e0H .bss                    DATA
 0004:00000000 00000058H .gfids$y                DATA
 0005:00000000 00000004H .tls                    DATA
 0005:00000004 00000004H .tls$                   DATA
 0005:00000008 00000001H .tls$ZZZ                DATA
 0006:00000000 00000060H .rsrc$01                DATA
 0006:00000060 00000180H .rsrc$02                DATA

  Address         Publics by Value              Rva+Base       Lib:Object

 0000:00000000       ___safe_se_handler_count   00000000     <absolute>
 0000:00000000       ___guard_iat_count         00000000     <absolute>
 0000:00000000       ___safe_se_handler_table   00000000     <absolute>
 0000:00000000       ___guard_longjmp_count     00000000     <absolute>
 0000:00000000       ___guard_fids_count        00000000     <absolute>
 0000:00000000       ___dynamic_value_reloc_table 00000000     <absolute>
 0000:00000000       ___guard_longjmp_table     00000000     <absolute>
 0000:00000000       ___guard_fids_table        00000000     <absolute>
 0000:00000000       ___guard_iat_table         00000000     <absolute>
 0000:0000002c       __tls_array                0000002c     <absolute>
 0000:00000100       ___guard_flags             00000100     <absolute>
 0000:00000000       ___ImageBase               00400000     <linker-defined>
 0001:000001e0       ?GetOption@@YAHHPAPADPAD0@Z 004011e0 f   getopt.obj
 0001:000002c0       ?getopt@@YAHHPAPADPAD@Z    004012c0 f   getopt.obj
 0001:00000300       ??$__vcrt_va_start_verify_argument_type@QBD@@YAXXZ 00401300 f i main.obj
 0001:00000310       ??_H@YGXPAXIIP6EPAX0@Z@Z   00401310 f i main.obj
 0001:00000340       ?processArgs@@YA_NHPAPAD@Z 00401340 f   main.obj
 0001:00000430       ?usage@@YAXXZ              00401430 f   main.obj
 0001:00000450       ___local_stdio_printf_options 00401450 f i main.obj
 0001:00000460       _fprintf                   00401460 f i main.obj
 0001:00000490       _main                      00401490 f   main.obj
 0001:000006c0       ??0RayTracer@@QAE@XZ       004016c0 f   RayTracer.obj
 0001:000006f0       ??0vec3f@@QAE@XZ           004016f0 f i RayTracer.obj
 0001:00000700       ??1?$basic_string@DU?$char_traits@D@std@@V?$allocator@D@2@@std@@QAE@XZ 00401700 f i RayTracer.obj
 0001:00000740       ??1ParseError@@QAE@XZ      00401740 f i RayTracer.obj
 0001:00000780       ??1RayTracer@@QAE@XZ       00401780 f   RayTracer.obj
 0001:000007a0       ??1isect@@QAE@XZ           004017a0 f i RayTracer.obj
 0001:000007c0       ?_Copy@?$basic_string@DU?$char_traits@D@std@@V?$allocator@D@2@@std@@QAEXII@Z 004017c0 f i RayTracer.obj
 0001:00000970       ?_Deallocate@std@@YAXPAXII@Z 00401970 f i RayTracer.obj
 0001:000009e0       ?allocate@?$_Wrap_alloc@V?$allocator@D@std@@@std@@QAEPADI@Z 004019e0 f i RayTracer.obj
 0001:00000a40       ?aspectRatio@RayTracer@@QAENXZ 00401a40 f   RayTracer.obj
 0001:00000a80       ?assign@?$basic_string@DU?$char_traits@D@std@@V?$allocator@D@2@@std@@QAEAAV12@ABV12@II@Z 00401a80 f i RayTracer.obj
 0001:00000ba0       ?assign@?$basic_string@DU?$char_traits@D@std@@V?$allocator@D@2@@std@@QAEAAV12@PBDI@Z 00401ba0 f i RayTracer.obj
 0001:00000ca0       ?erase@?$basic_string@DU?$char_traits@D@std@@V?$allocator@D@2@@std@@QAEAAV12@II@Z 00401ca0 f i RayTracer.obj
 0001:00000d40       ?getBuffer@RayTracer@@QAEXAAPAEAAH1@Z 00401d40 f   RayTracer.obj
 0001:00000d60       ?loadScene@RayTracer@@QAE_NPAD@Z 00401d60 f   RayTracer.obj
 0001:00000eb0       ?sceneLoaded@RayTracer@@QAE_NXZ 00401eb0 f   RayTracer.obj
 0001:00000ec0       ?trace@RayTracer@@QAE?AVvec3f@@PAVScene@@NN@Z 00401ec0 f   RayTracer.obj
 0001:00000fb0       ?traceLines@RayTracer@@QAEXHH@Z 00401fb0 f   RayTracer.obj
 0001:00001130       ?tracePixel@RayTracer@@QAEXHH@Z 00402130 f   RayTracer.obj
 0001:00001260       ?traceRay@RayTracer@@QAE?AVvec3f@@PAVScene@@ABVray@@ABV2@H_N@Z 00402260 f   RayTracer.obj
 0001:00001a60       ?traceSetup@RayTracer@@QAEXHH@Z 00402a60 f   RayTracer.obj
 0001:00001ac0       ??0TraceGLWindow@@QAE@HHHHPBD@Z 00402ac0 f   TraceGLWindow.obj
 0001:00001b40       ??_GFl_Gl_Window@@UAEPAXI@Z 00402b40 f i TraceGLWindow.obj
 0001:00001b40       ??_EFl_Gl_Window@@UAEPAXI@Z 00402b40 f i TraceGLWindow.obj
 0001:00001b70       ??_ETraceGLWindow@@UAEPAXI@Z 00402b70 f i TraceGLWindow.obj
 0001:00001b70       ??_GTraceGLWindow@@UAEPAXI@Z 00402b70 f i TraceGLWindow.obj
 0001:00001ba0       ?as_gl_window@Fl_Gl_Window@@UAEPAV1@XZ 00402ba0 f i TraceGLWindow.obj
 0001:00001bb0       ?as_group@Fl_Group@@UAEPAV1@XZ 00402bb0 f i TraceGLWindow.obj
 0001:00001bc0       ?as_window@Fl_Window@@UAEPAV1@XZ 00402bc0 f i TraceGLWindow.obj
 0001:00001bd0       ?draw@TraceGLWindow@@UAEXXZ 00402bd0 f   TraceGLWindow.obj
 0001:00001cb0       ?handle@TraceGLWindow@@UAEHH@Z 00402cb0 f   TraceGLWindow.obj
 0001:00001cc0       ?refresh@TraceGLWindow@@QAEXXZ 00402cc0 f   TraceGLWindow.obj
 0001:00001cd0       ?resizeWindow@TraceGLWindow@@QAEXHH@Z 00402cd0 f   TraceGLWindow.obj
 0001:00001d00       ?saveImage@TraceGLWindow@@QAEXPAD@Z 00402d00 f   TraceGLWindow.obj
 0001:00001d50       ?setRayTracer@TraceGLWindow@@QAEXPAVRayTracer@@@Z 00402d50 f   TraceGLWindow.obj
 0001:00001d60       ?cb_load_scene@TraceUI@@CAXPAVFl_Menu_@@PAX@Z 00402d60 f   TraceUI.obj
 0001:00001e00       ?cb_save_image@TraceUI@@CAXPAVFl_Menu_@@PAX@Z 00402e00 f   TraceUI.obj
 0001:00001e40       ?cb_exit@TraceUI@@CAXPAVFl_Menu_@@PAX@Z 00402e40 f   TraceUI.obj
 0001:00001e70       ?cb_about@TraceUI@@CAXPAVFl_Menu_@@PAX@Z 00402e70 f   TraceUI.obj
 0001:00001e80       ??0TraceUI@@QAE@XZ         00402e80 f   TraceUI.obj
 0001:000024d0       ?cb_ambientLightSlides@TraceUI@@CAXPAVFl_Widget@@PAX@Z 004034d0 f   TraceUI.obj
 0001:000024f0       ?cb_attenuationConstantSlides@TraceUI@@CAXPAVFl_Widget@@PAX@Z 004034f0 f   TraceUI.obj
 0001:00002510       ?cb_attenuationLinearSlides@TraceUI@@CAXPAVFl_Widget@@PAX@Z 00403510 f   TraceUI.obj
 0001:00002530       ?cb_attenuationQuadricSlides@TraceUI@@CAXPAVFl_Widget@@PAX@Z 00403530 f   TraceUI.obj
 0001:00002550       ?cb_depthSlides@TraceUI@@CAXPAVFl_Widget@@PAX@Z 00403550 f   TraceUI.obj
 0001:00002580       ?cb_exit2@TraceUI@@CAXPAVFl_Widget@@PAX@Z 00403580 f   TraceUI.obj
 0001:000025b0       ?cb_render@TraceUI@@CAXPAVFl_Widget@@PAX@Z 004035b0 f   TraceUI.obj
 0001:000027c0       ?cb_sizeSlides@TraceUI@@CAXPAVFl_Widget@@PAX@Z 004037c0 f   TraceUI.obj
 0001:00002810       ?cb_stop@TraceUI@@CAXPAVFl_Widget@@PAX@Z 00403810 f   TraceUI.obj
 0001:00002820       ?getDepth@TraceUI@@QAEHXZ  00403820 f   TraceUI.obj
 0001:00002830       ?getSize@TraceUI@@QAEHXZ   00403830 f   TraceUI.obj
 0001:00002840       ?setRayTracer@TraceUI@@QAEXPAVRayTracer@@@Z 00403840 f   TraceUI.obj
 0001:00002860       ?show@TraceUI@@QAEXXZ      00403860 f   TraceUI.obj
 0001:00002870       ?whoami@TraceUI@@CAPAV1@PAVFl_Menu_@@@Z 00403870 f   TraceUI.obj
 0001:00002880       _sprintf                   00403880 f i TraceUI.obj
 0001:000028c0       ?readBMP@@YAPAEPADAAH1@Z   004038c0 f   bitmap.obj
 0001:00002a30       ?writeBMP@@YAXPADHHPAE@Z   00403a30 f   bitmap.obj
 0001:00002bc0       ??$?0U?$_Wrap_alloc@V?$allocator@U?$_Tree_node@U?$pair@$$CBV?$basic_string@DU?$char_traits@D@std@@V?$allocator@D@2@@std@@PAVObj@@@std@@PAX@std@@@std@@@std@@@?$_Tree@V?$_Tmap_traits@V?$basic_string@DU?$char_traits@D@std@@V?$allocator@D@2@@std@@PAVObj@@U?$less@V?$basic_string@DU?$char_traits@D@std@@V?$allocator@D@2@@std@@@2@V?$allocator@U?$pair@$$CBV?$basic_string@DU?$char_traits@D@std@@V?$allocator@D@2@@std@@PAVObj@@@std@@@2@$0A@@std@@@std@@QAE@ABV01@$$QAU?$_Wrap_alloc@V?$allocator@U?$_Tree_node@U?$pair@$$CBV?$basic_string@DU?$char_traits@D@std@@V?$allocator@D@2@@std@@PAVObj@@@std@@PAX@std@@@std@@@1@@Z 00403bc0 f i parse.obj
 0001:00002c50       ??$?6DU?$char_traits@D@std@@V?$allocator@D@1@@std@@YAAAV?$basic_ostream@DU?$char_traits@D@std@@@0@AAV10@ABV?$basic_string@DU?$char_traits@D@std@@V?$allocator@D@2@@0@@Z 00403c50 f i parse.obj
 0001:00002e50       ??$?6U?$char_traits@D@std@@@std@@YAAAV?$basic_ostream@DU?$char_traits@D@std@@@0@AAV10@D@Z 00403e50 f i parse.obj
 0001:00003060       ??$?6U?$char_traits@D@std@@@std@@YAAAV?$basic_ostream@DU?$char_traits@D@std@@@0@AAV10@PBD@Z 00404060 f i parse.obj
 0001:000032a0       ??$?8DU?$char_traits@D@std@@V?$allocator@D@1@@std@@YA_NABV?$basic_string@DU?$char_traits@D@std@@V?$allocator@D@2@@0@PBD@Z 004042a0 f i parse.obj
 0001:00003310       ??$?HDU?$char_traits@D@std@@V?$allocator@D@1@@std@@YA?AV?$basic_string@DU?$char_traits@D@std@@V?$allocator@D@2@@0@$$QAV10@0@Z 00404310 f i parse.obj
 0001:00003380       ??$?HDU?$char_traits@D@std@@V?$allocator@D@1@@std@@YA?AV?$basic_string@DU?$char_traits@D@std@@V?$allocator@D@2@@0@$$QAV10@ABV10@@Z 00404380 f i parse.obj
 0001:000033c0       ??$_Buynode@AAU?$pair@$$CBV?$basic_string@DU?$char_traits@D@std@@V?$allocator@D@2@@std@@PAVObj@@@std@@@?$_Tree_comp_alloc@V?$_Tmap_traits@V?$basic_string@DU?$char_traits@D@std@@V?$allocator@D@2@@std@@PAVObj@@U?$less@V?$basic_string@DU?$char_traits@D@std@@V?$allocator@D@2@@std@@@2@V?$allocator@U?$pair@$$CBV?$basic_string@DU?$char_traits@D@std@@V?$allocator@D@2@@std@@PAVObj@@@std@@@2@$0A@@std@@@std@@QAEPAU?$_Tree_node@U?$pair@$$CBV?$basic_string@DU?$char_traits@D@std@@V?$allocator@D@2@@std@@PAVObj@@@std@@PAX@1@AAU?$pair@$$CBV?$basic_string@DU?$char_traits@D@std@@V?$allocator@D@2@@std@@PAVObj@@@1@@Z 004043c0 f i parse.obj
 0001:00003480       ??$_Buynode@ABUpiecewise_construct_t@std@@V?$tuple@ABV?$basic_string@DU?$char_traits@D@std@@V?$allocator@D@2@@std@@@2@V?$tuple@$$V@2@@?$_Tree_comp_alloc@V?$_Tmap_traits@V?$basic_string@DU?$char_traits@D@std@@V?$allocator@D@2@@std@@PAVObj@@U?$less@V?$basic_string@DU?$char_traits@D@std@@V?$allocator@D@2@@std@@@2@V?$allocator@U?$pair@$$CBV?$basic_string@DU?$char_traits@D@std@@V?$allocator@D@2@@std@@PAVObj@@@std@@@2@$0A@@std@@@std@@QAEPAU?$_Tree_node@U?$pair@$$CBV?$basic_string@DU?$char_traits@D@std@@V?$allocator@D@2@@std@@PAVObj@@@std@@PAX@1@ABUpiecewise_construct_t@1@$$QAV?$tuple@ABV?$basic_string@DU?$char_traits@D@std@@V?$allocator@D@2@@std@@@1@$$QAV?$tuple@$$V@1@@Z 00404480 f i parse.obj
 0001:00003540       ??$_Copy@U_Copy_tag@?$_Tree@V?$_Tmap_traits@V?$basic_string@DU?$char_traits@D@std@@V?$allocator@D@2@@std@@PAVObj@@U?$less@V?$basic_string@DU?$char_traits@D@std@@V?$allocator@D@2@@std@@@2@V?$allocator@U?$pair@$$CBV?$basic_string@DU?$char_traits@D@std@@V?$allocator@D@2@@std@@PAVObj@@@std@@@2@$0A@@std@@@std@@@?$_Tree@V?$_Tmap_traits@V?$basic_string@DU?$char_traits@D@std@@V?$allocator@D@2@@std@@PAVObj@@U?$less@V?$basic_string@DU?$char_traits@D@std@@V?$allocator@D@2@@std@@@2@V?$allocator@U?$pair@$$CBV?$basic_string@DU?$char_traits@D@std@@V?$allocator@D@2@@std@@PAVObj@@@std@@@2@$0A@@std@@@std@@IAEXABV01@U_Copy_tag@01@@Z 00404540 f i parse.obj
 0001:000035c0       ??$_Copy_nodes@U_Copy_tag@?$_Tree@V?$_Tmap_traits@V?$basic_string@DU?$char_traits@D@std@@V?$allocator@D@2@@std@@PAVObj@@U?$less@V?$basic_string@DU?$char_traits@D@std@@V?$allocator@D@2@@std@@@2@V?$allocator@U?$pair@$$CBV?$basic_string@DU?$char_traits@D@std@@V?$allocator@D@2@@std@@PAVObj@@@std@@@2@$0A@@std@@@std@@@?$_Tree@V?$_Tmap_traits@V?$basic_string@DU?$char_traits@D@std@@V?$allocator@D@2@@std@@PAVObj@@U?$less@V?$basic_string@DU?$char_traits@D@std@@V?$allocator@D@2@@std@@@2@V?$allocator@U?$pair@$$CBV?$basic_string@DU?$char_traits@D@std@@V?$allocator@D@2@@std@@PAVObj@@@std@@@2@$0A@@std@@@std@@IAEPAU?$_Tree_node@U?$pair@$$CBV?$basic_string@DU?$char_traits@D@std@@V?$allocator@D@2@@std@@PAVObj@@@std@@PAX@1@PAU21@0U_Copy_tag@01@@Z 004045c0 f i parse.obj
 0001:00003680       ??$_Insert_at@AAU?$pair@$$CBV?$basic_string@DU?$char_traits@D@std@@V?$allocator@D@2@@std@@PAVObj@@@std@@PAU?$_Tree_node@U?$pair@$$CBV?$basic_string@DU?$char_traits@D@std@@V?$allocator@D@2@@std@@PAVObj@@@std@@PAX@2@@?$_Tree@V?$_Tmap_traits@V?$basic_string@DU?$char_traits@D@std@@V?$allocator@D@2@@std@@PAVObj@@U?$less@V?$basic_string@DU?$char_traits@D@std@@V?$allocator@D@2@@std@@@2@V?$allocator@U?$pair@$$CBV?$basic_string@DU?$char_traits@D@std@@V?$allocator@D@2@@std@@PAVObj@@@std@@@2@$0A@@std@@@std@@IAE?AV?$_Tree_iterator@V?$_Tree_val@U?$_Tree_simple_types@U?$pair@$$CBV?$basic_string@DU?$char_traits@D@std@@V?$allocator@D@2@@std@@PAVObj@@@std@@@std@@@std@@@1@_NPAU?$_Tree_node@U?$pair@$$CBV?$basic_string@DU?$char_traits@D@std@@V?$allocator@D@2@@std@@PAVObj@@@std@@PAX@1@AAU?$pair@$$CBV?$basic_string@DU?$char_traits@D@std@@V?$allocator@D@2@@std@@PAVObj@@@1@1@Z 00404680 f i parse.obj
 0001:00003850       ??$_Insert_hint@AAU?$pair@$$CBV?$basic_string@DU?$char_traits@D@std@@V?$allocator@D@2@@std@@PAVObj@@@std@@PAU?$_Tree_node@U?$pair@$$CBV?$basic_string@DU?$char_traits@D@std@@V?$allocator@D@2@@std@@PAVObj@@@std@@PAX@2@@?$_Tree@V?$_Tmap_traits@V?$basic_string@DU?$char_traits@D@std@@V?$allocator@D@2@@std@@PAVObj@@U?$less@V?$basic_string@DU?$char_traits@D@std@@V?$allocator@D@2@@std@@@2@V?$allocator@U?$pair@$$CBV?$basic_string@DU?$char_traits@D@std@@V?$allocator@D@2@@std@@PAVObj@@@std@@@2@$0A@@std@@@std@@IAE?AV?$_Tree_iterator@V?$_Tree_val@U?$_Tree_simple_types@U?$pair@$$CBV?$basic_string@DU?$char_traits@D@std@@V?$allocator@D@2@@std@@PAVObj@@@std@@@std@@@std@@@1@V?$_Tree_const_iterator@V?$_Tree_val@U?$_Tree_simple_types@U?$pair@$$CBV?$basic_string@DU?$char_traits@D@std@@V?$allocator@D@2@@std@@PAVObj@@@std@@@std@@@std@@@1@AAU?$pair@$$CBV?$basic_string@DU?$char_traits@D@std@@V?$allocator@D@2@@std@@PAVObj@@@1@PAU?$_Tree_node@U?$pair@$$CBV?$basic_string@DU?$char_traits@D@std@@V?$allocator@D@2@@std@@PAVObj@@@std@@PAX@1@@Z 00404850 f i parse.obj
 0001:00003ab0       ??$_Insert_nohint@AAU?$pair@$$CBV?$basic_string@DU?$char_traits@D@std@@V?$allocator@D@2@@std@@PAVObj@@@std@@PAU?$_Tree_node@U?$pair@$$CBV?$basic_string@DU?$char_traits@D@std@@V?$allocator@D@2@@std@@PAVObj@@@std@@PAX@2@@?$_Tree@V?$_Tmap_traits@V?$basic_string@DU?$char_traits@D@std@@V?$allocator@D@2@@std@@PAVObj@@U?$less@V?$basic_string@DU?$char_traits@D@std@@V?$allocator@D@2@@std@@@2@V?$allocator@U?$pair@$$CBV?$basic_string@DU?$char_traits@D@std@@V?$allocator@D@2@@std@@PAVObj@@@std@@@2@$0A@@std@@@std@@IAE?AU?$pair@V?$_Tree_iterator@V?$_Tree_val@U?$_Tree_simple_types@U?$pair@$$CBV?$basic_string@DU?$char_traits@D@std@@V?$allocator@D@2@@std@@PAVObj@@@std@@@std@@@std@@@std@@_N@1@_NAAU?$pair@$$CBV?$basic_string@DU?$char_traits@D@std@@V?$allocator@D@2@@std@@PAVObj@@@1@PAU?$_Tree_node@U?$pair@$$CBV?$basic_string@DU?$char_traits@D@std@@V?$allocator@D@2@@std@@PAVObj@@@std@@PAX@1@@Z 00404ab0 f i parse.obj
 0001:00003d20       ??$_Lbound@V?$basic_string@DU?$char_traits@D@std@@V?$allocator@D@2@@std@@@?$_Tree@V?$_Tmap_traits@V?$basic_string@DU?$char_traits@D@std@@V?$allocator@D@2@@std@@PAVObj@@U?$less@V?$basic_string@DU?$char_traits@D@std@@V?$allocator@D@2@@std@@@2@V?$allocator@U?$pair@$$CBV?$basic_string@DU?$char_traits@D@std@@V?$allocator@D@2@@std@@PAVObj@@@std@@@2@$0A@@std@@@std@@IBEPAU?$_Tree_node@U?$pair@$$CBV?$basic_string@DU?$char_traits@D@std@@V?$allocator@D@2@@std@@PAVObj@@@std@@PAX@1@ABV?$basic_string@DU?$char_traits@D@std@@V?$allocator@D@2@@1@@Z 00404d20 f i parse.obj
 0001:00003e00       ??$_Try_emplace@ABV?$basic_string@DU?$char_traits@D@std@@V?$allocator@D@2@@std@@$$V@?$map@V?$basic_string@DU?$char_traits@D@std@@V?$allocator@D@2@@std@@PAVObj@@U?$less@V?$basic_string@DU?$char_traits@D@std@@V?$allocator@D@2@@std@@@2@V?$allocator@U?$pair@$$CBV?$basic_string@DU?$char_traits@D@std@@V?$allocator@D@2@@std@@PAVObj@@@std@@@2@@std@@QAE?AU?$pair@V?$_Tree_iterator@V?$_Tree_val@U?$_Tree_simple_types@U?$pair@$$CBV?$basic_string@DU?$char_traits@D@std@@V?$allocator@D@2@@std@@PAVObj@@@std@@@std@@@std@@@std@@_N@1@ABV?$basic_string@DU?$char_traits@D@std@@V?$allocator@D@2@@1@@Z 00404e00 f i parse.obj
 0001:00003eb0       ??0?$basic_string@DU?$char_traits@D@std@@V?$allocator@D@2@@std@@QAE@PBD@Z 00404eb0 f i parse.obj
 0001:00003f10       ??0?$vector@PAVObj@@V?$allocator@PAVObj@@@std@@@std@@QAE@ABV01@@Z 00404f10 f i parse.obj
 0001:00003fa0       ??0Exception@@QAE@ABV0@@Z  00404fa0 f i parse.obj
 0001:00003fd0       ??0IdObj@@QAE@ABV?$basic_string@DU?$char_traits@D@std@@V?$allocator@D@2@@std@@@Z 00404fd0 f i parse.obj
 0001:00004040       ??0NamedObj@@QAE@ABV?$basic_string@DU?$char_traits@D@std@@V?$allocator@D@2@@std@@PAVObj@@@Z 00405040 f i parse.obj
 0001:000040b0       ??0ObjTypeMismatch@@QAE@ABV0@@Z 004050b0 f i parse.obj
 0001:000040e0       ??0ObjTypeMismatch@@QAE@V?$basic_string@DU?$char_traits@D@std@@V?$allocator@D@2@@std@@0@Z 004050e0 f i parse.obj
 0001:00004390       ??0ParseError@@QAE@ABV0@@Z 00405390 f i parse.obj
 0001:000043c0       ??1?$_Tree_comp_alloc@V?$_Tmap_traits@V?$basic_string@DU?$char_traits@D@std@@V?$allocator@D@2@@std@@PAVObj@@U?$less@V?$basic_string@DU?$char_traits@D@std@@V?$allocator@D@2@@std@@@2@V?$allocator@U?$pair@$$CBV?$basic_string@DU?$char_traits@D@std@@V?$allocator@D@2@@std@@PAVObj@@@std@@@2@$0A@@std@@@std@@QAE@XZ 004053c0 f i parse.obj
 0001:000043d0       ??1?$map@V?$basic_string@DU?$char_traits@D@std@@V?$allocator@D@2@@std@@PAVObj@@U?$less@V?$basic_string@DU?$char_traits@D@std@@V?$allocator@D@2@@std@@@2@V?$allocator@U?$pair@$$CBV?$basic_string@DU?$char_traits@D@std@@V?$allocator@D@2@@std@@PAVObj@@@std@@@2@@std@@QAE@XZ 004053d0 f i parse.obj
 0001:00004430       ??1?$vector@PAVObj@@V?$allocator@PAVObj@@@std@@@std@@QAE@XZ 00405430 f i parse.obj
 0001:00004470       ??1BooleanObj@@UAE@XZ      00405470 f i parse.obj
 0001:00004480       ??1DictObj@@UAE@XZ         00405480 f i parse.obj
 0001:00004550       ??1IdObj@@UAE@XZ           00405550 f i parse.obj
 0001:000045a0       ??1NamedObj@@UAE@XZ        004055a0 f i parse.obj
 0001:00004600       ??1Obj@@UAE@XZ             00405600 f i parse.obj
 0001:00004610       ??1ObjTypeMismatch@@QAE@XZ 00405610 f i parse.obj
 0001:00004650       ??1ScalarObj@@UAE@XZ       00405650 f i parse.obj
 0001:00004660       ??1StringObj@@UAE@XZ       00405660 f i parse.obj
 0001:000046b0       ??1TupleObj@@UAE@XZ        004056b0 f i parse.obj
 0001:00004760       ??1_Sentry_base@?$basic_ostream@DU?$char_traits@D@std@@@std@@QAE@XZ 00405760 f i parse.obj
 0001:000047b0       ??1sentry@?$basic_ostream@DU?$char_traits@D@std@@@std@@QAE@XZ 004057b0 f i parse.obj
 0001:00004820       ??3@YAXPAX0@Z              00405820 f i parse.obj
 0001:00004830       ??E?$_Tree_unchecked_const_iterator@V?$_Tree_val@U?$_Tree_simple_types@U?$pair@$$CBV?$basic_string@DU?$char_traits@D@std@@V?$allocator@D@2@@std@@PAVObj@@@std@@@std@@@std@@U_Iterator_base0@2@@std@@QAEAAV01@XZ 00405830 f i parse.obj
 0001:00004880       ??F?$_Tree_unchecked_const_iterator@V?$_Tree_val@U?$_Tree_simple_types@U?$pair@$$CBV?$basic_string@DU?$char_traits@D@std@@V?$allocator@D@2@@std@@PAVObj@@@std@@@std@@@std@@U_Iterator_base0@2@@std@@QAEAAV01@XZ 00405880 f i parse.obj
 0001:000048e0       ??R?$less@V?$basic_string@DU?$char_traits@D@std@@V?$allocator@D@2@@std@@@std@@QBE_NABV?$basic_string@DU?$char_traits@D@std@@V?$allocator@D@2@@1@0@Z 004058e0 f i parse.obj
 0001:00004940       ??_EBooleanObj@@UAEPAXI@Z  00405940 f i parse.obj
 0001:00004940       ??_GBooleanObj@@UAEPAXI@Z  00405940 f i parse.obj
 0001:00004970       ??_EDictObj@@UAEPAXI@Z     00405970 f i parse.obj
 0001:00004970       ??_GDictObj@@UAEPAXI@Z     00405970 f i parse.obj
 0001:000049a0       ??_EIdObj@@UAEPAXI@Z       004059a0 f i parse.obj
 0001:000049a0       ??_GIdObj@@UAEPAXI@Z       004059a0 f i parse.obj
 0001:00004a00       ??_ENamedObj@@UAEPAXI@Z    00405a00 f i parse.obj
 0001:00004a00       ??_GNamedObj@@UAEPAXI@Z    00405a00 f i parse.obj
 0001:00004a30       ??_EObj@@UAEPAXI@Z         00405a30 f i parse.obj
 0001:00004a30       ??_GObj@@UAEPAXI@Z         00405a30 f i parse.obj
 0001:00004a60       ??_GScalarObj@@UAEPAXI@Z   00405a60 f i parse.obj
 0001:00004a60       ??_EScalarObj@@UAEPAXI@Z   00405a60 f i parse.obj
 0001:00004a90       ??_EStringObj@@UAEPAXI@Z   00405a90 f i parse.obj
 0001:00004a90       ??_GStringObj@@UAEPAXI@Z   00405a90 f i parse.obj
 0001:00004af0       ??_GTupleObj@@UAEPAXI@Z    00405af0 f i parse.obj
 0001:00004af0       ??_ETupleObj@@UAEPAXI@Z    00405af0 f i parse.obj
 0001:00004b20       ?_Assign_rv@?$basic_string@DU?$char_traits@D@std@@V?$allocator@D@2@@std@@QAEX$$QAV12@@Z 00405b20 f i parse.obj
 0001:00004b90       ?_Buyheadnode@?$_Tree_comp_alloc@V?$_Tmap_traits@V?$basic_string@DU?$char_traits@D@std@@V?$allocator@D@2@@std@@PAVObj@@U?$less@V?$basic_string@DU?$char_traits@D@std@@V?$allocator@D@2@@std@@@2@V?$allocator@U?$pair@$$CBV?$basic_string@DU?$char_traits@D@std@@V?$allocator@D@2@@std@@PAVObj@@@std@@@2@$0A@@std@@@std@@QAEPAU?$_Tree_node@U?$pair@$$CBV?$basic_string@DU?$char_traits@D@std@@V?$allocator@D@2@@std@@PAVObj@@@std@@PAX@2@XZ 00405b90 f i parse.obj
 0001:00004bc0       ?_Buynode0@?$_Tree_comp_alloc@V?$_Tmap_traits@V?$basic_string@DU?$char_traits@D@std@@V?$allocator@D@2@@std@@PAVObj@@U?$less@V?$basic_string@DU?$char_traits@D@std@@V?$allocator@D@2@@std@@@2@V?$allocator@U?$pair@$$CBV?$basic_string@DU?$char_traits@D@std@@V?$allocator@D@2@@std@@PAVObj@@@std@@@2@$0A@@std@@@std@@QAEPAU?$_Tree_node@U?$pair@$$CBV?$basic_string@DU?$char_traits@D@std@@V?$allocator@D@2@@std@@PAVObj@@@std@@PAX@2@XZ 00405bc0 f i parse.obj
 0001:00004c00       ?_Chassign@?$basic_string@DU?$char_traits@D@std@@V?$allocator@D@2@@std@@QAEXIID@Z 00405c00 f i parse.obj
 0001:00004c50       ?_Destroy_if_not_nil@?$_Tree@V?$_Tmap_traits@V?$basic_string@DU?$char_traits@D@std@@V?$allocator@D@2@@std@@PAVObj@@U?$less@V?$basic_string@DU?$char_traits@D@std@@V?$allocator@D@2@@std@@@2@V?$allocator@U?$pair@$$CBV?$basic_string@DU?$char_traits@D@std@@V?$allocator@D@2@@std@@PAVObj@@@std@@@2@$0A@@std@@@std@@IAEXPAU?$_Tree_node@U?$pair@$$CBV?$basic_string@DU?$char_traits@D@std@@V?$allocator@D@2@@std@@PAVObj@@@std@@PAX@2@@Z 00405c50 f i parse.obj
 0001:00004ca0       ?_Erase@?$_Tree@V?$_Tmap_traits@V?$basic_string@DU?$char_traits@D@std@@V?$allocator@D@2@@std@@PAVObj@@U?$less@V?$basic_string@DU?$char_traits@D@std@@V?$allocator@D@2@@std@@@2@V?$allocator@U?$pair@$$CBV?$basic_string@DU?$char_traits@D@std@@V?$allocator@D@2@@std@@PAVObj@@@std@@@2@$0A@@std@@@std@@IAEXPAU?$_Tree_node@U?$pair@$$CBV?$basic_string@DU?$char_traits@D@std@@V?$allocator@D@2@@std@@PAVObj@@@std@@PAX@2@@Z 00405ca0 f i parse.obj
 0001:00004d50       ?_Lrotate@?$_Tree@V?$_Tmap_traits@V?$basic_string@DU?$char_traits@D@std@@V?$allocator@D@2@@std@@PAVObj@@U?$less@V?$basic_string@DU?$char_traits@D@std@@V?$allocator@D@2@@std@@@2@V?$allocator@U?$pair@$$CBV?$basic_string@DU?$char_traits@D@std@@V?$allocator@D@2@@std@@PAVObj@@@std@@@2@$0A@@std@@@std@@IAEXPAU?$_Tree_node@U?$pair@$$CBV?$basic_string@DU?$char_traits@D@std@@V?$allocator@D@2@@std@@PAVObj@@@std@@PAX@2@@Z 00405d50 f i parse.obj
 0001:00004db0       ?_Reallocate@?$vector@PAVObj@@V?$allocator@PAVObj@@@std@@@std@@IAEXI@Z 00405db0 f i parse.obj
 0001:00004e10       ?_Reserve@?$vector@PAVObj@@V?$allocator@PAVObj@@@std@@@std@@IAEXI@Z 00405e10 f i parse.obj
 0001:00004e80       ?_Rrotate@?$_Tree@V?$_Tmap_traits@V?$basic_string@DU?$char_traits@D@std@@V?$allocator@D@2@@std@@PAVObj@@U?$less@V?$basic_string@DU?$char_traits@D@std@@V?$allocator@D@2@@std@@@2@V?$allocator@U?$pair@$$CBV?$basic_string@DU?$char_traits@D@std@@V?$allocator@D@2@@std@@PAVObj@@@std@@@2@$0A@@std@@@std@@IAEXPAU?$_Tree_node@U?$pair@$$CBV?$basic_string@DU?$char_traits@D@std@@V?$allocator@D@2@@std@@PAVObj@@@std@@PAX@2@@Z 00405e80 f i parse.obj
 0001:00004ee0       ?allocate@?$allocator@PAVObj@@@std@@QAEPAPAVObj@@I@Z 00405ee0 f i parse.obj
 0001:00004f50       ?append@?$basic_string@DU?$char_traits@D@std@@V?$allocator@D@2@@std@@QAEAAV12@ABV12@II@Z 00405f50 f i parse.obj
 0001:00005040       ?append@?$basic_string@DU?$char_traits@D@std@@V?$allocator@D@2@@std@@QAEAAV12@ID@Z 00406040 f i parse.obj
 0001:000050f0       ?compare@?$char_traits@D@std@@SAHPBD0I@Z 004060f0 f i parse.obj
 0001:000053a0       ?erase@?$_Tree@V?$_Tmap_traits@V?$basic_string@DU?$char_traits@D@std@@V?$allocator@D@2@@std@@PAVObj@@U?$less@V?$basic_string@DU?$char_traits@D@std@@V?$allocator@D@2@@std@@@2@V?$allocator@U?$pair@$$CBV?$basic_string@DU?$char_traits@D@std@@V?$allocator@D@2@@std@@PAVObj@@@std@@@2@$0A@@std@@@std@@QAE?AV?$_Tree_iterator@V?$_Tree_val@U?$_Tree_simple_types@U?$pair@$$CBV?$basic_string@DU?$char_traits@D@std@@V?$allocator@D@2@@std@@PAVObj@@@std@@@std@@@std@@@2@V?$_Tree_const_iterator@V?$_Tree_val@U?$_Tree_simple_types@U?$pair@$$CBV?$basic_string@DU?$char_traits@D@std@@V?$allocator@D@2@@std@@PAVObj@@@std@@@std@@@std@@@2@0@Z 004063a0 f i parse.obj
 0001:00005490       ?erase@?$_Tree@V?$_Tmap_traits@V?$basic_string@DU?$char_traits@D@std@@V?$allocator@D@2@@std@@PAVObj@@U?$less@V?$basic_string@DU?$char_traits@D@std@@V?$allocator@D@2@@std@@@2@V?$allocator@U?$pair@$$CBV?$basic_string@DU?$char_traits@D@std@@V?$allocator@D@2@@std@@PAVObj@@@std@@@2@$0A@@std@@@std@@QAE?AV?$_Tree_iterator@V?$_Tree_val@U?$_Tree_simple_types@U?$pair@$$CBV?$basic_string@DU?$char_traits@D@std@@V?$allocator@D@2@@std@@PAVObj@@@std@@@std@@@std@@@2@V?$_Tree_const_iterator@V?$_Tree_val@U?$_Tree_simple_types@U?$pair@$$CBV?$basic_string@DU?$char_traits@D@std@@V?$allocator@D@2@@std@@PAVObj@@@std@@@std@@@std@@@2@@Z 00406490 f i parse.obj
 0001:00005780       ?getBoolean@BooleanObj@@UBE_NXZ 00406780 f i parse.obj
 0001:00005790       ?getBoolean@Obj@@UBE_NXZ   00406790 f i parse.obj
 0001:00005820       ?getChild@NamedObj@@UBEPAVObj@@XZ 00406820 f i parse.obj
 0001:00005830       ?getChild@Obj@@UBEPAV1@XZ  00406830 f i parse.obj
 0001:000058c0       ?getDict@DictObj@@UBEABV?$map@V?$basic_string@DU?$char_traits@D@std@@V?$allocator@D@2@@std@@PAVObj@@U?$less@V?$basic_string@DU?$char_traits@D@std@@V?$allocator@D@2@@std@@@2@V?$allocator@U?$pair@$$CBV?$basic_string@DU?$char_traits@D@std@@V?$allocator@D@2@@std@@PAVObj@@@std@@@2@@std@@XZ 004068c0 f i parse.obj
 0001:000058d0       ?getDict@Obj@@UBEABV?$map@V?$basic_string@DU?$char_traits@D@std@@V?$allocator@D@2@@std@@PAVObj@@U?$less@V?$basic_string@DU?$char_traits@D@std@@V?$allocator@D@2@@std@@@2@V?$allocator@U?$pair@$$CBV?$basic_string@DU?$char_traits@D@std@@V?$allocator@D@2@@std@@PAVObj@@@std@@@2@@std@@XZ 004068d0 f i parse.obj
 0001:00005960       ?getID@IdObj@@UBE?AV?$basic_string@DU?$char_traits@D@std@@V?$allocator@D@2@@std@@XZ 00406960 f i parse.obj
 0001:000059a0       ?getID@Obj@@UBE?AV?$basic_string@DU?$char_traits@D@std@@V?$allocator@D@2@@std@@XZ 004069a0 f i parse.obj
 0001:00005a30       ?getName@NamedObj@@UBE?AV?$basic_string@DU?$char_traits@D@std@@V?$allocator@D@2@@std@@XZ 00406a30 f i parse.obj
 0001:00005a70       ?getName@Obj@@UBE?AV?$basic_string@DU?$char_traits@D@std@@V?$allocator@D@2@@std@@XZ 00406a70 f i parse.obj
 0001:00005b00       ?getScalar@Obj@@UBENXZ     00406b00 f i parse.obj
 0001:00005b90       ?getScalar@ScalarObj@@UBENXZ 00406b90 f i parse.obj
 0001:00005ba0       ?getString@Obj@@UBE?AV?$basic_string@DU?$char_traits@D@std@@V?$allocator@D@2@@std@@XZ 00406ba0 f i parse.obj
 0001:00005c30       ?getString@StringObj@@UBE?AV?$basic_string@DU?$char_traits@D@std@@V?$allocator@D@2@@std@@XZ 00406c30 f i parse.obj
 0001:00005c70       ?getTuple@Obj@@UBEABV?$vector@PAVObj@@V?$allocator@PAVObj@@@std@@@std@@XZ 00406c70 f i parse.obj
 0001:00005d00       ?getTuple@TupleObj@@UBEABV?$vector@PAVObj@@V?$allocator@PAVObj@@@std@@@std@@XZ 00406d00 f i parse.obj
 0001:00005d10       ?getTypeName@BooleanObj@@UBE?AV?$basic_string@DU?$char_traits@D@std@@V?$allocator@D@2@@std@@XZ 00406d10 f i parse.obj
 0001:00005d50       ?getTypeName@DictObj@@UBE?AV?$basic_string@DU?$char_traits@D@std@@V?$allocator@D@2@@std@@XZ 00406d50 f i parse.obj
 0001:00005d90       ?getTypeName@IdObj@@UBE?AV?$basic_string@DU?$char_traits@D@std@@V?$allocator@D@2@@std@@XZ 00406d90 f i parse.obj
 0001:00005dd0       ?getTypeName@NamedObj@@UBE?AV?$basic_string@DU?$char_traits@D@std@@V?$allocator@D@2@@std@@XZ 00406dd0 f i parse.obj
 0001:00005e10       ?getTypeName@Obj@@UBE?AV?$basic_string@DU?$char_traits@D@std@@V?$allocator@D@2@@std@@XZ 00406e10 f i parse.obj
 0001:00005e50       ?getTypeName@ScalarObj@@UBE?AV?$basic_string@DU?$char_traits@D@std@@V?$allocator@D@2@@std@@XZ 00406e50 f i parse.obj
 0001:00005e90       ?getTypeName@StringObj@@UBE?AV?$basic_string@DU?$char_traits@D@std@@V?$allocator@D@2@@std@@XZ 00406e90 f i parse.obj
 0001:00005ed0       ?getTypeName@TupleObj@@UBE?AV?$basic_string@DU?$char_traits@D@std@@V?$allocator@D@2@@std@@XZ 00406ed0 f i parse.obj
 0001:00005f10       ?insert@?$basic_string@DU?$char_traits@D@std@@V?$allocator@D@2@@std@@QAEAAV12@IABV12@II@Z 00406f10 f i parse.obj
 0001:000060a0       ?printOn@BooleanObj@@UBEXAAV?$basic_ostream@DU?$char_traits@D@std@@@std@@@Z 004070a0 f i parse.obj
 0001:000060d0       ?printOn@DictObj@@UBEXAAV?$basic_ostream@DU?$char_traits@D@std@@@std@@@Z 004070d0 f i parse.obj
 0001:000061a0       ?printOn@IdObj@@UBEXAAV?$basic_ostream@DU?$char_traits@D@std@@@std@@@Z 004071a0 f i parse.obj
 0001:000061c0       ?printOn@NamedObj@@UBEXAAV?$basic_ostream@DU?$char_traits@D@std@@@std@@@Z 004071c0 f i parse.obj
 0001:000061f0       ?printOn@Obj@@UBEXAAV?$basic_ostream@DU?$char_traits@D@std@@@std@@@Z 004071f0 f i parse.obj
 0001:00006200       ?printOn@ScalarObj@@UBEXAAV?$basic_ostream@DU?$char_traits@D@std@@@std@@@Z 00407200 f i parse.obj
 0001:00006220       ?printOn@StringObj@@UBEXAAV?$basic_ostream@DU?$char_traits@D@std@@@std@@@Z 00407220 f i parse.obj
 0001:00006250       ?printOn@TupleObj@@UBEXAAV?$basic_ostream@DU?$char_traits@D@std@@@std@@@Z 00407250 f i parse.obj
 0001:00006610       ?readFile@@YAPAVObj@@AAV?$basic_istream@DU?$char_traits@D@std@@@std@@@Z 00407610 f   parse.obj
 0001:00006e90       ??$?HDU?$char_traits@D@std@@V?$allocator@D@1@@std@@YA?AV?$basic_string@DU?$char_traits@D@std@@V?$allocator@D@2@@0@$$QAV10@PBD@Z 00407e90 f i read.obj
 0001:00006ef0       ??$_Buynode@ABQAVGeometry@@@?$_List_buy@PAVGeometry@@V?$allocator@PAVGeometry@@@std@@@std@@QAEPAU?$_List_node@PAVGeometry@@PAX@1@PAU21@0ABQAVGeometry@@@Z 00407ef0 f i read.obj
 0001:00006f10       ??$_Buynode@ABQAVLight@@@?$_List_buy@PAVLight@@V?$allocator@PAVLight@@@std@@@std@@QAEPAU?$_List_node@PAVLight@@PAX@1@PAU21@0ABQAVLight@@@Z 00407f10 f i read.obj
 0001:00006f30       ??$_Buynode@ABQAVTransformNode@@@?$_List_buy@PAVTransformNode@@V?$allocator@PAVTransformNode@@@std@@@std@@QAEPAU?$_List_node@PAVTransformNode@@PAX@1@PAU21@0ABQAVTransformNode@@@Z 00407f30 f i read.obj
 0001:00006f50       ??$_Buynode@ABUpiecewise_construct_t@std@@V?$tuple@ABV?$basic_string@DU?$char_traits@D@std@@V?$allocator@D@2@@std@@@2@V?$tuple@$$V@2@@?$_Tree_comp_alloc@V?$_Tmap_traits@V?$basic_string@DU?$char_traits@D@std@@V?$allocator@D@2@@std@@PAVMaterial@@U?$less@V?$basic_string@DU?$char_traits@D@std@@V?$allocator@D@2@@std@@@2@V?$allocator@U?$pair@$$CBV?$basic_string@DU?$char_traits@D@std@@V?$allocator@D@2@@std@@PAVMaterial@@@std@@@2@$0A@@std@@@std@@QAEPAU?$_Tree_node@U?$pair@$$CBV?$basic_string@DU?$char_traits@D@std@@V?$allocator@D@2@@std@@PAVMaterial@@@std@@PAX@1@ABUpiecewise_construct_t@1@$$QAV?$tuple@ABV?$basic_string@DU?$char_traits@D@std@@V?$allocator@D@2@@std@@@1@$$QAV?$tuple@$$V@1@@Z 00407f50 f i read.obj
 0001:00007010       ??$_Insert_at@AAU?$pair@$$CBV?$basic_string@DU?$char_traits@D@std@@V?$allocator@D@2@@std@@PAVMaterial@@@std@@PAU?$_Tree_node@U?$pair@$$CBV?$basic_string@DU?$char_traits@D@std@@V?$allocator@D@2@@std@@PAVMaterial@@@std@@PAX@2@@?$_Tree@V?$_Tmap_traits@V?$basic_string@DU?$char_traits@D@std@@V?$allocator@D@2@@std@@PAVMaterial@@U?$less@V?$basic_string@DU?$char_traits@D@std@@V?$allocator@D@2@@std@@@2@V?$allocator@U?$pair@$$CBV?$basic_string@DU?$char_traits@D@std@@V?$allocator@D@2@@std@@PAVMaterial@@@std@@@2@$0A@@std@@@std@@IAE?AV?$_Tree_iterator@V?$_Tree_val@U?$_Tree_simple_types@U?$pair@$$CBV?$basic_string@DU?$char_traits@D@std@@V?$allocator@D@2@@std@@PAVMaterial@@@std@@@std@@@std@@@1@_NPAU?$_Tree_node@U?$pair@$$CBV?$basic_string@DU?$char_traits@D@std@@V?$allocator@D@2@@std@@PAVMaterial@@@std@@PAX@1@AAU?$pair@$$CBV?$basic_string@DU?$char_traits@D@std@@V?$allocator@D@2@@std@@PAVMaterial@@@1@1@Z 00408010 f i read.obj
 0001:000071e0       ??$_Insert_hint@AAU?$pair@$$CBV?$basic_string@DU?$char_traits@D@std@@V?$allocator@D@2@@std@@PAVMaterial@@@std@@PAU?$_Tree_node@U?$pair@$$CBV?$basic_string@DU?$char_traits@D@std@@V?$allocator@D@2@@std@@PAVMaterial@@@std@@PAX@2@@?$_Tree@V?$_Tmap_traits@V?$basic_string@DU?$char_traits@D@std@@V?$allocator@D@2@@std@@PAVMaterial@@U?$less@V?$basic_string@DU?$char_traits@D@std@@V?$allocator@D@2@@std@@@2@V?$allocator@U?$pair@$$CBV?$basic_string@DU?$char_traits@D@std@@V?$allocator@D@2@@std@@PAVMaterial@@@std@@@2@$0A@@std@@@std@@IAE?AV?$_Tree_iterator@V?$_Tree_val@U?$_Tree_simple_types@U?$pair@$$CBV?$basic_string@DU?$char_traits@D@std@@V?$allocator@D@2@@std@@PAVMaterial@@@std@@@std@@@std@@@1@V?$_Tree_const_iterator@V?$_Tree_val@U?$_Tree_simple_types@U?$pair@$$CBV?$basic_string@DU?$char_traits@D@std@@V?$allocator@D@2@@std@@PAVMaterial@@@std@@@std@@@std@@@1@AAU?$pair@$$CBV?$basic_string@DU?$char_traits@D@std@@V?$allocator@D@2@@std@@PAVMaterial@@@1@PAU?$_Tree_node@U?$pair@$$CBV?$basic_string@DU?$char_traits@D@std@@V?$allocator@D@2@@std@@PAVMaterial@@@std@@PAX@1@@Z 004081e0 f i read.obj
 0001:00007440       ??$_Insert_nohint@AAU?$pair@$$CBV?$basic_string@DU?$char_traits@D@std@@V?$allocator@D@2@@std@@PAVMaterial@@@std@@PAU?$_Tree_node@U?$pair@$$CBV?$basic_string@DU?$char_traits@D@std@@V?$allocator@D@2@@std@@PAVMaterial@@@std@@PAX@2@@?$_Tree@V?$_Tmap_traits@V?$basic_string@DU?$char_traits@D@std@@V?$allocator@D@2@@std@@PAVMaterial@@U?$less@V?$basic_string@DU?$char_traits@D@std@@V?$allocator@D@2@@std@@@2@V?$allocator@U?$pair@$$CBV?$basic_string@DU?$char_traits@D@std@@V?$allocator@D@2@@std@@PAVMaterial@@@std@@@2@$0A@@std@@@std@@IAE?AU?$pair@V?$_Tree_iterator@V?$_Tree_val@U?$_Tree_simple_types@U?$pair@$$CBV?$basic_string@DU?$char_traits@D@std@@V?$allocator@D@2@@std@@PAVMaterial@@@std@@@std@@@std@@@std@@_N@1@_NAAU?$pair@$$CBV?$basic_string@DU?$char_traits@D@std@@V?$allocator@D@2@@std@@PAVMaterial@@@1@PAU?$_Tree_node@U?$pair@$$CBV?$basic_string@DU?$char_traits@D@std@@V?$allocator@D@2@@std@@PAVMaterial@@@std@@PAX@1@@Z 00408440 f i read.obj
 0001:000076b0       ??$_Lbound@V?$basic_string@DU?$char_traits@D@std@@V?$allocator@D@2@@std@@@?$_Tree@V?$_Tmap_traits@V?$basic_string@DU?$char_traits@D@std@@V?$allocator@D@2@@std@@PAVMaterial@@U?$less@V?$basic_string@DU?$char_traits@D@std@@V?$allocator@D@2@@std@@@2@V?$allocator@U?$pair@$$CBV?$basic_string@DU?$char_traits@D@std@@V?$allocator@D@2@@std@@PAVMaterial@@@std@@@2@$0A@@std@@@std@@IBEPAU?$_Tree_node@U?$pair@$$CBV?$basic_string@DU?$char_traits@D@std@@V?$allocator@D@2@@std@@PAVMaterial@@@std@@PAX@1@ABV?$basic_string@DU?$char_traits@D@std@@V?$allocator@D@2@@1@@Z 004086b0 f i read.obj
 0001:00007790       ??$_Try_emplace@ABV?$basic_string@DU?$char_traits@D@std@@V?$allocator@D@2@@std@@$$V@?$map@V?$basic_string@DU?$char_traits@D@std@@V?$allocator@D@2@@std@@PAVMaterial@@U?$less@V?$basic_string@DU?$char_traits@D@std@@V?$allocator@D@2@@std@@@2@V?$allocator@U?$pair@$$CBV?$basic_string@DU?$char_traits@D@std@@V?$allocator@D@2@@std@@PAVMaterial@@@std@@@2@@std@@QAE?AU?$pair@V?$_Tree_iterator@V?$_Tree_val@U?$_Tree_simple_types@U?$pair@$$CBV?$basic_string@DU?$char_traits@D@std@@V?$allocator@D@2@@std@@PAVMaterial@@@std@@@std@@@std@@@std@@_N@1@ABV?$basic_string@DU?$char_traits@D@std@@V?$allocator@D@2@@1@@Z 00408790 f i read.obj
 0001:00007840       ??$endl@DU?$char_traits@D@std@@@std@@YAAAV?$basic_ostream@DU?$char_traits@D@std@@@0@AAV10@@Z 00408840 f i read.obj
 0001:00007870       ??$ends@DU?$char_traits@D@std@@@std@@YAAAV?$basic_ostream@DU?$char_traits@D@std@@@0@AAV10@@Z 00408870 f i read.obj
 0001:00007890       ??$use_facet@V?$codecvt@DDU_Mbstatet@@@std@@@std@@YAABV?$codecvt@DDU_Mbstatet@@@0@ABVlocale@0@@Z 00408890 f i read.obj
 0001:00007990       ??0?$basic_ifstream@DU?$char_traits@D@std@@@std@@QAE@PBDHH@Z 00408990 f i read.obj
 0001:00007aa0       ??0?$basic_string@DU?$char_traits@D@std@@V?$allocator@D@2@@std@@QAE@ABV01@@Z 00408aa0 f i read.obj
 0001:00007ad0       ??0?$fpos@U_Mbstatet@@@std@@QAE@U_Mbstatet@@_J@Z 00408ad0 f i read.obj
 0001:00007b00       ??0Scene@@QAE@XZ           00408b00 f i read.obj
 0001:00007cc0       ??0TransformNode@@IAE@PAV0@ABVmat4f@@@Z 00408cc0 f i read.obj
 0001:000080c0       ??0bad_cast@std@@QAE@ABV01@@Z 004090c0 f i read.obj
 0001:00008100       ??0exception@std@@QAE@ABV01@@Z 00409100 f i read.obj
 0001:00008130       ??0mat4f@@QAE@ABVvec4f@@000@Z 00409130 f i read.obj
 0001:00008200       ??0ostrstream@std@@QAE@XZ  00409200 f i read.obj
 0001:000082f0       ??0vec4f@@QAE@XZ           004092f0 f i read.obj
 0001:00008300       ??1?$basic_filebuf@DU?$char_traits@D@std@@@std@@UAE@XZ 00409300 f i read.obj
 0001:00008380       ??1?$basic_ifstream@DU?$char_traits@D@std@@@std@@UAE@XZ 00409380 f i read.obj
 0001:00008430       ??1?$list@PAVGeometry@@V?$allocator@PAVGeometry@@@std@@@std@@QAE@XZ 00409430 f i read.obj
 0001:00008480       ??1?$list@PAVLight@@V?$allocator@PAVLight@@@std@@@std@@QAE@XZ 00409480 f i read.obj
 0001:000084d0       ??1?$list@PAVTransformNode@@V?$allocator@PAVTransformNode@@@std@@@std@@QAE@XZ 004094d0 f i read.obj
 0001:00008520       ??1?$map@V?$basic_string@DU?$char_traits@D@std@@V?$allocator@D@2@@std@@PAVMaterial@@U?$less@V?$basic_string@DU?$char_traits@D@std@@V?$allocator@D@2@@std@@@2@V?$allocator@U?$pair@$$CBV?$basic_string@DU?$char_traits@D@std@@V?$allocator@D@2@@std@@PAVMaterial@@@std@@@2@@std@@QAE@XZ 00409520 f i read.obj
 0001:00008580       ??1MaterialSceneObject@@UAE@XZ 00409580 f i read.obj
 0001:000085b0       ??1SceneElement@@UAE@XZ    004095b0 f i read.obj
 0001:000085c0       ??1TransformNode@@QAE@XZ   004095c0 f i read.obj
 0001:00008650       ??1TransformRoot@@QAE@XZ   00409650 f i read.obj
 0001:00008660       ??1bad_cast@std@@UAE@XZ    00409660 f i read.obj
 0001:00008680       ??1exception@std@@UAE@XZ   00409680 f i read.obj
 0001:000086a0       ??1locale@std@@QAE@XZ      004096a0 f i read.obj
 0001:000086f0       ??1ostrstream@std@@UAE@XZ  004096f0 f i read.obj
 0001:00008790       ??1strstreambuf@std@@UAE@XZ 00409790 f i read.obj
 0001:00008800       ??4?$basic_string@DU?$char_traits@D@std@@V?$allocator@D@2@@std@@QAEAAV01@$$QAV01@@Z 00409800 f i read.obj
 0001:00008880       ??6@YAAAV?$basic_ostream@DU?$char_traits@D@std@@@std@@AAV01@ABVException@@@Z 00409880 f i read.obj
 0001:00008900       ??D@YA?AVmat4f@@ABV0@0@Z   00409900 f i read.obj
 0001:00008db0       ??E?$_Tree_unchecked_const_iterator@V?$_Tree_val@U?$_Tree_simple_types@U?$pair@$$CBV?$basic_string@DU?$char_traits@D@std@@V?$allocator@D@2@@std@@PAVMaterial@@@std@@@std@@@std@@U_Iterator_base0@2@@std@@QAEAAV01@XZ 00409db0 f i read.obj
 0001:00008e00       ??F?$_Tree_unchecked_const_iterator@V?$_Tree_val@U?$_Tree_simple_types@U?$pair@$$CBV?$basic_string@DU?$char_traits@D@std@@V?$allocator@D@2@@std@@PAVMaterial@@@std@@@std@@@std@@U_Iterator_base0@2@@std@@QAEAAV01@XZ 00409e00 f i read.obj
 0001:00008e60       ??_D?$basic_ifstream@DU?$char_traits@D@std@@@std@@QAEXXZ 00409e60 f i read.obj
 0001:00008e80       ??_Dostrstream@std@@QAEXXZ 00409e80 f i read.obj
 0001:00008e94       ??_E?$basic_ifstream@DU?$char_traits@D@std@@@std@@$4PPPPPPPM@A@AEPAXI@Z 00409e94 f i read.obj
 0001:00008e9c       ??_Eostrstream@std@@$4PPPPPPPM@A@AEPAXI@Z 00409e9c f i read.obj
 0001:00008eb0       ??_G?$basic_filebuf@DU?$char_traits@D@std@@@std@@UAEPAXI@Z 00409eb0 f i read.obj
 0001:00008eb0       ??_E?$basic_filebuf@DU?$char_traits@D@std@@@std@@UAEPAXI@Z 00409eb0 f i read.obj
 0001:00008f50       ??_G?$basic_ifstream@DU?$char_traits@D@std@@@std@@UAEPAXI@Z 00409f50 f i read.obj
 0001:00008f50       ??_E?$basic_ifstream@DU?$char_traits@D@std@@@std@@UAEPAXI@Z 00409f50 f i read.obj
 0001:00008f90       ??_EBox@@UAEPAXI@Z         00409f90 f i read.obj
 0001:00008f90       ??_GBox@@UAEPAXI@Z         00409f90 f i read.obj
 0001:00008fd0       ??_GCone@@UAEPAXI@Z        00409fd0 f i read.obj
 0001:00008fd0       ??_ECone@@UAEPAXI@Z        00409fd0 f i read.obj
 0001:00009020       ??_ECylinder@@UAEPAXI@Z    0040a020 f i read.obj
 0001:00009020       ??_GCylinder@@UAEPAXI@Z    0040a020 f i read.obj
 0001:00009060       ??_GDirectionalLight@@UAEPAXI@Z 0040a060 f i read.obj
 0001:00009060       ??_EDirectionalLight@@UAEPAXI@Z 0040a060 f i read.obj
 0001:00009090       ??_GGeometry@@UAEPAXI@Z    0040a090 f i read.obj
 0001:00009090       ??_EGeometry@@UAEPAXI@Z    0040a090 f i read.obj
 0001:000090c0       ??_ELight@@UAEPAXI@Z       0040a0c0 f i read.obj
 0001:000090c0       ??_GLight@@UAEPAXI@Z       0040a0c0 f i read.obj
 0001:000090f0       ??_GMaterialSceneObject@@UAEPAXI@Z 0040a0f0 f i read.obj
 0001:000090f0       ??_EMaterialSceneObject@@UAEPAXI@Z 0040a0f0 f i read.obj
 0001:00009130       ??_GPointLight@@UAEPAXI@Z  0040a130 f i read.obj
 0001:00009130       ??_EPointLight@@UAEPAXI@Z  0040a130 f i read.obj
 0001:00009160       ??_EScene@@UAEPAXI@Z       0040a160 f i read.obj
 0001:00009160       ??_GScene@@UAEPAXI@Z       0040a160 f i read.obj
 0001:00009190       ??_ESceneElement@@UAEPAXI@Z 0040a190 f i read.obj
 0001:00009190       ??_GSceneElement@@UAEPAXI@Z 0040a190 f i read.obj
 0001:000091c0       ??_GSceneObject@@UAEPAXI@Z 0040a1c0 f i read.obj
 0001:000091c0       ??_ESceneObject@@UAEPAXI@Z 0040a1c0 f i read.obj
 0001:000091f0       ??_ESphere@@UAEPAXI@Z      0040a1f0 f i read.obj
 0001:000091f0       ??_GSphere@@UAEPAXI@Z      0040a1f0 f i read.obj
 0001:00009230       ??_GSquare@@UAEPAXI@Z      0040a230 f i read.obj
 0001:00009230       ??_ESquare@@UAEPAXI@Z      0040a230 f i read.obj
 0001:00009270       ??_ETrimesh@@UAEPAXI@Z     0040a270 f i read.obj
 0001:00009270       ??_GTrimesh@@UAEPAXI@Z     0040a270 f i read.obj
 0001:000092a0       ??_Ebad_cast@std@@UAEPAXI@Z 0040a2a0 f i read.obj
 0001:000092a0       ??_Gbad_cast@std@@UAEPAXI@Z 0040a2a0 f i read.obj
 0001:000092e0       ??_Gexception@std@@UAEPAXI@Z 0040a2e0 f i read.obj
 0001:000092e0       ??_Eexception@std@@UAEPAXI@Z 0040a2e0 f i read.obj
 0001:00009320       ??_Gostrstream@std@@UAEPAXI@Z 0040a320 f i read.obj
 0001:00009320       ??_Eostrstream@std@@UAEPAXI@Z 0040a320 f i read.obj
 0001:00009360       ??_Gstrstreambuf@std@@UAEPAXI@Z 0040a360 f i read.obj
 0001:00009360       ??_Estrstreambuf@std@@UAEPAXI@Z 0040a360 f i read.obj
 0001:000093f0       ?ComputeBoundingBox@Geometry@@UAEXXZ 0040a3f0 f i read.obj
 0001:00009a30       ?ComputeLocalBoundingBox@Box@@UAE?AVBoundingBox@@XZ 0040aa30 f i read.obj
 0001:00009a70       ?ComputeLocalBoundingBox@Cone@@UAE?AVBoundingBox@@XZ 0040aa70 f i read.obj
 0001:00009ad0       ?ComputeLocalBoundingBox@Cylinder@@UAE?AVBoundingBox@@XZ 0040aad0 f i read.obj
 0001:00009b10       ?ComputeLocalBoundingBox@Geometry@@UAE?AVBoundingBox@@XZ 0040ab10 f i read.obj
 0001:00009b40       ?ComputeLocalBoundingBox@Sphere@@UAE?AVBoundingBox@@XZ 0040ab40 f i read.obj
 0001:00009b80       ?ComputeLocalBoundingBox@Square@@UAE?AVBoundingBox@@XZ 0040ab80 f i read.obj
 0001:00009bd0       ?_Buyheadnode@?$_Tree_comp_alloc@V?$_Tmap_traits@V?$basic_string@DU?$char_traits@D@std@@V?$allocator@D@2@@std@@PAVMaterial@@U?$less@V?$basic_string@DU?$char_traits@D@std@@V?$allocator@D@2@@std@@@2@V?$allocator@U?$pair@$$CBV?$basic_string@DU?$char_traits@D@std@@V?$allocator@D@2@@std@@PAVMaterial@@@std@@@2@$0A@@std@@@std@@QAEPAU?$_Tree_node@U?$pair@$$CBV?$basic_string@DU?$char_traits@D@std@@V?$allocator@D@2@@std@@PAVMaterial@@@std@@PAX@2@XZ 0040abd0 f i read.obj
 0001:00009c00       ?_Buynode0@?$_List_alloc@U?$_List_base_types@PAVGeometry@@V?$allocator@PAVGeometry@@@std@@@std@@@std@@QAEPAU?$_List_node@PAVGeometry@@PAX@2@PAU32@0@Z 0040ac00 f i read.obj
 0001:00009c40       ?_Buynode0@?$_List_alloc@U?$_List_base_types@PAVLight@@V?$allocator@PAVLight@@@std@@@std@@@std@@QAEPAU?$_List_node@PAVLight@@PAX@2@PAU32@0@Z 0040ac40 f i read.obj
 0001:00009c80       ?_Buynode0@?$_List_alloc@U?$_List_base_types@PAVTransformNode@@V?$allocator@PAVTransformNode@@@std@@@std@@@std@@QAEPAU?$_List_node@PAVTransformNode@@PAX@2@PAU32@0@Z 0040ac80 f i read.obj
 0001:00009cc0       ?_Buynode0@?$_Tree_comp_alloc@V?$_Tmap_traits@V?$basic_string@DU?$char_traits@D@std@@V?$allocator@D@2@@std@@PAVMaterial@@U?$less@V?$basic_string@DU?$char_traits@D@std@@V?$allocator@D@2@@std@@@2@V?$allocator@U?$pair@$$CBV?$basic_string@DU?$char_traits@D@std@@V?$allocator@D@2@@std@@PAVMaterial@@@std@@@2@$0A@@std@@@std@@QAEPAU?$_Tree_node@U?$pair@$$CBV?$basic_string@DU?$char_traits@D@std@@V?$allocator@D@2@@std@@PAVMaterial@@@std@@PAX@2@XZ 0040acc0 f i read.obj
 0001:00009d00       ?_Destroy_if_not_nil@?$_Tree@V?$_Tmap_traits@V?$basic_string@DU?$char_traits@D@std@@V?$allocator@D@2@@std@@PAVMaterial@@U?$less@V?$basic_string@DU?$char_traits@D@std@@V?$allocator@D@2@@std@@@2@V?$allocator@U?$pair@$$CBV?$basic_string@DU?$char_traits@D@std@@V?$allocator@D@2@@std@@PAVMaterial@@@std@@@2@$0A@@std@@@std@@IAEXPAU?$_Tree_node@U?$pair@$$CBV?$basic_string@DU?$char_traits@D@std@@V?$allocator@D@2@@std@@PAVMaterial@@@std@@PAX@2@@Z 0040ad00 f i read.obj
 0001:00009d50       ?_Endwrite@?$basic_filebuf@DU?$char_traits@D@std@@@std@@IAE_NXZ 0040ad50 f i read.obj
 0001:00009ec0       ?_Erase@?$_Tree@V?$_Tmap_traits@V?$basic_string@DU?$char_traits@D@std@@V?$allocator@D@2@@std@@PAVMaterial@@U?$less@V?$basic_string@DU?$char_traits@D@std@@V?$allocator@D@2@@std@@@2@V?$allocator@U?$pair@$$CBV?$basic_string@DU?$char_traits@D@std@@V?$allocator@D@2@@std@@PAVMaterial@@@std@@@2@$0A@@std@@@std@@IAEXPAU?$_Tree_node@U?$pair@$$CBV?$basic_string@DU?$char_traits@D@std@@V?$allocator@D@2@@std@@PAVMaterial@@@std@@PAX@2@@Z 0040aec0 f i read.obj
 0001:00009f70       ?_Init@?$basic_filebuf@DU?$char_traits@D@std@@@std@@IAEXPAU_iobuf@@W4_Initfl@12@@Z 0040af70 f i read.obj
 0001:0000a000       ?_Lock@?$basic_filebuf@DU?$char_traits@D@std@@@std@@UAEXXZ 0040b000 f i read.obj
 0001:0000a010       ?_Lrotate@?$_Tree@V?$_Tmap_traits@V?$basic_string@DU?$char_traits@D@std@@V?$allocator@D@2@@std@@PAVMaterial@@U?$less@V?$basic_string@DU?$char_traits@D@std@@V?$allocator@D@2@@std@@@2@V?$allocator@U?$pair@$$CBV?$basic_string@DU?$char_traits@D@std@@V?$allocator@D@2@@std@@PAVMaterial@@@std@@@2@$0A@@std@@@std@@IAEXPAU?$_Tree_node@U?$pair@$$CBV?$basic_string@DU?$char_traits@D@std@@V?$allocator@D@2@@std@@PAVMaterial@@@std@@PAX@2@@Z 0040b010 f i read.obj
 0001:0000a070       ?_Reset_back@?$basic_filebuf@DU?$char_traits@D@std@@@std@@AAEXXZ 0040b070 f i read.obj
 0001:0000a0a0       ?_Rrotate@?$_Tree@V?$_Tmap_traits@V?$basic_string@DU?$char_traits@D@std@@V?$allocator@D@2@@std@@PAVMaterial@@U?$less@V?$basic_string@DU?$char_traits@D@std@@V?$allocator@D@2@@std@@@2@V?$allocator@U?$pair@$$CBV?$basic_string@DU?$char_traits@D@std@@V?$allocator@D@2@@std@@PAVMaterial@@@std@@@2@$0A@@std@@@std@@IAEXPAU?$_Tree_node@U?$pair@$$CBV?$basic_string@DU?$char_traits@D@std@@V?$allocator@D@2@@std@@PAVMaterial@@@std@@PAX@2@@Z 0040b0a0 f i read.obj
 0001:0000a100       ?_Set_back@?$basic_filebuf@DU?$char_traits@D@std@@@std@@AAEXXZ 0040b100 f i read.obj
 0001:0000a140       ?_Unlock@?$basic_filebuf@DU?$char_traits@D@std@@@std@@UAEXXZ 0040b140 f i read.obj
 0001:0000a150       ?add@Scene@@QAEXPAVGeometry@@@Z 0040b150 f i read.obj
 0001:0000a1b0       ?add@Scene@@QAEXPAVLight@@@Z 0040b1b0 f i read.obj
 0001:0000a200       ?append@?$basic_string@DU?$char_traits@D@std@@V?$allocator@D@2@@std@@QAEAAV12@PBDI@Z 0040b200 f i read.obj
 0001:0000a320       ?close@?$basic_filebuf@DU?$char_traits@D@std@@@std@@QAEPAV12@XZ 0040b320 f i read.obj
 0001:0000a390       ?createChild@TransformNode@@QAEPAV1@ABVmat4f@@@Z 0040b390 f i read.obj
 0001:0000a450       ?erase@?$_Tree@V?$_Tmap_traits@V?$basic_string@DU?$char_traits@D@std@@V?$allocator@D@2@@std@@PAVMaterial@@U?$less@V?$basic_string@DU?$char_traits@D@std@@V?$allocator@D@2@@std@@@2@V?$allocator@U?$pair@$$CBV?$basic_string@DU?$char_traits@D@std@@V?$allocator@D@2@@std@@PAVMaterial@@@std@@@2@$0A@@std@@@std@@QAE?AV?$_Tree_iterator@V?$_Tree_val@U?$_Tree_simple_types@U?$pair@$$CBV?$basic_string@DU?$char_traits@D@std@@V?$allocator@D@2@@std@@PAVMaterial@@@std@@@std@@@std@@@2@V?$_Tree_const_iterator@V?$_Tree_val@U?$_Tree_simple_types@U?$pair@$$CBV?$basic_string@DU?$char_traits@D@std@@V?$allocator@D@2@@std@@PAVMaterial@@@std@@@std@@@std@@@2@0@Z 0040b450 f i read.obj
 0001:0000a540       ?erase@?$_Tree@V?$_Tmap_traits@V?$basic_string@DU?$char_traits@D@std@@V?$allocator@D@2@@std@@PAVMaterial@@U?$less@V?$basic_string@DU?$char_traits@D@std@@V?$allocator@D@2@@std@@@2@V?$allocator@U?$pair@$$CBV?$basic_string@DU?$char_traits@D@std@@V?$allocator@D@2@@std@@PAVMaterial@@@std@@@2@$0A@@std@@@std@@QAE?AV?$_Tree_iterator@V?$_Tree_val@U?$_Tree_simple_types@U?$pair@$$CBV?$basic_string@DU?$char_traits@D@std@@V?$allocator@D@2@@std@@PAVMaterial@@@std@@@std@@@std@@@2@V?$_Tree_const_iterator@V?$_Tree_val@U?$_Tree_simple_types@U?$pair@$$CBV?$basic_string@DU?$char_traits@D@std@@V?$allocator@D@2@@std@@PAVMaterial@@@std@@@std@@@std@@@2@@Z 0040b540 f i read.obj
 0001:0000a830       ?find@?$_Tree@V?$_Tmap_traits@V?$basic_string@DU?$char_traits@D@std@@V?$allocator@D@2@@std@@PAVMaterial@@U?$less@V?$basic_string@DU?$char_traits@D@std@@V?$allocator@D@2@@std@@@2@V?$allocator@U?$pair@$$CBV?$basic_string@DU?$char_traits@D@std@@V?$allocator@D@2@@std@@PAVMaterial@@@std@@@2@$0A@@std@@@std@@QBE?AV?$_Tree_const_iterator@V?$_Tree_val@U?$_Tree_simple_types@U?$pair@$$CBV?$basic_string@DU?$char_traits@D@std@@V?$allocator@D@2@@std@@PAVMaterial@@@std@@@std@@@std@@@2@ABV?$basic_string@DU?$char_traits@D@std@@V?$allocator@D@2@@2@@Z 0040b830 f i read.obj
 0001:0000a8c0       ?find@?$_Tree@V?$_Tmap_traits@V?$basic_string@DU?$char_traits@D@std@@V?$allocator@D@2@@std@@PAVObj@@U?$less@V?$basic_string@DU?$char_traits@D@std@@V?$allocator@D@2@@std@@@2@V?$allocator@U?$pair@$$CBV?$basic_string@DU?$char_traits@D@std@@V?$allocator@D@2@@std@@PAVObj@@@std@@@2@$0A@@std@@@std@@QBE?AV?$_Tree_const_iterator@V?$_Tree_val@U?$_Tree_simple_types@U?$pair@$$CBV?$basic_string@DU?$char_traits@D@std@@V?$allocator@D@2@@std@@PAVObj@@@std@@@std@@@std@@@2@ABV?$basic_string@DU?$char_traits@D@std@@V?$allocator@D@2@@2@@Z 0040b8c0 f i read.obj
 0001:0000ad90       ?getMaterial@MaterialSceneObject@@UBEABVMaterial@@XZ 0040bd90 f i read.obj
 0001:0000ada0       ?getMsg@Exception@@QBE?AV?$basic_string@DU?$char_traits@D@std@@V?$allocator@D@2@@std@@XZ 0040bda0 f i read.obj
 0001:0000ade0       ?hasBoundingBoxCapability@Box@@UBE_NXZ 0040bde0 f i read.obj
 0001:0000adf0       ?hasBoundingBoxCapability@Cone@@UBE_NXZ 0040bdf0 f i read.obj
 0001:0000ae00       ?hasBoundingBoxCapability@Cylinder@@UBE_NXZ 0040be00 f i read.obj
 0001:0000ae10       ?hasBoundingBoxCapability@Sphere@@UBE_NXZ 0040be10 f i read.obj
 0001:0000ae20       ?hasBoundingBoxCapability@Square@@UBE_NXZ 0040be20 f i read.obj
 0001:0000ae30       ?imbue@?$basic_filebuf@DU?$char_traits@D@std@@@std@@MAEXABVlocale@2@@Z 0040be30 f i read.obj
 0001:0000af30       ?open@?$basic_filebuf@DU?$char_traits@D@std@@@std@@QAEPAV12@PBDHH@Z 0040bf30 f i read.obj
 0001:0000b010       ?overflow@?$basic_filebuf@DU?$char_traits@D@std@@@std@@MAEHH@Z 0040c010 f i read.obj
 0001:0000b220       ?overflow@strstreambuf@std@@MAEHH@Z 0040c220 f i read.obj
 0001:0000b3d0       ?pbackfail@?$basic_filebuf@DU?$char_traits@D@std@@@std@@MAEHH@Z 0040c3d0 f i read.obj
 0001:0000b460       ?pbackfail@strstreambuf@std@@MAEHH@Z 0040c460 f i read.obj
 0001:0000e3c0       ?readScene@@YAPAVScene@@AAV?$basic_istream@DU?$char_traits@D@std@@@std@@@Z 0040f3c0 f   read.obj
 0001:0000e660       ?readScene@@YAPAVScene@@ABV?$basic_string@DU?$char_traits@D@std@@V?$allocator@D@2@@std@@@Z 0040f660 f   read.obj
 0001:0000e790       ?rotate@mat4f@@SA?AV1@ABVvec3f@@N@Z 0040f790 f i read.obj
 0001:0000e990       ?seekoff@?$basic_filebuf@DU?$char_traits@D@std@@@std@@MAE?AV?$fpos@U_Mbstatet@@@2@_JHH@Z 0040f990 f i read.obj
 0001:0000ea90       ?seekoff@strstreambuf@std@@MAE?AV?$fpos@U_Mbstatet@@@2@_JHH@Z 0040fa90 f i read.obj
 0001:0000ebf0       ?seekpos@?$basic_filebuf@DU?$char_traits@D@std@@@std@@MAE?AV?$fpos@U_Mbstatet@@@2@V32@H@Z 0040fbf0 f i read.obj
 0001:0000ecd0       ?seekpos@strstreambuf@std@@MAE?AV?$fpos@U_Mbstatet@@@2@V32@H@Z 0040fcd0 f i read.obj
 0001:0000edc0       ?setMaterial@MaterialSceneObject@@UAEXPAVMaterial@@@Z 0040fdc0 f i read.obj
 0001:0000edd0       ?setbuf@?$basic_filebuf@DU?$char_traits@D@std@@@std@@MAEPAV?$basic_streambuf@DU?$char_traits@D@std@@@2@PAD_J@Z 0040fdd0 f i read.obj
 0001:0000ee20       ?str@ostrstream@std@@QAEPADXZ 0040fe20 f i read.obj
 0001:0000ee60       ?sync@?$basic_filebuf@DU?$char_traits@D@std@@@std@@MAEHXZ 0040fe60 f i read.obj
 0001:0000ef00       ?uflow@?$basic_filebuf@DU?$char_traits@D@std@@@std@@MAEHXZ 0040ff00 f i read.obj
 0001:0000f100       ?underflow@?$basic_filebuf@DU?$char_traits@D@std@@@std@@MAEHXZ 00410100 f i read.obj
 0001:0000f140       ?underflow@strstreambuf@std@@MAEHXZ 00410140 f i read.obj
 0001:0000f310       ?what@exception@std@@UBEPBDXZ 00410310 f i read.obj
 0001:0000f3c0       ?inverse@mat3f@@QBE?AV1@XZ 004103c0 f   vecmath.obj
 0001:0000f7c0       ?inverse@mat4f@@QBE?AV1@XZ 004107c0 f   vecmath.obj
 0001:0000fc20       ??0Camera@@QAE@XZ          00410c20 f   camera.obj
 0001:0000fcc0       ?rayThrough@Camera@@QAEXNNAAVray@@@Z 00410cc0 f   camera.obj
 0001:0000fde0       ?setAspectRatio@Camera@@QAEXN@Z 00410de0 f   camera.obj
 0001:0000ff80       ?setEye@Camera@@QAEXABVvec3f@@@Z 00410f80 f   camera.obj
 0001:0000ffb0       ?setFOV@Camera@@QAEXN@Z    00410fb0 f   camera.obj
 0001:00010170       ?setLook@Camera@@QAEXABVvec3f@@0@Z 00411170 f   camera.obj
 0001:000103b0       ?setLook@Camera@@QAEXNNNN@Z 004113b0 f   camera.obj
 0001:00010650       ?update@Camera@@AAEXXZ     00411650 f   camera.obj
 0001:000107e0       ?distanceAttenuation@DirectionalLight@@UBENABVvec3f@@@Z 004117e0 f   light.obj
 0001:000107f0       ?distanceAttenuation@PointLight@@UBENABVvec3f@@@Z 004117f0 f   light.obj
 0001:000108d0       ?getColor@DirectionalLight@@UBE?AVvec3f@@ABV2@@Z 004118d0 f   light.obj
 0001:000108f0       ?getColor@PointLight@@UBE?AVvec3f@@ABV2@@Z 004118f0 f   light.obj
 0001:00010910       ?getDirection@DirectionalLight@@UBE?AVvec3f@@ABV2@@Z 00411910 f   light.obj
 0001:00010940       ?getDirection@PointLight@@UBE?AVvec3f@@ABV2@@Z 00411940 f   light.obj
 0001:000109d0       ?shadowAttenuation@DirectionalLight@@UBE?AVvec3f@@ABV2@@Z 004119d0 f   light.obj
 0001:00010ae0       ?shadowAttenuation@PointLight@@UBE?AVvec3f@@ABV2@@Z 00411ae0 f   light.obj
 0001:00010bf0       ?shade@Material@@UBE?AVvec3f@@PAVScene@@ABVray@@ABVisect@@@Z 00411bf0 f   material.obj
 0001:00010fa0       ?getMaterial@isect@@QBEABVMaterial@@XZ 00411fa0 f   ray.obj
 0001:00010fb0       ??0Material@@QAE@ABV0@@Z   00411fb0 f i scene.obj
 0001:000110b0       ??1Scene@@UAE@XZ           004120b0 f   scene.obj
 0001:00011290       ??4BoundingBox@@QAEXABV0@@Z 00412290 f   scene.obj
 0001:000112e0       ??4Material@@QAEAAV0@ABV0@@Z 004122e0 f i scene.obj
 0001:000113e0       ??4isect@@QAEAAV0@ABV0@@Z  004123e0 f i scene.obj
 0001:00011480       ?hasBoundingBoxCapability@Geometry@@UBE_NXZ 00412480 f   scene.obj
 0001:00011490       ?initScene@Scene@@QAEXXZ   00412490 f   scene.obj
 0001:00011660       ?intersect@BoundingBox@@QBE_NABVray@@AAN1@Z 00412660 f   scene.obj
 0001:00011770       ?intersect@Geometry@@UBE_NABVray@@AAVisect@@@Z 00412770 f   scene.obj
 0001:00011ac0       ?intersect@Scene@@QBE_NABVray@@AAVisect@@@Z 00412ac0 f   scene.obj
 0001:00011e50       ?intersectLocal@Geometry@@UBE_NABVray@@AAVisect@@@Z 00412e50 f   scene.obj
 0001:00011e60       ?intersects@BoundingBox@@QBE_NABV1@@Z 00412e60 f   scene.obj
 0001:00011ef0       ?intersects@BoundingBox@@QBE_NABVvec3f@@@Z 00412ef0 f   scene.obj
 0001:00011f70       ?intersectLocal@Box@@UBE_NABVray@@AAVisect@@@Z 00412f70 f   Box.obj
 0001:00012130       ?intersectBody@Cone@@QBE_NABVray@@AAVisect@@@Z 00413130 f   Cone.obj
 0001:00012480       ?intersectCaps@Cone@@QBE_NABVray@@AAVisect@@@Z 00413480 f   Cone.obj
 0001:00012620       ?intersectLocal@Cone@@UBE_NABVray@@AAVisect@@@Z 00413620 f   Cone.obj
 0001:000126f0       ?intersectBody@Cylinder@@QBE_NABVray@@AAVisect@@@Z 004136f0 f   Cylinder.obj
 0001:000129d0       ?intersectCaps@Cylinder@@QBE_NABVray@@AAVisect@@@Z 004139d0 f   Cylinder.obj
 0001:00012b30       ?intersectLocal@Cylinder@@UBE_NABVray@@AAVisect@@@Z 00413b30 f   Cylinder.obj
 0001:00012c00       ?intersectLocal@Sphere@@UBE_NABVray@@AAVisect@@@Z 00413c00 f   Sphere.obj
 0001:00012e10       ?intersectLocal@Square@@UBE_NABVray@@AAVisect@@@Z 00413e10 f   Square.obj
 0001:00012ee0       ??$_Uninitialized_default_fill_n1@PAVvec3f@@IV?$allocator@Vvec3f@@@std@@@std@@YAXPAVvec3f@@IAAU?$_Wrap_alloc@V?$allocator@Vvec3f@@@std@@@0@U?$integral_constant@_N$0A@@0@@Z 00413ee0 f i trimesh.obj
 0001:00012f10       ??$_Uninitialized_move_al_unchecked1@PAVvec3f@@PAV1@V?$allocator@Vvec3f@@@std@@@std@@YAPAVvec3f@@PAV1@00AAU?$_Wrap_alloc@V?$allocator@Vvec3f@@@std@@@0@U_General_ptr_iterator_tag@0@U_Any_tag@0@@Z 00413f10 f i trimesh.obj
 0001:00012f50       ??1Trimesh@@UAE@XZ         00413f50 f   trimesh.obj
 0001:000131b0       ??D@YA?AVMaterial@@NV0@@Z  004141b0 f i trimesh.obj
 0001:00013350       ??YMaterial@@QAEAAV0@ABV0@@Z 00414350 f i trimesh.obj
 0001:000134c0       ??_GTrimeshFace@@UAEPAXI@Z 004144c0 f i trimesh.obj
 0001:000134c0       ??_ETrimeshFace@@UAEPAXI@Z 004144c0 f i trimesh.obj
 0001:00013500       ?ComputeLocalBoundingBox@TrimeshFace@@UAE?AVBoundingBox@@XZ 00414500 f i trimesh.obj
 0001:00013620       ?_Reallocate@?$vector@PAVMaterial@@V?$allocator@PAVMaterial@@@std@@@std@@IAEXI@Z 00414620 f i trimesh.obj
 0001:00013680       ?_Reallocate@?$vector@PAVTrimeshFace@@V?$allocator@PAVTrimeshFace@@@std@@@std@@IAEXI@Z 00414680 f i trimesh.obj
 0001:000136e0       ?_Reallocate@?$vector@Vvec3f@@V?$allocator@Vvec3f@@@std@@@std@@IAEXI@Z 004146e0 f i trimesh.obj
 0001:000137c0       ?_Reserve@?$vector@PAVMaterial@@V?$allocator@PAVMaterial@@@std@@@std@@IAEXI@Z 004147c0 f i trimesh.obj
 0001:00013830       ?_Reserve@?$vector@PAVTrimeshFace@@V?$allocator@PAVTrimeshFace@@@std@@@std@@IAEXI@Z 00414830 f i trimesh.obj
 0001:000138a0       ?_Reserve@?$vector@Vvec3f@@V?$allocator@Vvec3f@@@std@@@std@@IAEXI@Z 004148a0 f i trimesh.obj
 0001:00013940       ?_Tidy@?$vector@Vvec3f@@V?$allocator@Vvec3f@@@std@@@std@@IAEXXZ 00414940 f i trimesh.obj
 0001:00013990       ?addFace@Trimesh@@QAE_NHHH@Z 00414990 f   trimesh.obj
 0001:00013ab0       ?addMaterial@Trimesh@@QAEXPAVMaterial@@@Z 00414ab0 f   trimesh.obj
 0001:00013ad0       ?addNormal@Trimesh@@QAEXABVvec3f@@@Z 00414ad0 f   trimesh.obj
 0001:00013ae0       ?addVertex@Trimesh@@QAEXABVvec3f@@@Z 00414ae0 f   trimesh.obj
 0001:00013af0       ?allocate@?$allocator@PAVMaterial@@@std@@QAEPAPAVMaterial@@I@Z 00414af0 f i trimesh.obj
 0001:00013b60       ?allocate@?$allocator@PAVTrimeshFace@@@std@@QAEPAPAVTrimeshFace@@I@Z 00414b60 f i trimesh.obj
 0001:00013bd0       ?allocate@?$allocator@Vvec3f@@@std@@QAEPAVvec3f@@I@Z 00414bd0 f i trimesh.obj
 0001:00013c40       ?doubleCheck@Trimesh@@QAEPADXZ 00414c40 f   trimesh.obj
 0001:00013ce0       ?generateNormals@Trimesh@@QAEXXZ 00414ce0 f   trimesh.obj
 0001:00013f70       ?hasBoundingBoxCapability@TrimeshFace@@UBE_NXZ 00414f70 f i trimesh.obj
 0001:00013f80       ?intersectLocal@TrimeshFace@@UBE_NABVray@@AAVisect@@@Z 00414f80 f   trimesh.obj
 0001:000146c0       ?push_back@?$vector@PAVMaterial@@V?$allocator@PAVMaterial@@@std@@@std@@QAEXABQAVMaterial@@@Z 004156c0 f i trimesh.obj
 0001:00014730       ?push_back@?$vector@PAVTrimeshFace@@V?$allocator@PAVTrimeshFace@@@std@@@std@@QAEXABQAVTrimeshFace@@@Z 00415730 f i trimesh.obj
 0001:000147a0       ?push_back@?$vector@Vvec3f@@V?$allocator@Vvec3f@@@std@@@std@@QAEXABVvec3f@@@Z 004157a0 f i trimesh.obj
 0001:00014850       ?resize@?$vector@Vvec3f@@V?$allocator@Vvec3f@@@std@@@std@@QAEXI@Z 00415850 f i trimesh.obj
 0001:00014950       ?visual@Fl@@SAHH@Z         00415950 f   fltk:Fl_visual.obj
 0001:000149b0       ?option@Fl@@SA_NW4Fl_Option@1@@Z 004159b0 f   fltk:Fl.obj
 0001:00014c40       ?option@Fl@@SAXW4Fl_Option@1@_N@Z 00415c40 f   fltk:Fl.obj
 0001:00014c80       ?version@Fl@@SANXZ         00415c80 f   fltk:Fl.obj
 0001:00014c90       ?scrollbar_size@Fl@@SAHXZ  00415c90 f   fltk:Fl.obj
 0001:00014ca0       ?scrollbar_size@Fl@@SAXH@Z 00415ca0 f   fltk:Fl.obj
 0001:00014cb0       ?wait@Fl@@SAHXZ            00415cb0 f   fltk:Fl.obj
 0001:00014d00       ?wait@Fl@@SANN@Z           00415d00 f   fltk:Fl.obj
 0001:00014d30       ?check@Fl@@SAHXZ           00415d30 f   fltk:Fl.obj
 0001:00014d70       ?ready@Fl@@SAHXZ           00415d70 f   fltk:Fl.obj
 0001:00014d80       ?run@Fl@@SAHXZ             00415d80 f   fltk:Fl.obj
 0001:00014db0       ?add_timeout@Fl@@SAXNP6AXPAX@Z0@Z 00415db0 f   fltk:Fl.obj
 0001:00014de0       ?repeat_timeout@Fl@@SAXNP6AXPAX@Z0@Z 00415de0 f   fltk:Fl.obj
 0001:00014f90       ?has_timeout@Fl@@SAHP6AXPAX@Z0@Z 00415f90 f   fltk:Fl.obj
 0001:00014ff0       ?remove_timeout@Fl@@SAXP6AXPAX@Z0@Z 00415ff0 f   fltk:Fl.obj
 0001:00015060       ?add_check@Fl@@SAXP6AXPAX@Z0@Z 00416060 f   fltk:Fl.obj
 0001:000150e0       ?has_check@Fl@@SAHP6AXPAX@Z0@Z 004160e0 f   fltk:Fl.obj
 0001:00015130       ?remove_check@Fl@@SAXP6AXPAX@Z0@Z 00416130 f   fltk:Fl.obj
 0001:000151b0       ?add_fd@Fl@@SAXHHP6AXHPAX@Z0@Z 004161b0 f   fltk:Fl.obj
 0001:00015480       ?add_fd@Fl@@SAXHP6AXHPAX@Z0@Z 00416480 f   fltk:Fl.obj
 0001:000154a0       ?remove_fd@Fl@@SAXHH@Z     004164a0 f   fltk:Fl.obj
 0001:000157a0       ?remove_fd@Fl@@SAXH@Z      004167a0 f   fltk:Fl.obj
 0001:000157c0       ?redraw@Fl@@SAXXZ          004167c0 f   fltk:Fl.obj
 0001:000157f0       ?flush@Fl@@SAXXZ           004167f0 f   fltk:Fl.obj
 0001:000158c0       ?first_window@Fl@@SAPAVFl_Window@@XZ 004168c0 f   fltk:Fl.obj
 0001:000158f0       ?first_window@Fl@@SAXPAVFl_Window@@@Z 004168f0 f   fltk:Fl.obj
 0001:00015940       ?next_window@Fl@@SAPAVFl_Window@@PBV2@@Z 00416940 f   fltk:Fl.obj
 0001:00015980       ?get_mouse@Fl@@SAXAAH0@Z   00416980 f   fltk:Fl.obj
 0001:000159b0       ?event_inside@Fl@@SAHHHHH@Z 004169b0 f   fltk:Fl.obj
 0001:00015a00       ?event_inside@Fl@@SAHPBVFl_Widget@@@Z 00416a00 f   fltk:Fl.obj
 0001:00015a80       ?enable_im@Fl@@SAXXZ       00416a80 f   fltk:Fl.obj
 0001:00015ac0       ?disable_im@Fl@@SAXXZ      00416ac0 f   fltk:Fl.obj
 0001:00015b00       ?handle@Fl@@SAHHPAVFl_Window@@@Z 00416b00 f   fltk:Fl.obj
 0001:00015b40       ?handle_@Fl@@SAHHPAVFl_Window@@@Z 00416b40 f   fltk:Fl.obj
 0001:00016220       ?belowmouse@Fl@@SAXPAVFl_Widget@@@Z 00417220 f   fltk:Fl.obj
 0001:000162c0       ?pushed@Fl@@SAXPAVFl_Widget@@@Z 004172c0 f   fltk:Fl.obj
 0001:000162d0       ?focus@Fl@@SAXPAVFl_Widget@@@Z 004172d0 f   fltk:Fl.obj
 0001:000163d0       ?add_handler@Fl@@SAXP6AHH@Z@Z 004173d0 f   fltk:Fl.obj
 0001:00016410       ?remove_handler@Fl@@SAXP6AHH@Z@Z 00417410 f   fltk:Fl.obj
 0001:00016490       ?add_system_handler@Fl@@SAXP6AHPAX0@Z0@Z 00417490 f   fltk:Fl.obj
 0001:000164e0       ?remove_system_handler@Fl@@SAXP6AHPAX0@Z@Z 004174e0 f   fltk:Fl.obj
 0001:00016560       ?event_dispatch@Fl@@SAXP6AHHPAVFl_Window@@@Z@Z 00417560 f   fltk:Fl.obj
 0001:00016570       ?event_dispatch@Fl@@SAP6AHHPAVFl_Window@@@ZXZ 00417570 f   fltk:Fl.obj
 0001:00016580       ?copy@Fl@@SAXPBDHH0@Z      00417580 f   fltk:Fl.obj
 0001:000166b0       ?copy@Fl@@SAXPBDHH@Z       004176b0 f   fltk:Fl.obj
 0001:000166d0       ?paste@Fl@@SAXAAVFl_Widget@@HPBD@Z 004176d0 f   fltk:Fl.obj
 0001:000173c0       ?paste@Fl@@SAXAAVFl_Widget@@H@Z 004183c0 f   fltk:Fl.obj
 0001:000173e0       ?add_clipboard_notify@Fl@@SAXP6AXHPAX@Z0@Z 004183e0 f   fltk:Fl.obj
 0001:00017440       ?remove_clipboard_notify@Fl@@SAXP6AXHPAX@Z@Z 00418440 f   fltk:Fl.obj
 0001:000174b0       ?clipboard_contains@Fl@@SAHPBD@Z 004184b0 f   fltk:Fl.obj
 0001:00017560       ?selection_owner@Fl@@SAXPAVFl_Widget@@@Z 00418560 f   fltk:Fl.obj
 0001:00017570       ?selection@Fl@@SAXAAVFl_Widget@@PBDH@Z 00418570 f   fltk:Fl.obj
 0001:00017590       ?paste@Fl@@SAXAAVFl_Widget@@@Z 00418590 f   fltk:Fl.obj
 0001:000175b0       ?x@Fl@@SAHXZ               004185b0 f   fltk:Fl.obj
 0001:000175f0       ?y@Fl@@SAHXZ               004185f0 f   fltk:Fl.obj
 0001:00017630       ?w@Fl@@SAHXZ               00418630 f   fltk:Fl.obj
 0001:00017670       ?h@Fl@@SAHXZ               00418670 f   fltk:Fl.obj
 0001:000176b0       ?thread_message@Fl@@SAPAXXZ 004186b0 f   fltk:Fl.obj
 0001:000176d0       ?delete_widget@Fl@@SAXPAVFl_Widget@@@Z 004186d0 f   fltk:Fl.obj
 0001:000177d0       ?do_widget_deletion@Fl@@SAXXZ 004187d0 f   fltk:Fl.obj
 0001:00017850       ?watch_widget_pointer@Fl@@SAXAAPAVFl_Widget@@@Z 00418850 f   fltk:Fl.obj
 0001:000178f0       ?release_widget_pointer@Fl@@SAXAAPAVFl_Widget@@@Z 004188f0 f   fltk:Fl.obj
 0001:00017970       ?clear_widget_pointer@Fl@@SAXPBVFl_Widget@@@Z 00418970 f   fltk:Fl.obj
 0001:000179e0       ??0Fl_Widget_Tracker@@QAE@PAVFl_Widget@@@Z 004189e0 f   fltk:Fl.obj
 0001:00017a10       ??1Fl_Widget_Tracker@@QAE@XZ 00418a10 f   fltk:Fl.obj
 0001:00017a60       ?redraw@Fl_Widget@@QAEXXZ  00418a60 f   fltk:Fl.obj
 0001:00017a80       ?redraw_label@Fl_Widget@@QAEXXZ 00418a80 f   fltk:Fl.obj
 0001:00018080       ?damage@Fl_Widget@@QAEXE@Z 00419080 f   fltk:Fl.obj
 0001:00018140       ?damage@Fl_Widget@@QAEXEHHHH@Z 00419140 f   fltk:Fl.obj
 0001:00018330       ?size_range_@Fl_Window@@AAEXXZ 00419330 f   fltk:Fl.obj
 0001:00018350       ?fullscreen_x@Fl_Window@@AAEXXZ 00419350 f   fltk:Fl.obj
 0001:000183c0       ?fullscreen_off_x@Fl_Window@@AAEXHHHH@Z 004193c0 f   fltk:Fl.obj
 0001:000185a0       ?flush@Fl_Window@@MAEXXZ   004195a0 f   fltk:Fl.obj
 0001:00018610       ?handle@Fl_Window@@UAEHH@Z 00419610 f   fltk:Fl.obj
 0001:00018780       ?resize@Fl_Window@@UAEXHHHH@Z 00419780 f   fltk:Fl.obj
 0001:00018a60       ?label@Fl_Window@@QAEXPBD0@Z 00419a60 f   fltk:Fl.obj
 0001:00018b50       ?default_icons@Fl_Window@@SAXPAUHICON__@@0@Z 00419b50 f   fltk:Fl.obj
 0001:00018b70       ?icons@Fl_Window@@QAEXPAUHICON__@@0@Z 00419b70 f   fltk:Fl.obj
 0001:00018bd0       ?show@Fl_Window@@UAEXXZ    00419bd0 f   fltk:Fl.obj
 0001:00018c90       ?hide@Fl_Window@@UAEXXZ    00419c90 f   fltk:Fl.obj
 0001:000190f0       ?make_current@Fl_Window@@QAEXXZ 0041a0f0 f   fltk:Fl.obj
 0001:00019150       ?decorated_w@Fl_Window@@QAEHXZ 0041a150 f   fltk:Fl.obj
 0001:00019220       ?decorated_h@Fl_Window@@QAEHXZ 0041a220 f   fltk:Fl.obj
 0001:000192f0       ?XRectangleRegion@@YAPAUHRGN__@@HHHH@Z 0041a2f0 f   fltk:Fl.obj
 0001:000193a0       ?fake_X_wm@Fl_X@@SAHPBVFl_Window@@AAH1111@Z 0041a3a0 f   fltk:Fl.obj
 0001:00019ad0       ?make_fullscreen@Fl_X@@QAEXHHHH@Z 0041aad0 f   fltk:Fl.obj
 0001:00019c30       ?set_minmax@Fl_X@@QAEXPAUtagMINMAXINFO@@@Z 0041ac30 f   fltk:Fl.obj
 0001:00019d20       ?set_default_icons@Fl_X@@SAXQAPBVFl_RGB_Image@@H@Z 0041ad20 f   fltk:Fl.obj
 0001:00019de0       ?set_default_icons@Fl_X@@SAXPAUHICON__@@0@Z 0041ade0 f   fltk:Fl.obj
 0001:00019e50       ?set_icons@Fl_X@@QAEXXZ    0041ae50 f   fltk:Fl.obj
 0001:00019ff0       ?set_cursor@Fl_X@@QAEHW4Fl_Cursor@@@Z 0041aff0 f   fltk:Fl.obj
 0001:0001a180       ?set_cursor@Fl_X@@QAEHPBVFl_RGB_Image@@HH@Z 0041b180 f   fltk:Fl.obj
 0001:0001a200       ?make@Fl_X@@SAPAV1@PAVFl_Window@@@Z 0041b200 f   fltk:Fl.obj
 0001:0001aea0       ?fl_release_dc@@YAXPAUHWND__@@PAUHDC__@@@Z 0041bea0 f   fltk:Fl.obj
 0001:0001af40       ?fl_save_dc@@YAXPAUHWND__@@PAUHDC__@@@Z 0041bf40 f   fltk:Fl.obj
 0001:0001afb0       ?fl_open_display@@YAXXZ    0041bfb0 f   fltk:Fl.obj
 0001:0001afe0       ?fl_find@@YAPAVFl_Window@@PAUHWND__@@@Z 0041bfe0 f   fltk:Fl.obj
 0001:0001b060       ?fl_GetDC@@YAPAUHDC__@@PAUHWND__@@@Z 0041c060 f   fltk:Fl.obj
 0001:0001b100       ?fl_free_fonts@@YAXXZ      0041c100 f   fltk:Fl.obj
 0001:0001b1c0       ?fl_cleanup_dc_list@@YAXXZ 0041c1c0 f   fltk:Fl.obj
 0001:0001b290       ?fl_clipboard_notify_change@@YAXXZ 0041c290 f   fltk:Fl.obj
 0001:0001b310       ?fl_clipboard_notify_empty@@YA_NXZ 0041c310 f   fltk:Fl.obj
 0001:0001b340       ?fl_trigger_clipboard_notify@@YAXH@Z 0041c340 f   fltk:Fl.obj
 0001:0001b380       ?fl_ready@@YAHXZ           0041c380 f   fltk:Fl.obj
 0001:0001b460       ?fl_wait@@YAHN@Z           0041c460 f   fltk:Fl.obj
 0001:0001b870       ?fl_send_system_handlers@@YAHPAX@Z 0041c870 f   fltk:Fl.obj
 0001:0001b8d0       ?fl_fix_focus@@YAXXZ       0041c8d0 f   fltk:Fl.obj
 0001:0001bab0       ?fl_throw_focus@@YAXPAVFl_Widget@@@Z 0041cab0 f   fltk:Fl.obj
 0001:0001bc80       ?fl_clipboard_notify_retarget@@YAXPAUHWND__@@@Z 0041cc80 f   fltk:Fl.obj
 0001:0001bce0       ?fl_update_clipboard@@YAXXZ 0041cce0 f   fltk:Fl.obj
 0001:0001bdf0       ?fl_set_status@@YAXHHHH@Z  0041cdf0 f   fltk:Fl.obj
 0001:0001be00       ?fl_set_spot@@YAXHHHHHHPAVFl_Window@@@Z 0041ce00 f   fltk:Fl.obj
 0001:0001bf60       ?fl_reset_spot@@YAXXZ      0041cf60 f   fltk:Fl.obj
 0001:0001bf70       ?print_window@Fl_Paged_Device@@QAEXPAVFl_Window@@HH@Z 0041cf70 f   fltk:Fl.obj
 0001:0001c5a0       ?fl_get_lcid_codepage@@YAIK@Z 0041d5a0 f   fltk:Fl.obj
 0001:0001c600       ?fl_get_codepage@@YAXXZ    0041d600 f   fltk:Fl.obj
 0001:0001dbc0       ?fl_filename_name@@YAPBDPBD@Z 0041ebc0 f   fltk:Fl.obj
 0001:0001e1c0       ?fl_xid_@@YAPAUHWND__@@PBVFl_Window@@@Z 0041f1c0 f   fltk:Fl.obj
 0001:0001e1f0       ??0Lf2CrlfConvert@@QAE@PBDH@Z 0041f1f0 f i fltk:Fl.obj
 0001:0001e3b0       ??1Fl_Win32_At_Exit@@QAE@XZ 0041f3b0 f i fltk:Fl.obj
 0001:0001e420       ??1Lf2CrlfConvert@@QAE@XZ  0041f420 f i fltk:Fl.obj
 0001:0001e450       ??1NameList@@QAE@XZ        0041f450 f i fltk:Fl.obj
 0001:0001e4b0       ??_GFl_Device@@UAEPAXI@Z   0041f4b0 f i fltk:Fl.obj
 0001:0001e4b0       ??_EFl_Device@@UAEPAXI@Z   0041f4b0 f i fltk:Fl.obj
 0001:0001e4e0       ??_EFl_GDI_Graphics_Driver@@UAEPAXI@Z 0041f4e0 f i fltk:Fl.obj
 0001:0001e4e0       ??_GFl_GDI_Graphics_Driver@@UAEPAXI@Z 0041f4e0 f i fltk:Fl.obj
 0001:0001e540       ??_GFl_Graphics_Driver@@UAEPAXI@Z 0041f540 f i fltk:Fl.obj
 0001:0001e540       ??_EFl_Graphics_Driver@@UAEPAXI@Z 0041f540 f i fltk:Fl.obj
 0001:0001e5a0       ??_GFl_Image@@UAEPAXI@Z    0041f5a0 f i fltk:Fl.obj
 0001:0001e5a0       ??_EFl_Image@@UAEPAXI@Z    0041f5a0 f i fltk:Fl.obj
 0001:0001e5d0       ??_GFl_RGB_Image@@UAEPAXI@Z 0041f5d0 f i fltk:Fl.obj
 0001:0001e5d0       ??_EFl_RGB_Image@@UAEPAXI@Z 0041f5d0 f i fltk:Fl.obj
 0001:0001e600       ??_EFl_Surface_Device@@UAEPAXI@Z 0041f600 f i fltk:Fl.obj
 0001:0001e600       ??_GFl_Surface_Device@@UAEPAXI@Z 0041f600 f i fltk:Fl.obj
 0001:0001e640       ?add_name@NameList@@QAEXPBD@Z 0041f640 f i fltk:Fl.obj
 0001:0001e6c0       ?class_name@Fl_Device@@UAEPBDXZ 0041f6c0 f i fltk:Fl.obj
 0001:0001e6d0       ?class_name@Fl_GDI_Graphics_Driver@@UAEPBDXZ 0041f6d0 f i fltk:Fl.obj
 0001:0001e6e0       ?class_name@Fl_Graphics_Driver@@UAEPBDXZ 0041f6e0 f i fltk:Fl.obj
 0001:0001e6f0       ?class_name@Fl_Surface_Device@@UAEPBDXZ 0041f6f0 f i fltk:Fl.obj
 0001:0001e700       ?color@Fl_Graphics_Driver@@MAEXEEE@Z 0041f700 f i fltk:Fl.obj
 0001:0001e710       ?color@Fl_Graphics_Driver@@MAEXI@Z 0041f710 f i fltk:Fl.obj
 0001:0001e730       ?descent@Fl_Graphics_Driver@@UAEHXZ 0041f730 f i fltk:Fl.obj
 0001:0001e740       ?draw@Fl_Graphics_Driver@@MAEXHPBDHHH@Z 0041f740 f i fltk:Fl.obj
 0001:0001e750       ?draw@Fl_Graphics_Driver@@MAEXPAVFl_Bitmap@@HHHHHH@Z 0041f750 f i fltk:Fl.obj
 0001:0001e760       ?draw@Fl_Graphics_Driver@@MAEXPAVFl_Pixmap@@HHHHHH@Z 0041f760 f i fltk:Fl.obj
 0001:0001e770       ?draw@Fl_Graphics_Driver@@MAEXPAVFl_RGB_Image@@HHHHHH@Z 0041f770 f i fltk:Fl.obj
 0001:0001e780       ?draw@Fl_Graphics_Driver@@MAEXPBDHHH@Z 0041f780 f i fltk:Fl.obj
 0001:0001e790       ?draw_image@Fl_Graphics_Driver@@MAEXP6AXPAXHHHPAE@Z0HHHHH@Z 0041f790 f i fltk:Fl.obj
 0001:0001e7a0       ?draw_image@Fl_Graphics_Driver@@MAEXPBEHHHHHH@Z 0041f7a0 f i fltk:Fl.obj
 0001:0001e7b0       ?draw_image_mono@Fl_Graphics_Driver@@MAEXP6AXPAXHHHPAE@Z0HHHHH@Z 0041f7b0 f i fltk:Fl.obj
 0001:0001e7c0       ?draw_image_mono@Fl_Graphics_Driver@@MAEXPBEHHHHHH@Z 0041f7c0 f i fltk:Fl.obj
 0001:0001e7d0       ?font@Fl_Graphics_Driver@@UAEXHH@Z 0041f7d0 f i fltk:Fl.obj
 0001:0001e7f0       ?height@Fl_Graphics_Driver@@UAEHXZ 0041f7f0 f i fltk:Fl.obj
 0001:0001e810       ?rtl_draw@Fl_Graphics_Driver@@MAEXPBDHHH@Z 0041f810 f i fltk:Fl.obj
 0001:0001e820       ?width@Fl_Graphics_Driver@@UAENI@Z 0041f820 f i fltk:Fl.obj
 0001:0001e850       ?width@Fl_Graphics_Driver@@UAENPBDH@Z 0041f850 f i fltk:Fl.obj
 0001:0001e860       ?fl_beep@@YAXH@Z           0041f860 f   fltk:fl_ask.obj
 0001:0001e8d0       ?fl_message@@YAXPBDZZ      0041f8d0 f   fltk:fl_ask.obj
 0001:0001e930       ?fl_alert@@YAXPBDZZ        0041f930 f   fltk:fl_ask.obj
 0001:0001e990       ?fl_ask@@YAHPBDZZ          0041f990 f   fltk:fl_ask.obj
 0001:0001e9e0       ?fl_choice@@YAHPBD000ZZ    0041f9e0 f   fltk:fl_ask.obj
 0001:0001ea30       ?fl_input@@YAPBDPBD0ZZ     0041fa30 f   fltk:fl_ask.obj
 0001:0001ea80       ?fl_password@@YAPBDPBD0ZZ  0041fa80 f   fltk:fl_ask.obj
 0001:0001ead0       ?fl_message_icon@@YAPAVFl_Widget@@XZ 0041fad0 f   fltk:fl_ask.obj
 0001:0001eae0       ?fl_message_hotspot@@YAXH@Z 0041fae0 f   fltk:fl_ask.obj
 0001:0001eb10       ?fl_message_hotspot@@YAHXZ 0041fb10 f   fltk:fl_ask.obj
 0001:0001eb20       ?fl_message_title@@YAXPBD@Z 0041fb20 f   fltk:fl_ask.obj
 0001:0001eb40       ?fl_message_title_default@@YAXPBD@Z 0041fb40 f   fltk:fl_ask.obj
 0001:0001f9c0       ??$__vcrt_va_start_verify_argument_type@PBD@@YAXXZ 004209c0 f i fltk:fl_ask.obj
 0001:0001f9d0       ?default_atclose@Fl@@SAXPAVFl_Window@@PAX@Z 004209d0 f   fltk:Fl_Window.obj
 0001:0001fa00       ?window@Fl_Widget@@QBEPAVFl_Window@@XZ 00420a00 f   fltk:Fl_Window.obj
 0001:0001fa50       ?top_window@Fl_Widget@@QBEPAVFl_Window@@XZ 00420a50 f   fltk:Fl_Window.obj
 0001:0001fa90       ?top_window_offset@Fl_Widget@@QBEPAVFl_Window@@AAH0@Z 00420a90 f   fltk:Fl_Window.obj
 0001:0001fb10       ?_Fl_Window@Fl_Window@@AAEXXZ 00420b10 f   fltk:Fl_Window.obj
 0001:0001fc00       ?free_icons@Fl_Window@@IAEXXZ 00420c00 f   fltk:Fl_Window.obj
 0001:0001fd10       ??0Fl_Window@@QAE@HHPBD@Z  00420d10 f   fltk:Fl_Window.obj
 0001:0001fdb0       ??0Fl_Window@@QAE@HHHHPBD@Z 00420db0 f   fltk:Fl_Window.obj
 0001:0001fe50       ??1Fl_Window@@UAE@XZ       00420e50 f   fltk:Fl_Window.obj
 0001:0001ff40       ?label@Fl_Window@@QAEXPBD@Z 00420f40 f   fltk:Fl_Window.obj
 0001:0001ff70       ?iconlabel@Fl_Window@@QAEXPBD@Z 00420f70 f   fltk:Fl_Window.obj
 0001:0001ffa0       ?copy_label@Fl_Window@@QAEXPBD@Z 00420fa0 f   fltk:Fl_Window.obj
 0001:0001ffe0       ?default_xclass@Fl_Window@@SAXPBD@Z 00420fe0 f   fltk:Fl_Window.obj
 0001:00020020       ?default_xclass@Fl_Window@@SAPBDXZ 00421020 f   fltk:Fl_Window.obj
 0001:00020040       ?xclass@Fl_Window@@QBEPBDXZ 00421040 f   fltk:Fl_Window.obj
 0001:00020070       ?xclass@Fl_Window@@QAEXPBD@Z 00421070 f   fltk:Fl_Window.obj
 0001:000200d0       ?default_icon@Fl_Window@@SAXPBVFl_RGB_Image@@@Z 004210d0 f   fltk:Fl_Window.obj
 0001:000200f0       ?default_icons@Fl_Window@@SAXQAPBVFl_RGB_Image@@H@Z 004210f0 f   fltk:Fl_Window.obj
 0001:00020110       ?icon@Fl_Window@@QAEXPBVFl_RGB_Image@@@Z 00421110 f   fltk:Fl_Window.obj
 0001:00020130       ?icons@Fl_Window@@QAEXQAPBVFl_RGB_Image@@H@Z 00421130 f   fltk:Fl_Window.obj
 0001:00020200       ?icon@Fl_Window@@QBEPBXXZ  00421200 f   fltk:Fl_Window.obj
 0001:00020220       ?icon@Fl_Window@@QAEXPBX@Z 00421220 f   fltk:Fl_Window.obj
 0001:00020240       ?wait_for_expose@Fl_Window@@QAEXXZ 00421240 f   fltk:Fl_Window.obj
 0001:00020290       ?x_root@Fl_Window@@QBEHXZ  00421290 f   fltk:Fl_Window.obj
 0001:000202d0       ?y_root@Fl_Window@@QBEHXZ  004212d0 f   fltk:Fl_Window.obj
 0001:00020310       ?current@Fl_Window@@SAPAV1@XZ 00421310 f   fltk:Fl_Window.obj
 0001:00020320       ?default_callback@Fl_Window@@SAXPAV1@PAX@Z 00421320 f   fltk:Fl_Window.obj
 0001:00020340       ??_EFl_Window@@UAEPAXI@Z   00421340 f i fltk:Fl_Window.obj
 0001:00020340       ??_GFl_Window@@UAEPAXI@Z   00421340 f i fltk:Fl_Window.obj
 0001:00020380       ?as_gl_window@Fl_Widget@@UAEPAVFl_Gl_Window@@XZ 00421380 f i fltk:Fl_Window.obj
 0001:00020390       ?navigation@Fl_Group@@AAEHH@Z 00421390 f   fltk:Fl_Group.obj
 0001:00020550       ?draw@Fl_Group@@MAEXXZ     00421550 f   fltk:Fl_Group.obj
 0001:00020590       ?draw_child@Fl_Group@@IBEXAAVFl_Widget@@@Z 00421590 f   fltk:Fl_Group.obj
 0001:00020640       ?draw_children@Fl_Group@@IAEXXZ 00421640 f   fltk:Fl_Group.obj
 0001:00020820       ?draw_outside_label@Fl_Group@@IBEXABVFl_Widget@@@Z 00421820 f   fltk:Fl_Group.obj
 0001:00020ab0       ?update_child@Fl_Group@@IBEXAAVFl_Widget@@@Z 00421ab0 f   fltk:Fl_Group.obj
 0001:00020b70       ?sizes@Fl_Group@@IAEPAHXZ  00421b70 f   fltk:Fl_Group.obj
 0001:00020eb0       ?handle@Fl_Group@@UAEHH@Z  00421eb0 f   fltk:Fl_Group.obj
 0001:00021870       ?begin@Fl_Group@@QAEXXZ    00422870 f   fltk:Fl_Group.obj
 0001:00021890       ?end@Fl_Group@@QAEXXZ      00422890 f   fltk:Fl_Group.obj
 0001:000218b0       ?current@Fl_Group@@SAPAV1@XZ 004228b0 f   fltk:Fl_Group.obj
 0001:000218c0       ?current@Fl_Group@@SAXPAV1@@Z 004228c0 f   fltk:Fl_Group.obj
 0001:000218d0       ?find@Fl_Group@@QBEHPBVFl_Widget@@@Z 004228d0 f   fltk:Fl_Group.obj
 0001:00021930       ?array@Fl_Group@@QBEPBQAVFl_Widget@@XZ 00422930 f   fltk:Fl_Group.obj
 0001:00021960       ?resize@Fl_Group@@UAEXHHHH@Z 00422960 f   fltk:Fl_Group.obj
 0001:00021d70       ??0Fl_Group@@QAE@HHHHPBD@Z 00422d70 f   fltk:Fl_Group.obj
 0001:00021e20       ??1Fl_Group@@UAE@XZ        00422e20 f   fltk:Fl_Group.obj
 0001:00021e70       ?add@Fl_Group@@QAEXAAVFl_Widget@@@Z 00422e70 f   fltk:Fl_Group.obj
 0001:00021e90       ?insert@Fl_Group@@QAEXAAVFl_Widget@@H@Z 00422e90 f   fltk:Fl_Group.obj
 0001:00022030       ?remove@Fl_Group@@QAEXH@Z  00423030 f   fltk:Fl_Group.obj
 0001:00022130       ?remove@Fl_Group@@QAEXAAVFl_Widget@@@Z 00423130 f   fltk:Fl_Group.obj
 0001:00022170       ?clear@Fl_Group@@QAEXXZ    00423170 f   fltk:Fl_Group.obj
[...]
 0003:00002d8c       ?s_wsock_select@@3P6GHHPAUfd_set@@00PBUtimeval@@@ZA 00489d8c     fltk:Fl.obj
 0003:00002d90       ?fl_wsk_fd_is_set@@3P6GHIPAUfd_set@@@ZA 00489d90     fltk:Fl.obj
 0003:00002dbc       ?s_imm_module@@3PAUHINSTANCE__@@A 00489dbc     fltk:Fl.obj
 0003:00002dc0       ?flImmAssociateContextEx@@3P6GHPAUHWND__@@PAUHIMC__@@K@ZA 00489dc0     fltk:Fl.obj
 0003:00002dc5       ?dnd_flag@@3DA             00489dc5     fltk:Fl.obj
 0003:00002dc8       ?flImmGetContext@@3P6GPAUHIMC__@@PAUHWND__@@@ZA 00489dc8     fltk:Fl.obj
 0003:00002dd0       ?flImmSetCompositionWindow@@3P6GHPAUHIMC__@@PAUtagCOMPOSITIONFORM@@@ZA 00489dd0     fltk:Fl.obj
 0003:00002dd4       ?flImmReleaseContext@@3P6GHPAUHWND__@@PAUHIMC__@@@ZA 00489dd4     fltk:Fl.obj
 0003:00002dd8       ?sys_handlers@@3PAUsystem_handler_link@@A 00489dd8     fltk:Fl.obj
 0003:00002ddc       ?track_mouse_win@@3PAVFl_Window@@A 00489ddc     fltk:Fl.obj
 0003:00002de0       ?maxfd@@3HA                00489de0     fltk:Fl.obj
 0003:00002de4       ?nfds@@3HA                 00489de4     fltk:Fl.obj
 0003:00002de8       ?fd_array_size@@3HA        00489de8     fltk:Fl.obj
 0003:00002e14       ?fd@@3PAUFD@@A             00489e14     fltk:Fl.obj
 0003:00002e74       ?default_big_icon@@3PAUHICON__@@A 00489e74     fltk:Fl.obj
 0003:00002e78       ?default_small_icon@@3PAUHICON__@@A 00489e78     fltk:Fl.obj
 0003:00002e7c       ?win_DC_list@@3PAUWin_DC_List@@A 00489e7c     fltk:Fl.obj
 0003:00002e88       ?num_dwidgets@@3HA         00489e88     fltk:Fl.obj
 0003:00002e8c       ?alloc_dwidgets@@3HA       00489e8c     fltk:Fl.obj
 0003:00002e90       ?dwidgets@@3PAPAVFl_Widget@@A 00489e90     fltk:Fl.obj
 0003:00002e94       ?widget_watch@@3PAPAPAVFl_Widget@@A 00489e94     fltk:Fl.obj
 0003:00002e98       ?num_widget_watch@@3HA     00489e98     fltk:Fl.obj
 0003:00002e9c       ?max_widget_watch@@3HA     00489e9c     fltk:Fl.obj
 0003:00002ea8       ?win32_at_exit@@3VFl_Win32_At_Exit@@A 00489ea8     fltk:Fl.obj
 0003:00002eac       ?fl_gdi_display@@3VFl_Display_Device@@A 00489eac     fltk:Fl.obj
 0003:00002eb8       ?fl_gdi_driver@@3VFl_GDI_Graphics_Driver@@A 00489eb8     fltk:Fl.obj
 0003:000035a0       ?first_check@@3PAUCheck@@A 0048a5a0     fltk:Fl.obj
 0003:000035a4       ?next_check@@3PAUCheck@@A  0048a5a4     fltk:Fl.obj
 0003:000035a8       ?free_check@@3PAUCheck@@A  0048a5a8     fltk:Fl.obj
 0003:000035ac       ?thread_message_@@3PAXA    0048a5ac     fltk:Fl.obj
 0003:000035b0       ?fdsets@@3PAUfd_set@@A     0048a5b0     fltk:Fl.obj
 0003:000038bc       ?win32_timers@@3PAUWin32Timer@@A 0048a8bc     fltk:Fl.obj
 0003:000038c0       ?win32_timer_alloc@@3HA    0048a8c0     fltk:Fl.obj
 0003:000038c4       ?win32_timer_used@@3HA     0048a8c4     fltk:Fl.obj
 0003:000038c8       ?s_TimerWnd@@3PAUHWND__@@A 0048a8c8     fltk:Fl.obj
 0003:000038cc       ?resize_bug_fix@@3PAVFl_Window@@A 0048a8cc     fltk:Fl.obj
 0003:000038d0       ?in_idle@?1??fl_wait@@YAHN@Z@4DA 0048a8d0     fltk:Fl.obj
 0003:000038d1       ?beenHereDoneThat@?1??fl_open_display@@YAXXZ@4DA 0048a8d1     fltk:Fl.obj
 0003:000038d4       ?px@?1??mouse_event@@YAHPAVFl_Window@@HHIJ@Z@4HA 0048a8d4     fltk:Fl.obj
 0003:000038d8       ?py@?1??mouse_event@@YAHPAVFl_Window@@HHIJ@Z@4HA 0048a8d8     fltk:Fl.obj
 0003:000038dc       ?pmx@?1??mouse_event@@YAHPAVFl_Window@@HHIJ@Z@4HA 0048a8dc     fltk:Fl.obj
 0003:000038e0       ?pmy@?1??mouse_event@@YAHPAVFl_Window@@HHIJ@Z@4HA 0048a8e0     fltk:Fl.obj
 0003:000038e8       ?vklut@?1??ms2fltk@@YAHIH@Z@4PAGA 0048a8e8     fltk:Fl.obj
 0003:00003ae8       ?extendedlut@?1??ms2fltk@@YAHIH@Z@4PAGA 0048aae8     fltk:Fl.obj
 0003:00003ce8       ?buffer@?DH@??WndProc@@YGJPAUHWND__@@IIJ@Z@4PADA 0048ace8     fltk:Fl.obj
 0003:000040e8       ?delta@?GG@??WndProc@@YGJPAUHWND__@@IIJ@Z@4HA 0048b0e8     fltk:Fl.obj
 0003:000040ec       ?delta@?GJ@??WndProc@@YGJPAUHWND__@@IIJ@Z@4HA 0048b0ec     fltk:Fl.obj
 0003:000040f0       ?class_name_list@?1??make@Fl_X@@SAPAV2@PAVFl_Window@@@Z@4VNameList@@A 0048b0f0     fltk:Fl.obj
 0003:000040fc       ?$TSS0@?1??make@Fl_X@@SAPAV2@PAVFl_Window@@@Z@4HA 0048b0fc     fltk:Fl.obj
 0003:00004100       ?first_class_name@?1??make@Fl_X@@SAPAV2@PAVFl_Window@@@Z@4PBDB 0048b100     fltk:Fl.obj
 0003:00004104       ?avoidRecursion@@3DA       0048b104     fltk:fl_ask.obj
 0003:0000410c       ?message_form@@3PAVFl_Window@@A 0048b10c     fltk:fl_ask.obj
 0003:00004110       ?message@@3PAVFl_Box@@A    0048b110     fltk:fl_ask.obj
 0003:00004114       ?icon@@3PAVFl_Box@@A       0048b114     fltk:fl_ask.obj
 0003:00004118       ?button@@3PAPAVFl_Button@@A 0048b118     fltk:fl_ask.obj
 0003:00004124       ?input@@3PAVFl_Input@@A    0048b124     fltk:fl_ask.obj
 0003:00004128       ?ret_val@@3HA              0048b128     fltk:fl_ask.obj
 0003:0000412c       ?message_title_default@@3PBDB 0048b12c     fltk:fl_ask.obj
 0003:00004140       ?fc@@3PAVFl_File_Chooser@@A 0048b140     fltk:fl_file_dir.obj
 0003:00004144       ?current_callback@@3P6AXPBD@ZA 0048b144     fltk:fl_file_dir.obj
 0003:00004148       ?current_label@@3PBDB      0048b148     fltk:fl_file_dir.obj
 0003:00004150       ?retname@?1??fl_file_chooser@@YAPADPBD00H@Z@4PADA 0048b150     fltk:fl_file_dir.obj
 0003:00004950       ?retname@?1??fl_dir_chooser@@YAPADPBD0H@Z@4PADA 0048b950     fltk:fl_file_dir.obj
 0003:00005150       ?fl_gmi@@3P6GHPAUHMONITOR__@@PAUtagMONITORINFO@@@ZA 0048c150     fltk:screen_xywh.obj
 0003:00005158       ?screens@@3PAUtagRECT@@A   0048c158     fltk:screen_xywh.obj
 0003:00005258       ?work_area@@3PAUtagRECT@@A 0048c258     fltk:screen_xywh.obj
 0003:00005358       ?dpi@@3PAY01MA             0048c358     fltk:screen_xywh.obj
 0003:00005408       ?main_thread@@3KA          0048c408     fltk:Fl_lock.obj
 0003:00005410       ?measure@@3PAP6AXPBUFl_Label@@AAH1@ZA 0048c410     fltk:fl_labeltype.obj
 0003:00005450       ?obj_queue@@3PAPAVFl_Widget@@A 0048c450     fltk:Fl_Widget.obj
 0003:000054a0       ?obj_head@@3HA             0048c4a0     fltk:Fl_Widget.obj
 0003:000054a4       ?obj_tail@@3HA             0048c4a4     fltk:Fl_Widget.obj
 0003:000054b4       ?window@@3PAVFl_TooltipBox@@A 0048c4b4     fltk:Fl_Tooltip.obj
 0003:000054bc       ?tip@@3PBDB                0048c4bc     fltk:Fl_Tooltip.obj
 0003:000054c0       ?Y@@3HA                    0048c4c0     fltk:Fl_Tooltip.obj
 0003:000054c4       ?H@@3HA                    0048c4c4     fltk:Fl_Tooltip.obj
 0003:000054c8       ?recent_tooltip@@3DA       0048c4c8     fltk:Fl_Tooltip.obj
 0003:000054c9       ?recursion@@3DA            0048c4c9     fltk:Fl_Tooltip.obj
 0003:000054ca       ?beenhere@?1??set_enter_exit_once_@Fl_Tooltip@@CAXXZ@4DA 0048c4ca     fltk:Fl_Tooltip.obj
 0003:000060d8       ?tmppen@@3PAXA             0048d0d8     fltk:fl_color.obj
 0003:000060dc       ?savepen@@3PAUHPEN__@@A    0048d0dc     fltk:fl_color.obj
 0003:000060e0       ?xmap@?1??color@Fl_GDI_Graphics_Driver@@UAEXEEE@Z@4UFl_XMap@@A 0048d0e0     fltk:fl_color.obj
 0003:000060f0       ?brushes@?1??fl_brush_action@@YAPAUHBRUSH__@@H@Z@4PAUFl_Brush@?1??1@YAPAU2@H@Z@A 0048d0f0     fltk:fl_color.obj
 0003:000061b0       ?beenhere@?1??fl_select_palette@@YAPAUHPALETTE__@@XZ@4DA 0048d1b0     fltk:fl_color.obj
 0003:000061b4       ?fl_alpha_blend@@3P6GHPAUHDC__@@HHHH0HHHHUFL_BLENDFUNCTION@@@ZA 0048d1b4     fltk:Fl_Double_Window.obj
 0003:000061b8       ?been_here@?1??fl_can_do_alpha_blending@@YADXZ@4DA 0048d1b8     fltk:Fl_Double_Window.obj
 0003:000061b9       ?can_do@?1??fl_can_do_alpha_blending@@YADXZ@4DA 0048d1b9     fltk:Fl_Double_Window.obj
 0003:0000626c       ?hMod@?1??newUUID@Fl_Preferences@@SAPBDXZ@4PAUHINSTANCE__@@A 0048d26c     fltk:Fl_Preferences.obj
 0003:0000627c       ?fl_angle_@@3HA            0048d27c     fltk:fl_font.obj
 0003:00006280       ?wstr@@3PAGA               0048d280     fltk:fl_font.obj
 0003:00006284       ?wstr_len@@3HA             0048d284     fltk:fl_font.obj
 0003:00006288       ?fl_GetGlyphIndices@@3P6GKPAUHDC__@@PB_WHPAGK@ZA 0048d288     fltk:fl_font.obj
 0003:0000628c       ?have_loaded_GetGlyphIndices@@3HA 0048d28c     fltk:fl_font.obj
 0003:00006290       ?ext_buff@?1??text_extents@Fl_GDI_Graphics_Driver@@UAEXPBDHAAH111@Z@4PAGA 0048d290     fltk:fl_font.obj
 0003:00006294       ?w_buff@?1??text_extents@Fl_GDI_Graphics_Driver@@UAEXPBDHAAH111@Z@4PAGA 0048d294     fltk:fl_font.obj
 0003:00006298       ?wc_len@?1??text_extents@Fl_GDI_Graphics_Driver@@UAEXPBDHAAH111@Z@4IA 0048d298     fltk:fl_font.obj
 0003:000062a8       ?hMod@?1??draw@Fl_GDI_Printer_Graphics_Driver@@UAEXPAVFl_Pixmap@@HHHHHH@Z@4PAUHINSTANCE__@@A 0048d2a8     fltk:Fl_Pixmap.obj
 0003:000062ac       ?fl_TransparentBlt@?1??draw@Fl_GDI_Printer_Graphics_Driver@@UAEXPAVFl_Pixmap@@HHHHHH@Z@4P6GHPAUHDC__@@HHHH1HHHHI@ZA 0048d2ac     fltk:Fl_Pixmap.obj
 0003:000062b0       ?fl_TransparentBlt@?1??draw@Fl_GDI_Printer_Graphics_Driver@@UAEXPAVFl_Bitmap@@HHHHHH@Z@4P6GHPAUHDC__@@HHHH1HHHHI@ZA 0048d2b0     fltk:Fl_Bitmap.obj
 0003:000062b4       ?hMod@?1??draw@Fl_GDI_Printer_Graphics_Driver@@UAEXPAVFl_Bitmap@@HHHHHH@Z@4PAUHINSTANCE__@@A 0048d2b4     fltk:Fl_Bitmap.obj
 0003:000062b8       ?ri@?1??dither@@YAXPAEPBEHH@Z@4HA 0048d2b8     fltk:fl_draw_image.obj
 0003:000062bc       ?gi@?1??dither@@YAXPAEPBEHH@Z@4HA 0048d2bc     fltk:fl_draw_image.obj
 0003:000062c0       ?bi@?1??dither@@YAXPAEPBEHH@Z@4HA 0048d2c0     fltk:fl_draw_image.obj
 0003:000062c4       ?dir@?1??dither@@YAXPAEPBEHH@Z@4HA 0048d2c4     fltk:fl_draw_image.obj
 0003:000062c8       ?ri@?1??monodither@@YAXPAEPBEHH@Z@4HA 0048d2c8     fltk:fl_draw_image.obj
 0003:000062cc       ?dir@?1??monodither@@YAXPAEPBEHH@Z@4HA 0048d2cc     fltk:fl_draw_image.obj
 0003:000062d0       ?bmibuffer@?1??innards@@YAXPBEHHHHHHHP6AXPAXHHHPAE@Z1@Z@4PAIA 0048d2d0     fltk:fl_draw_image.obj
 0003:00006700       ?buffer@?1??innards@@YAXPBEHHHHHHHP6AXPAXHHHPAE@Z1@Z@4PAIA 0048d700     fltk:fl_draw_image.obj
 0003:00006704       ?buffer_size@?1??innards@@YAXPBEHHHHHHHP6AXPAXHHHPAE@Z1@Z@4JA 0048d704     fltk:fl_draw_image.obj
 0003:00006708       ?line_buffer@?1??innards@@YAXPBEHHHHHHHP6AXPAXHHHPAE@Z1@Z@4PAIA 0048d708     fltk:fl_draw_image.obj
 0003:0000670c       ?line_buf_size@?CH@??innards@@YAXPBEHHHHHHHP6AXPAXHHHPAE@Z1@Z@4HA 0048d70c     fltk:fl_draw_image.obj
 0003:00006718       ?fl_bg_set@@3DA            0048d718     fltk:Fl_get_system_colors.obj
 0003:00006719       ?fl_bg2_set@@3DA           0048d719     fltk:Fl_get_system_colors.obj
 0003:0000671a       ?fl_fg_set@@3DA            0048d71a     fltk:Fl_get_system_colors.obj
 0003:00006728       ?tile@@3VFl_Pixmap@@A      0048d728     fltk:Fl_get_system_colors.obj
 0003:00006750       ?e@?1??scheme@Fl@@SAHPBD@Z@4PADA 0048d750     fltk:Fl_get_system_colors.obj
 0003:00006b88       ?mbwbuf@@3PA_WA            0048db88     fltk:fl_utf8.obj
 0003:00006b90       ?buf@@3PADA                0048db90     fltk:fl_utf8.obj
 0003:00006b94       ?buf_len@@3HA              0048db94     fltk:fl_utf8.obj
 0003:00006b98       ?wbufa@@3PAGA              0048db98     fltk:fl_utf8.obj
 0003:00006b9c       ?wbuf@@3PA_WA              0048db9c     fltk:fl_utf8.obj
 0003:00006ba0       ?wbuf1@@3PA_WA             0048dba0     fltk:fl_utf8.obj
 0003:00006ba4       ?table@?1??Toupper@@YAHH@Z@4PAGA 0048dba4     fltk:fl_utf8.obj
 0003:00006ba8       ?buf@?1??fl_utf2mbcs@@9@4PADA 0048dba8     fltk:fl_utf8.obj
 0003:00006bac       ?buf@?1??fl_getenv@@9@4PADA 0048dbac     fltk:fl_utf8.obj
 0003:00006bb0       ?wbuf@?1??fl_getcwd@@9@4PA_WA 0048dbb0     fltk:fl_utf8.obj
 0003:00006bb4       ?buf@?1??fl_shortcut_label@@YAPBDIPAPBD@Z@4PADA 0048dbb4     fltk:fl_shortcut.obj
 0003:00006bec       ?l_secret@@3HA             0048dbec     fltk:Fl_Input_.obj
 0003:00006bf0       ?undobuffer@@3PADA         0048dbf0     fltk:Fl_Input_.obj
 0003:00006bf4       ?undobufferlength@@3HA     0048dbf4     fltk:Fl_Input_.obj
 0003:00006bf8       ?undowidget@@3PAVFl_Input_@@A 0048dbf8     fltk:Fl_Input_.obj
 0003:00006bfc       ?undoat@@3HA               0048dbfc     fltk:Fl_Input_.obj
 0003:00006c00       ?undocut@@3HA              0048dc00     fltk:Fl_Input_.obj
 0003:00006c04       ?undoinsert@@3HA           0048dc04     fltk:Fl_Input_.obj
 0003:00006c08       ?yankcut@@3HA              0048dc08     fltk:Fl_Input_.obj
 0003:00006c0c       ?legal_fp_chars@@3PBDB     0048dc0c     fltk:Fl_Input.obj
 0003:00006c10       ?dnd_save_position@?1??handle@Fl_Input@@UAEHH@Z@4HA 0048dc10     fltk:Fl_Input.obj
 0003:00006c14       ?dnd_save_mark@?1??handle@Fl_Input@@UAEHH@Z@4HA 0048dc14     fltk:Fl_Input.obj
 0003:00006c18       ?newpos@?1??handle@Fl_Input@@UAEHH@Z@4HA 0048dc18     fltk:Fl_Input.obj
 0003:00006c1c       ?dnd_save_focus@?1??handle@Fl_Input@@UAEHH@Z@4PAVFl_Widget@@A 0048dc1c     fltk:Fl_Input.obj
 0003:00006c24       ?underline_at@@3PADA       0048dc24     fltk:fl_draw.obj
 0003:00006c28       ?local_buf@?1??expand_text_@@YAPBDPBDAAPADHNAAHAANHH@Z@4PADA 0048dc28     fltk:fl_draw.obj
 0003:00006c2c       ?$TSS0@?1??expand_text_@@YAPBDPBDAAPADHNAAHAANHH@Z@4HA 0048dc2c     fltk:fl_draw.obj
 0003:00006c34       ?pressed_menu_button_@@3PAVFl_Menu_Button@@A 0048dc34     fltk:Fl_Menu_Button.obj
 0003:00006c38       ?p@@3PAUmenustate@@A       0048dc38     fltk:Fl_Menu.obj
 0003:00006c3c       ?button@@3PBVFl_Menu_@@B   0048dc3c     fltk:Fl_Menu.obj
 0003:00006c40       ?dummy@?1??popup@Fl_Menu_Item@@QBEPBU2@HHPBDPBU2@PBVFl_Menu_@@@Z@4U2@A 0048dc40     fltk:Fl_Menu.obj
 0003:00006c64       ?local_array@@3PAUFl_Menu_Item@@A 0048dc64     fltk:Fl_Menu_add.obj
 0003:00006c68       ?local_array_alloc@@3HA    0048dc68     fltk:Fl_Menu_add.obj
 0003:00006c6c       ?local_array_size@@3HA     0048dc6c     fltk:Fl_Menu_add.obj
 0003:00006c70       ?offcenter@?9??handle@Fl_Slider@@IAEHHHHHH@Z@4HA 0048dc70     fltk:Fl_Slider.obj
 0003:00006c74       ?image_new@@3VFl_Bitmap@@A 0048dc74     fltk:Fl_File_Chooser.obj
 0003:00006ca8       ?pathname@?1??value@Fl_File_Chooser@@QAEPBDH@Z@4PADA 0048dca8     fltk:Fl_File_Chooser2.obj
 0003:000074b0       ?ncolors@@3HA              0048e4b0     fltk:fl_draw_pixmap.obj
 0003:000074b4       ?chars_per_pixel@@3HA      0048e4b4     fltk:fl_draw_pixmap.obj
 0003:000074b8       ?color_count@@3HA          0048e4b8     fltk:fl_draw_pixmap.obj
 0003:000074bc       ?used_colors@@3PAUUsedColor@@A 0048e4bc     fltk:fl_draw_pixmap.obj
 0003:000074c0       ?table@?1??XUtf8Toupper@@9@9 0048e4c0     fltk:case.obj
 0003:000074c8       ?symbols@@3PAUSYMBOL@@A    0048e4c8     fltk:fl_symbols.obj
 0003:00007eac       ?beenhere@?1??fl_init_symbols@@YAXXZ@4DA 0048eeac     fltk:fl_symbols.obj
 0003:00007eb0       ?cursor@?1??set_cursor@@YAXPAVFl_Tile@@W4Fl_Cursor@@@Z@4W43@A 0048eeb0     fltk:Fl_Tile.obj
 0003:00007eb4       ?sdrag@?1??handle@Fl_Tile@@UAEHH@Z@4HA 0048eeb4     fltk:Fl_Tile.obj
 0003:00007eb8       ?sdx@?1??handle@Fl_Tile@@UAEHH@Z@4HA 0048eeb8     fltk:Fl_Tile.obj
 0003:00007ebc       ?sdy@?1??handle@Fl_Tile@@UAEHH@Z@4HA 0048eebc     fltk:Fl_Tile.obj
 0003:00007ec0       ?sx@?1??handle@Fl_Tile@@UAEHH@Z@4HA 0048eec0     fltk:Fl_Tile.obj
 0003:00007ec4       ?sy@?1??handle@Fl_Tile@@UAEHH@Z@4HA 0048eec4     fltk:Fl_Tile.obj
 0003:00007ec8       ?change@?1??handle@Fl_Browser_@@UAEHH@Z@4DA 0048eec8     fltk:Fl_Browser_.obj
 0003:00007ec9       ?whichway@?1??handle@Fl_Browser_@@UAEHH@Z@4DA 0048eec9     fltk:Fl_Browser_.obj
 0003:00007ecc       ?py@?1??handle@Fl_Browser_@@UAEHH@Z@4HA 0048eecc     fltk:Fl_Browser_.obj
 0003:00007ed0       ?inButtonBar@?1??handle@Fl_File_Input@@UAEHH@Z@4DA 0048eed0     fltk:Fl_File_Input.obj
 0003:00007ef0       ?SWAP_TYPE@@3DA            0048eef0     fltkgl:Fl_Gl_Window.obj
 0003:00007ef8       ?ortho_context@?DG@??flush@Fl_Gl_Window@@UAEXXZ@4PAUHGLRC__@@A 0048eef8     fltkgl:Fl_Gl_Window.obj
 0003:00007efc       ?ortho_window@?DG@??flush@Fl_Gl_Window@@UAEXXZ@4PAV2@A 0048eefc     fltkgl:Fl_Gl_Window.obj
 0003:00007f00       ?context_list@@3PAPAUHGLRC__@@A 0048ef00     fltkgl:Fl_Gl_Choice.obj
 0003:00007f04       ?nContext@@3HA             0048ef04     fltkgl:Fl_Gl_Choice.obj
 0003:00007f08       ?NContext@@3HA             0048ef08     fltkgl:Fl_Gl_Choice.obj
 0003:00007f0c       ?first@@3PAVFl_Gl_Choice@@A 0048ef0c     fltkgl:Fl_Gl_Choice.obj
 0003:00007f10       ?cached_context@@3PAUHGLRC__@@A 0048ef10     fltkgl:Fl_Gl_Choice.obj
 0003:00007f14       ?cached_window@@3PAVFl_Window@@A 0048ef14     fltkgl:Fl_Gl_Choice.obj
 0003:00007f1c       ?Gl_Device_Plugin@@3VFl_Gl_Device_Plugin@@A 0048ef1c     fltkgl:Fl_Gl_Device_Plugin.obj
 0003:00007f24       ?gl_fontsize@@3PAVFl_Font_Descriptor@@A 0048ef24     fltkgl:gl_draw.obj
 0003:00007f28       ?buf@?1??gl_draw@@YAXPBDH@Z@4PA_WA 0048ef28     fltkgl:gl_draw.obj
 0003:00007f2c       ?l@?1??gl_draw@@YAXPBDH@Z@4HA 0048ef2c     fltkgl:gl_draw.obj
 0003:00007f30       _GS_ExceptionRecord        0048ef30     MSVCRT:gs_report.obj
 0003:00007f80       _GS_ContextRecord          0048ef80     MSVCRT:gs_report.obj
 0003:00008254       ?module_local_atexit_table@@3U_onexit_table_t@@A 0048f254     MSVCRT:utility.obj
 0003:00008260       ?module_local_at_quick_exit_table@@3U_onexit_table_t@@A 0048f260     MSVCRT:utility.obj
 0003:0000826c       ?is_initialized_as_dll@@3_NA 0048f26c     MSVCRT:utility.obj
 0003:00008270       ?_Tss_mutex@@3U_RTL_CRITICAL_SECTION@@A 0048f270     MSVCRT:thread_safe_statics.obj
 0003:00008288       ?_Tss_cv@@3U_RTL_CONDITION_VARIABLE@@A 0048f288     MSVCRT:thread_safe_statics.obj
 0003:0000828c       ?_Tss_event@@3PAXA         0048f28c     MSVCRT:thread_safe_statics.obj
 0003:00008290       ?encoded_sleep_condition_variable_cs@@3P6GHPAU_RTL_CONDITION_VARIABLE@@PAU_RTL_CRITICAL_SECTION@@K@ZA 0048f290     MSVCRT:thread_safe_statics.obj
 0003:00008294       ?encoded_wake_all_condition_variable@@3P6GXPAU_RTL_CONDITION_VARIABLE@@@ZA 0048f294     MSVCRT:thread_safe_statics.obj
 0003:000082b4       ?_Fac_head@std@@3PAU_Fac_node@1@A 0048f2b4     msvcprt:locale0_implib.obj
 0003:000082b8       ?_Fac_tidy_reg@std@@3U_Fac_tidy_reg_t@1@B 0048f2b8     msvcprt:locale0_implib.obj
 0003:000082bc       ?mbwbuf@?1??mbcs2utf@@9@9  0048f2bc     fltk:fl_call_main.obj
 0004:00000000       __guard_fids__             00490000     MSVCRT:std_type_info_static.obj
 0004:00000004       __guard_fids__             00490004     MSVCRT:exe_winmain.obj
 0004:00000008       __guard_fids__             00490008     MSVCRT:exe_winmain.obj
 0004:0000000c       __guard_fids__             0049000c     MSVCRT:exe_winmain.obj
 0004:00000010       __guard_fids_?pre_c_initialization@@YAHXZ 00490010     MSVCRT:exe_winmain.obj
 0004:00000018       __guard_fids__             00490018     MSVCRT:thread_safe_statics.obj
 0004:0000001c       __guard_fids_?__scrt_initialize_thread_safe_statics@@YAHXZ 0049001c     MSVCRT:thread_safe_statics.obj
 0004:00000020       __guard_fids__             00490020     MSVCRT:throw_bad_alloc.obj
 0004:00000028       __guard_fids__             00490028     MSVCRT:throw_bad_alloc.obj
 0004:00000030       __guard_fids__             00490030     MSVCRT:throw_bad_alloc.obj
 0004:00000034       __guard_fids__             00490034     MSVCRT:throw_bad_alloc.obj
 0004:00000038       __guard_fids__             00490038     MSVCRT:throw_bad_alloc.obj
 0004:0000003c       __guard_fids__             0049003c     MSVCRT:throw_bad_alloc.obj
 0004:00000040       __guard_fids____scrt_set_unhandled_exception_filter 00490040     MSVCRT:utility_desktop.obj
 0004:00000044       __guard_fids___except_handler4 00490044     MSVCRT:_chandler4gs_.obj
 0004:00000048       __guard_fids__             00490048     MSVCRT:guard_support.obj
 0004:0000004c       __guard_fids___guard_icall_checks_enforced 0049004c     MSVCRT:guard_support.obj
 0004:00000050       __guard_fids_??__E_Fac_tidy_reg@std@@YAXXZ 00490050     msvcprt:locale0_implib.obj
 0004:00000054       __guard_fids__             00490054     msvcprt:locale0_implib.obj
 0006:00000060       $R000000                   00492060     * linker generated manifest res *
